Archive member included to satisfy reference by file (symbol)

e:/siliconlabs/simplicitystudio/v5/developer/toolchains/gnu_arm/12.2.rel1_2023.7/bin/../lib/gcc/arm-none-eabi/12.2.1/thumb/v7e-m+fp/softfp\libc_nano.a(libc_a-calloc.o)
                              ./gecko_sdk_4.4.4/util/silicon_labs/silabs_core/memory_manager/sl_malloc.o (calloc)
e:/siliconlabs/simplicitystudio/v5/developer/toolchains/gnu_arm/12.2.rel1_2023.7/bin/../lib/gcc/arm-none-eabi/12.2.1/thumb/v7e-m+fp/softfp\libc_nano.a(libc_a-callocr.o)
                              e:/siliconlabs/simplicitystudio/v5/developer/toolchains/gnu_arm/12.2.rel1_2023.7/bin/../lib/gcc/arm-none-eabi/12.2.1/thumb/v7e-m+fp/softfp\libc_nano.a(libc_a-calloc.o) (_calloc_r)
e:/siliconlabs/simplicitystudio/v5/developer/toolchains/gnu_arm/12.2.rel1_2023.7/bin/../lib/gcc/arm-none-eabi/12.2.1/thumb/v7e-m+fp/softfp\libc_nano.a(libc_a-exit.o)
                              e:/siliconlabs/simplicitystudio/v5/developer/toolchains/gnu_arm/12.2.rel1_2023.7/bin/../lib/gcc/arm-none-eabi/12.2.1/thumb/v7e-m+fp/softfp/crt0.o (exit)
e:/siliconlabs/simplicitystudio/v5/developer/toolchains/gnu_arm/12.2.rel1_2023.7/bin/../lib/gcc/arm-none-eabi/12.2.1/thumb/v7e-m+fp/softfp\libc_nano.a(libc_a-malloc.o)
                              ./gecko_sdk_4.4.4/util/silicon_labs/silabs_core/memory_manager/sl_malloc.o (malloc)
e:/siliconlabs/simplicitystudio/v5/developer/toolchains/gnu_arm/12.2.rel1_2023.7/bin/../lib/gcc/arm-none-eabi/12.2.1/thumb/v7e-m+fp/softfp\libc_nano.a(libc_a-mallocr.o)
                              e:/siliconlabs/simplicitystudio/v5/developer/toolchains/gnu_arm/12.2.rel1_2023.7/bin/../lib/gcc/arm-none-eabi/12.2.1/thumb/v7e-m+fp/softfp\libc_nano.a(libc_a-callocr.o) (_malloc_r)
e:/siliconlabs/simplicitystudio/v5/developer/toolchains/gnu_arm/12.2.rel1_2023.7/bin/../lib/gcc/arm-none-eabi/12.2.1/thumb/v7e-m+fp/softfp\libc_nano.a(libc_a-mlock.o)
                              e:/siliconlabs/simplicitystudio/v5/developer/toolchains/gnu_arm/12.2.rel1_2023.7/bin/../lib/gcc/arm-none-eabi/12.2.1/thumb/v7e-m+fp/softfp\libc_nano.a(libc_a-mallocr.o) (__malloc_lock)
e:/siliconlabs/simplicitystudio/v5/developer/toolchains/gnu_arm/12.2.rel1_2023.7/bin/../lib/gcc/arm-none-eabi/12.2.1/thumb/v7e-m+fp/softfp\libc_nano.a(libc_a-realloc.o)
                              ./gecko_sdk_4.4.4/util/silicon_labs/silabs_core/memory_manager/sl_malloc.o (realloc)
e:/siliconlabs/simplicitystudio/v5/developer/toolchains/gnu_arm/12.2.rel1_2023.7/bin/../lib/gcc/arm-none-eabi/12.2.1/thumb/v7e-m+fp/softfp\libc_nano.a(libc_a-reallocr.o)
                              e:/siliconlabs/simplicitystudio/v5/developer/toolchains/gnu_arm/12.2.rel1_2023.7/bin/../lib/gcc/arm-none-eabi/12.2.1/thumb/v7e-m+fp/softfp\libc_nano.a(libc_a-realloc.o) (_realloc_r)
e:/siliconlabs/simplicitystudio/v5/developer/toolchains/gnu_arm/12.2.rel1_2023.7/bin/../lib/gcc/arm-none-eabi/12.2.1/thumb/v7e-m+fp/softfp\libc_nano.a(libc_a-ctype_.o)
                              ./gecko_sdk_4.4.4/platform/common/src/sl_string.o (_ctype_)
e:/siliconlabs/simplicitystudio/v5/developer/toolchains/gnu_arm/12.2.rel1_2023.7/bin/../lib/gcc/arm-none-eabi/12.2.1/thumb/v7e-m+fp/softfp\libc_nano.a(libc_a-findfp.o)
                              e:/siliconlabs/simplicitystudio/v5/developer/toolchains/gnu_arm/12.2.rel1_2023.7/bin/../lib/gcc/arm-none-eabi/12.2.1/thumb/v7e-m+fp/softfp\libc_nano.a(libc_a-exit.o) (__stdio_exit_handler)
e:/siliconlabs/simplicitystudio/v5/developer/toolchains/gnu_arm/12.2.rel1_2023.7/bin/../lib/gcc/arm-none-eabi/12.2.1/thumb/v7e-m+fp/softfp\libc_nano.a(libc_a-fwalk.o)
                              e:/siliconlabs/simplicitystudio/v5/developer/toolchains/gnu_arm/12.2.rel1_2023.7/bin/../lib/gcc/arm-none-eabi/12.2.1/thumb/v7e-m+fp/softfp\libc_nano.a(libc_a-findfp.o) (_fwalk_sglue)
e:/siliconlabs/simplicitystudio/v5/developer/toolchains/gnu_arm/12.2.rel1_2023.7/bin/../lib/gcc/arm-none-eabi/12.2.1/thumb/v7e-m+fp/softfp\libc_nano.a(libc_a-stdio.o)
                              e:/siliconlabs/simplicitystudio/v5/developer/toolchains/gnu_arm/12.2.rel1_2023.7/bin/../lib/gcc/arm-none-eabi/12.2.1/thumb/v7e-m+fp/softfp\libc_nano.a(libc_a-findfp.o) (__sread)
e:/siliconlabs/simplicitystudio/v5/developer/toolchains/gnu_arm/12.2.rel1_2023.7/bin/../lib/gcc/arm-none-eabi/12.2.1/thumb/v7e-m+fp/softfp\libc_nano.a(libc_a-memset.o)
                              e:/siliconlabs/simplicitystudio/v5/developer/toolchains/gnu_arm/12.2.rel1_2023.7/bin/../lib/gcc/arm-none-eabi/12.2.1/thumb/v7e-m+fp/softfp/crt0.o (memset)
e:/siliconlabs/simplicitystudio/v5/developer/toolchains/gnu_arm/12.2.rel1_2023.7/bin/../lib/gcc/arm-none-eabi/12.2.1/thumb/v7e-m+fp/softfp\libc_nano.a(libc_a-strtok.o)
                              ./autogen/sl_usbd_class_vendor_instances.o (strtok)
e:/siliconlabs/simplicitystudio/v5/developer/toolchains/gnu_arm/12.2.rel1_2023.7/bin/../lib/gcc/arm-none-eabi/12.2.1/thumb/v7e-m+fp/softfp\libc_nano.a(libc_a-strtok_r.o)
[...]
Memory Configuration

Name             Origin             Length             Attributes
FLASH            0x00000000         0x00200000         xr
RAM              0x20000000         0x00080000         xrw
*default*        0x00000000         0xffffffff

Linker script and memory map

LOAD e:/siliconlabs/simplicitystudio/v5/developer/toolchains/gnu_arm/12.2.rel1_2023.7/bin/../lib/gcc/arm-none-eabi/12.2.1/thumb/v7e-m+fp/softfp/crti.o
LOAD e:/siliconlabs/simplicitystudio/v5/developer/toolchains/gnu_arm/12.2.rel1_2023.7/bin/../lib/gcc/arm-none-eabi/12.2.1/thumb/v7e-m+fp/softfp/crtbegin.o
LOAD e:/siliconlabs/simplicitystudio/v5/developer/toolchains/gnu_arm/12.2.rel1_2023.7/bin/../lib/gcc/arm-none-eabi/12.2.1/thumb/v7e-m+fp/softfp/crt0.o
START GROUP
LOAD ./app.o
LOAD ./main.o
LOAD ./usb_composite_app.o
LOAD ./autogen/sl_board_default_init.o
LOAD ./autogen/sl_device_init_clocks.o
LOAD ./autogen/sl_event_handler.o
LOAD ./autogen/sl_usbd_class_vendor_instances.o
LOAD ./autogen/sl_usbd_configuration_instances.o
LOAD ./autogen/sl_usbd_init.o
LOAD ./gecko_sdk_4.4.4/hardware/board/src/sl_board_control_gpio.o
LOAD ./gecko_sdk_4.4.4/hardware/board/src/sl_board_init.o
LOAD ./gecko_sdk_4.4.4/platform/CMSIS/RTOS2/Source/os_systick.o
LOAD ./gecko_sdk_4.4.4/platform/Device/SiliconLabs/EFM32GG11B/Source/startup_efm32gg11b.o
LOAD ./gecko_sdk_4.4.4/platform/Device/SiliconLabs/EFM32GG11B/Source/system_efm32gg11b.o
LOAD ./gecko_sdk_4.4.4/platform/common/src/sl_assert.o
LOAD ./gecko_sdk_4.4.4/platform/common/src/sl_string.o
LOAD ./gecko_sdk_4.4.4/platform/common/src/sl_syscalls.o
LOAD ./gecko_sdk_4.4.4/platform/common/toolchain/src/sl_memory.o
LOAD ./gecko_sdk_4.4.4/platform/emlib/src/em_cmu.o
LOAD ./gecko_sdk_4.4.4/platform/emlib/src/em_core.o
LOAD ./gecko_sdk_4.4.4/platform/emlib/src/em_emu.o
LOAD ./gecko_sdk_4.4.4/platform/emlib/src/em_gpio.o
LOAD ./gecko_sdk_4.4.4/platform/emlib/src/em_msc.o
LOAD ./gecko_sdk_4.4.4/platform/emlib/src/em_system.o
LOAD ./gecko_sdk_4.4.4/platform/service/device_init/src/sl_device_init_dcdc_s1.o
LOAD ./gecko_sdk_4.4.4/platform/service/device_init/src/sl_device_init_emu_s1.o
LOAD ./gecko_sdk_4.4.4/platform/service/device_init/src/sl_device_init_hfxo_s1.o
LOAD ./gecko_sdk_4.4.4/platform/service/device_init/src/sl_device_init_lfxo_s1.o
LOAD ./gecko_sdk_4.4.4/platform/service/device_init/src/sl_device_init_nvic.o
LOAD ./gecko_sdk_4.4.4/platform/service/system/src/sl_system_init.o
LOAD ./gecko_sdk_4.4.4/platform/service/system/src/sl_system_kernel.o
LOAD ./gecko_sdk_4.4.4/platform/service/udelay/src/sl_udelay.o
LOAD ./gecko_sdk_4.4.4/platform/service/udelay/src/sl_udelay_armv6m_gcc.o
LOAD ./gecko_sdk_4.4.4/protocol/usb/src/sl_usbd_class_vendor.o
LOAD ./gecko_sdk_4.4.4/protocol/usb/src/sl_usbd_core.o
LOAD ./gecko_sdk_4.4.4/protocol/usb/src/sl_usbd_core_ep.o
LOAD ./gecko_sdk_4.4.4/protocol/usb/src/sl_usbd_core_os.o
LOAD ./gecko_sdk_4.4.4/protocol/usb/src/sl_usbd_driver_dwc_otg_fs.o
LOAD ./gecko_sdk_4.4.4/util/silicon_labs/silabs_core/memory_manager/sl_malloc.o
LOAD ./gecko_sdk_4.4.4/util/third_party/freertos/cmsis/Source/cmsis_os2.o
LOAD ./gecko_sdk_4.4.4/util/third_party/freertos/kernel/croutine.o
LOAD ./gecko_sdk_4.4.4/util/third_party/freertos/kernel/event_groups.o
LOAD ./gecko_sdk_4.4.4/util/third_party/freertos/kernel/list.o
LOAD ./gecko_sdk_4.4.4/util/third_party/freertos/kernel/queue.o
LOAD ./gecko_sdk_4.4.4/util/third_party/freertos/kernel/stream_buffer.o
LOAD ./gecko_sdk_4.4.4/util/third_party/freertos/kernel/tasks.o
LOAD ./gecko_sdk_4.4.4/util/third_party/freertos/kernel/timers.o
LOAD ./gecko_sdk_4.4.4/util/third_party/freertos/kernel/portable/GCC/ARM_CM4F/port.o
LOAD ./gecko_sdk_4.4.4/util/third_party/freertos/kernel/portable/MemMang/heap_4.o
LOAD e:/siliconlabs/simplicitystudio/v5/developer/toolchains/gnu_arm/12.2.rel1_2023.7/bin/../lib/gcc/arm-none-eabi/12.2.1/thumb/v7e-m+fp/softfp\libgcc.a
LOAD e:/siliconlabs/simplicitystudio/v5/developer/toolchains/gnu_arm/12.2.rel1_2023.7/bin/../lib/gcc/arm-none-eabi/12.2.1/thumb/v7e-m+fp/softfp\libc_nano.a
LOAD e:/siliconlabs/simplicitystudio/v5/developer/toolchains/gnu_arm/12.2.rel1_2023.7/bin/../lib/gcc/arm-none-eabi/12.2.1/thumb/v7e-m+fp/softfp\libm.a
LOAD e:/siliconlabs/simplicitystudio/v5/developer/toolchains/gnu_arm/12.2.rel1_2023.7/bin/../lib/gcc/arm-none-eabi/12.2.1/thumb/v7e-m+fp/softfp\libnosys.a
END GROUP
START GROUP
LOAD e:/siliconlabs/simplicitystudio/v5/developer/toolchains/gnu_arm/12.2.rel1_2023.7/bin/../lib/gcc/arm-none-eabi/12.2.1/thumb/v7e-m+fp/softfp\libgcc.a
LOAD e:/siliconlabs/simplicitystudio/v5/developer/toolchains/gnu_arm/12.2.rel1_2023.7/bin/../lib/gcc/arm-none-eabi/12.2.1/thumb/v7e-m+fp/softfp\libc_nano.a
LOAD e:/siliconlabs/simplicitystudio/v5/developer/toolchains/gnu_arm/12.2.rel1_2023.7/bin/../lib/gcc/arm-none-eabi/12.2.1/thumb/v7e-m+fp/softfp\libnosys.a
END GROUP
START GROUP
LOAD e:/siliconlabs/simplicitystudio/v5/developer/toolchains/gnu_arm/12.2.rel1_2023.7/bin/../lib/gcc/arm-none-eabi/12.2.1/thumb/v7e-m+fp/softfp\libgcc.a
LOAD e:/siliconlabs/simplicitystudio/v5/developer/toolchains/gnu_arm/12.2.rel1_2023.7/bin/../lib/gcc/arm-none-eabi/12.2.1/thumb/v7e-m+fp/softfp\libg_nano.a
LOAD e:/siliconlabs/simplicitystudio/v5/developer/toolchains/gnu_arm/12.2.rel1_2023.7/bin/../lib/gcc/arm-none-eabi/12.2.1/thumb/v7e-m+fp/softfp\libc_nano.a
END GROUP
START GROUP
LOAD e:/siliconlabs/simplicitystudio/v5/developer/toolchains/gnu_arm/12.2.rel1_2023.7/bin/../lib/gcc/arm-none-eabi/12.2.1/thumb/v7e-m+fp/softfp\libgcc.a
LOAD e:/siliconlabs/simplicitystudio/v5/developer/toolchains/gnu_arm/12.2.rel1_2023.7/bin/../lib/gcc/arm-none-eabi/12.2.1/thumb/v7e-m+fp/softfp\libc_nano.a
END GROUP
LOAD e:/siliconlabs/simplicitystudio/v5/developer/toolchains/gnu_arm/12.2.rel1_2023.7/bin/../lib/gcc/arm-none-eabi/12.2.1/thumb/v7e-m+fp/softfp/crtend.o
LOAD e:/siliconlabs/simplicitystudio/v5/developer/toolchains/gnu_arm/12.2.rel1_2023.7/bin/../lib/gcc/arm-none-eabi/12.2.1/thumb/v7e-m+fp/softfp/crtn.o

.text           0x00000000     0x9594
                0x00000000                linker_vectors_begin = .
 *(.vectors)
 .vectors       0x00000000      0x158 ./gecko_sdk_4.4.4/platform/Device/SiliconLabs/EFM32GG11B/Source/startup_efm32gg11b.o
                0x00000000                __Vectors
                0x00000158                linker_vectors_end = .
                0x00000158                __Vectors_End = .
                0x00000158                __Vectors_Size = (__Vectors_End - __Vectors)
                0x00000158                linker_code_begin = .
 *(SORT_BY_ALIGNMENT(.text*))
 *fill*         0x00000158        0x8 
 .text.SVC_Handler
                0x00000160       0x24 ./gecko_sdk_4.4.4/util/third_party/freertos/kernel/portable/GCC/ARM_CM4F/port.o
                0x00000160                SVC_Handler
 *fill*         0x00000184        0xc 
 .text.PendSV_Handler
                0x00000190       0x64 ./gecko_sdk_4.4.4/util/third_party/freertos/kernel/portable/GCC/ARM_CM4F/port.o
                0x00000190                PendSV_Handler
 *fill*         0x000001f4        0xc 
 .text          0x00000200       0xa0 e:/siliconlabs/simplicitystudio/v5/developer/toolchains/gnu_arm/12.2.rel1_2023.7/bin/../lib/gcc/arm-none-eabi/12.2.1/thumb/v7e-m+fp/softfp\libc_nano.a(libc_a-memchr.o)
                0x00000200                memchr
 .text.deregister_tm_clones
                0x000002a0       0x1c e:/siliconlabs/simplicitystudio/v5/developer/toolchains/gnu_arm/12.2.rel1_2023.7/bin/../lib/gcc/arm-none-eabi/12.2.1/thumb/v7e-m+fp/softfp/crtbegin.o
 .text.register_tm_clones
                0x000002bc       0x24 e:/siliconlabs/simplicitystudio/v5/developer/toolchains/gnu_arm/12.2.rel1_2023.7/bin/../lib/gcc/arm-none-eabi/12.2.1/thumb/v7e-m+fp/softfp/crtbegin.o
 .text.__do_global_dtors_aux
                0x000002e0       0x28 e:/siliconlabs/simplicitystudio/v5/developer/toolchains/gnu_arm/12.2.rel1_2023.7/bin/../lib/gcc/arm-none-eabi/12.2.1/thumb/v7e-m+fp/softfp/crtbegin.o
 .text.frame_dummy
                0x00000308       0x24 e:/siliconlabs/simplicitystudio/v5/developer/toolchains/gnu_arm/12.2.rel1_2023.7/bin/../lib/gcc/arm-none-eabi/12.2.1/thumb/v7e-m+fp/softfp/crtbegin.o
 .text          0x0000032c       0x7c e:/siliconlabs/simplicitystudio/v5/developer/toolchains/gnu_arm/12.2.rel1_2023.7/bin/../lib/gcc/arm-none-eabi/12.2.1/thumb/v7e-m+fp/softfp/crt0.o
                0x0000032c                _stack_init
                0x00000334                _start
                0x00000334                _mainCRTStartup
 .text.sl_device_init_clocks
                0x000003a8       0x58 ./autogen/sl_device_init_clocks.o
                0x000003a8                sl_device_init_clocks
 .text.sl_platform_init
                0x00000400       0x88 ./autogen/sl_event_handler.o
                0x00000400                sl_platform_init
 .text.sli_usbd_vendor_winusb_init
                0x00000488       0xcc ./autogen/sl_usbd_class_vendor_instances.o
                0x00000488                sli_usbd_vendor_winusb_init
 .text.sli_usbd_configuration_config0_init
                0x00000554       0x30 ./autogen/sl_usbd_configuration_instances.o
                0x00000554                sli_usbd_configuration_config0_init
 .text.sl_board_init
                0x00000584       0x18 ./gecko_sdk_4.4.4/hardware/board/src/sl_board_init.o
                0x00000584                sl_board_init
 .text.sl_board_preinit
                0x0000059c        0xc ./gecko_sdk_4.4.4/hardware/board/src/sl_board_init.o
                0x0000059c                sl_board_preinit
 .text.Reset_Handler
                0x000005a8       0x60 ./gecko_sdk_4.4.4/platform/Device/SiliconLabs/EFM32GG11B/Source/startup_efm32gg11b.o
                0x000005a8                Reset_Handler
 .text.SystemMaxCoreClockGet
                0x00000608        0x8 ./gecko_sdk_4.4.4/platform/Device/SiliconLabs/EFM32GG11B/Source/system_efm32gg11b.o
                0x00000608                SystemMaxCoreClockGet
 .text.SystemHFClockGet
                0x00000610       0x74 ./gecko_sdk_4.4.4/platform/Device/SiliconLabs/EFM32GG11B/Source/system_efm32gg11b.o
                0x00000610                SystemHFClockGet
 .text.SystemCoreClockGet
                0x00000684       0x24 ./gecko_sdk_4.4.4/platform/Device/SiliconLabs/EFM32GG11B/Source/system_efm32gg11b.o
                0x00000684                SystemCoreClockGet
 .text.SystemHFXOClockGet
                0x000006a8        0xc ./gecko_sdk_4.4.4/platform/Device/SiliconLabs/EFM32GG11B/Source/system_efm32gg11b.o
                0x000006a8                SystemHFXOClockGet
 .text.SystemHFXOClockSet
                0x000006b4       0x20 ./gecko_sdk_4.4.4/platform/Device/SiliconLabs/EFM32GG11B/Source/system_efm32gg11b.o
                0x000006b4                SystemHFXOClockSet
 .text.SystemInit
                0x000006d4       0x1c ./gecko_sdk_4.4.4/platform/Device/SiliconLabs/EFM32GG11B/Source/system_efm32gg11b.o
                0x000006d4                SystemInit
 .text.SystemLFXOClockGet
                0x000006f0        0xc ./gecko_sdk_4.4.4/platform/Device/SiliconLabs/EFM32GG11B/Source/system_efm32gg11b.o
                0x000006f0                SystemLFXOClockGet
 .text._sbrk    0x000006fc       0x20 ./gecko_sdk_4.4.4/platform/common/toolchain/src/sl_memory.o
                0x000006fc                _sbrk
 .text.setHfLeConfig
                0x0000071c       0x44 ./gecko_sdk_4.4.4/platform/emlib/src/em_cmu.o
 .text.flashWaitStateControl
                0x00000760       0x54 ./gecko_sdk_4.4.4/platform/emlib/src/em_cmu.o
 .text.EMU_VScaleWait
                0x000007b4       0x1c ./gecko_sdk_4.4.4/platform/emlib/src/em_cmu.o
 .text.EMU_VScaleGet
                0x000007d0       0x14 ./gecko_sdk_4.4.4/platform/emlib/src/em_cmu.o
 .text.syncReg  0x000007e4       0x18 ./gecko_sdk_4.4.4/platform/emlib/src/em_cmu.o
 .text.CMU_PrescToLog2
                0x000007fc       0x54 ./gecko_sdk_4.4.4/platform/emlib/src/em_cmu.o
 .text.CMU_UpdateWaitStates
                0x00000850       0x7c ./gecko_sdk_4.4.4/platform/emlib/src/em_cmu.o
                0x00000850                CMU_UpdateWaitStates
 .text.CMU_ClockEnable
                0x000008cc       0xec ./gecko_sdk_4.4.4/platform/emlib/src/em_cmu.o
                0x000008cc                CMU_ClockEnable
 .text.CMU_ClockPrescGet
                0x000009b8      0x198 ./gecko_sdk_4.4.4/platform/emlib/src/em_cmu.o
                0x000009b8                CMU_ClockPrescGet
 .text.CMU_ClockPrescSet
                0x00000b50      0x458 ./gecko_sdk_4.4.4/platform/emlib/src/em_cmu.o
                0x00000b50                CMU_ClockPrescSet
 .text.hfperClkSafePrescaler
                0x00000fa8       0x2c ./gecko_sdk_4.4.4/platform/emlib/src/em_cmu.o
 .text.hfperClkOptimizedPrescaler
                0x00000fd4       0x94 ./gecko_sdk_4.4.4/platform/emlib/src/em_cmu.o
 .text.CMU_ClockSelectGet
                0x00001068      0x14c ./gecko_sdk_4.4.4/platform/emlib/src/em_cmu.o
                0x00001068                CMU_ClockSelectGet
 .text.lfClkGet
                0x000011b4       0xd0 ./gecko_sdk_4.4.4/platform/emlib/src/em_cmu.o
 .text.adcAsyncClkGet
                0x00001284       0x64 ./gecko_sdk_4.4.4/platform/emlib/src/em_cmu.o
 .text.CMU_ClockFreqGet
                0x000012e8      0x340 ./gecko_sdk_4.4.4/platform/emlib/src/em_cmu.o
                0x000012e8                CMU_ClockFreqGet
 .text.CMU_USHFRCOBandSet
                0x00001628       0x88 ./gecko_sdk_4.4.4/platform/emlib/src/em_cmu.o
                0x00001628                CMU_USHFRCOBandSet
 .text.CMU_LFXOPrecisionSet
                0x000016b0        0xc ./gecko_sdk_4.4.4/platform/emlib/src/em_cmu.o
                0x000016b0                CMU_LFXOPrecisionSet
 .text.CMU_HFXOPrecisionSet
                0x000016bc        0xc ./gecko_sdk_4.4.4/platform/emlib/src/em_cmu.o
                0x000016bc                CMU_HFXOPrecisionSet
 .text.CMU_OscillatorTuningWait
                0x000016c8       0x4c ./gecko_sdk_4.4.4/platform/emlib/src/em_cmu.o
                0x000016c8                CMU_OscillatorTuningWait
 .text.CMU_OscillatorEnable
                0x00001714      0x128 ./gecko_sdk_4.4.4/platform/emlib/src/em_cmu.o
                0x00001714                CMU_OscillatorEnable
 .text.sli_em_cmu_HFClockSelectHFXO
                0x0000183c       0x68 ./gecko_sdk_4.4.4/platform/emlib/src/em_cmu.o
                0x0000183c                sli_em_cmu_HFClockSelectHFXO
 .text.CMU_HFXOInit
                0x000018a4       0xa0 ./gecko_sdk_4.4.4/platform/emlib/src/em_cmu.o
                0x000018a4                CMU_HFXOInit
 .text.CMU_LFXOInit
                0x00001944       0x58 ./gecko_sdk_4.4.4/platform/emlib/src/em_cmu.o
                0x00001944                CMU_LFXOInit
 .text.EMU_LDOStatusGet
                0x0000199c       0x14 ./gecko_sdk_4.4.4/platform/emlib/src/em_emu.o
 .text.lpGetDevinfoVrefLowHigh
                0x000019b0       0x74 ./gecko_sdk_4.4.4/platform/emlib/src/em_emu.o
 .text.EMU_VScaleWait
                0x00001a24       0x18 ./gecko_sdk_4.4.4/platform/emlib/src/em_emu.o
 .text.EMU_EM4Init
                0x00001a3c       0x40 ./gecko_sdk_4.4.4/platform/emlib/src/em_emu.o
                0x00001a3c                EMU_EM4Init
 .text.EMU_VScaleEM01
                0x00001a7c       0x98 ./gecko_sdk_4.4.4/platform/emlib/src/em_emu.o
                0x00001a7c                EMU_VScaleEM01
 .text.EMU_VScaleEM01ByClock
                0x00001b14       0x4c ./gecko_sdk_4.4.4/platform/emlib/src/em_emu.o
                0x00001b14                EMU_VScaleEM01ByClock
 .text.EMU_DCDCModeSet
                0x00001b60       0x68 ./gecko_sdk_4.4.4/platform/emlib/src/em_emu.o
                0x00001b60                EMU_DCDCModeSet
 .text.EMU_DCDCOutputVoltageSet
                0x00001bc8      0x1f0 ./gecko_sdk_4.4.4/platform/emlib/src/em_emu.o
                0x00001bc8                EMU_DCDCOutputVoltageSet
 .text.EMU_DCDCOptimizeSlice
                0x00001db8       0xdc ./gecko_sdk_4.4.4/platform/emlib/src/em_emu.o
                0x00001db8                EMU_DCDCOptimizeSlice
 .text.EMU_DCDCLnRcoBandSet
                0x00001e94       0x44 ./gecko_sdk_4.4.4/platform/emlib/src/em_emu.o
                0x00001e94                EMU_DCDCLnRcoBandSet
 .text.EMU_DCDCInit
                0x00001ed8      0x170 ./gecko_sdk_4.4.4/platform/emlib/src/em_emu.o
                0x00001ed8                EMU_DCDCInit
 .text.sl_device_init_dcdc
                0x00002048       0x2c ./gecko_sdk_4.4.4/platform/service/device_init/src/sl_device_init_dcdc_s1.o
                0x00002048                sl_device_init_dcdc
 .text.sl_device_init_hfxo
                0x00002074       0x60 ./gecko_sdk_4.4.4/platform/service/device_init/src/sl_device_init_hfxo_s1.o
                0x00002074                sl_device_init_hfxo
 .text.sl_device_init_lfxo
                0x000020d4       0x28 ./gecko_sdk_4.4.4/platform/service/device_init/src/sl_device_init_lfxo_s1.o
                0x000020d4                sl_device_init_lfxo
 .text.sl_device_init_nvic
                0x000020fc       0x3c ./gecko_sdk_4.4.4/platform/service/device_init/src/sl_device_init_nvic.o
                0x000020fc                sl_device_init_nvic
 .text.usbd_vendor_get_microsoft_ext_property_table
                0x00002138       0x34 ./gecko_sdk_4.4.4/protocol/usb/src/sl_usbd_class_vendor.o
 .text.sl_usbd_vendor_init
                0x0000216c       0xa0 ./gecko_sdk_4.4.4/protocol/usb/src/sl_usbd_class_vendor.o
                0x0000216c                sl_usbd_vendor_init
 .text.sl_usbd_vendor_create_instance
                0x0000220c       0x64 ./gecko_sdk_4.4.4/protocol/usb/src/sl_usbd_class_vendor.o
                0x0000220c                sl_usbd_vendor_create_instance
 .text.sl_usbd_vendor_add_to_configuration
                0x00002270      0x158 ./gecko_sdk_4.4.4/protocol/usb/src/sl_usbd_class_vendor.o
                0x00002270                sl_usbd_vendor_add_to_configuration
 .text.sl_usbd_vendor_add_microsoft_ext_property
                0x000023c8       0x68 ./gecko_sdk_4.4.4/protocol/usb/src/sl_usbd_class_vendor.o
                0x000023c8                sl_usbd_vendor_add_microsoft_ext_property
 .text.usbd_core_write_to_descriptor_buf
                0x00002430       0xa0 ./gecko_sdk_4.4.4/protocol/usb/src/sl_usbd_core.o
 .text.usbd_core_add_string
                0x000024d0       0x60 ./gecko_sdk_4.4.4/protocol/usb/src/sl_usbd_core.o
 .text.usbd_core_stop_descriptor_write
                0x00002530       0x48 ./gecko_sdk_4.4.4/protocol/usb/src/sl_usbd_core.o
 .text.usbd_core_send_string_descriptor
                0x00002578       0xd0 ./gecko_sdk_4.4.4/protocol/usb/src/sl_usbd_core.o
 .text.usbd_core_add_endpoint
                0x00002648      0x16c ./gecko_sdk_4.4.4/protocol/usb/src/sl_usbd_core.o
 .text.sl_usbd_core_init
                0x000027b4      0x280 ./gecko_sdk_4.4.4/protocol/usb/src/sl_usbd_core.o
                0x000027b4                sl_usbd_core_init
 .text.sl_usbd_core_start_device
                0x00002a34       0x3c ./gecko_sdk_4.4.4/protocol/usb/src/sl_usbd_core.o
                0x00002a34                sl_usbd_core_start_device
 .text.sl_usbd_core_add_configuration
                0x00002a70       0xc4 ./gecko_sdk_4.4.4/protocol/usb/src/sl_usbd_core.o
                0x00002a70                sl_usbd_core_add_configuration
 .text.sl_usbd_core_get_device_state
                0x00002b34       0x18 ./gecko_sdk_4.4.4/protocol/usb/src/sl_usbd_core.o
                0x00002b34                sl_usbd_core_get_device_state
 .text.sl_usbd_core_add_interface
                0x00002b4c      0x164 ./gecko_sdk_4.4.4/protocol/usb/src/sl_usbd_core.o
                0x00002b4c                sl_usbd_core_add_interface
 .text.sl_usbd_core_write_08b_to_descriptor_buf
                0x00002cb0       0x24 ./gecko_sdk_4.4.4/protocol/usb/src/sl_usbd_core.o
                0x00002cb0                sl_usbd_core_write_08b_to_descriptor_buf
 .text.sl_usbd_core_write_16b_to_descriptor_buf
                0x00002cd4       0x24 ./gecko_sdk_4.4.4/protocol/usb/src/sl_usbd_core.o
                0x00002cd4                sl_usbd_core_write_16b_to_descriptor_buf
 .text.sl_usbd_core_write_32b_to_descriptor_buf
                0x00002cf8       0x24 ./gecko_sdk_4.4.4/protocol/usb/src/sl_usbd_core.o
                0x00002cf8                sl_usbd_core_write_32b_to_descriptor_buf
 .text.sl_usbd_core_write_buf_to_descriptor_buf
                0x00002d1c       0x24 ./gecko_sdk_4.4.4/protocol/usb/src/sl_usbd_core.o
                0x00002d1c                sl_usbd_core_write_buf_to_descriptor_buf
 .text.sl_usbd_core_add_bulk_endpoint
                0x00002d40       0x50 ./gecko_sdk_4.4.4/protocol/usb/src/sl_usbd_core.o
                0x00002d40                sl_usbd_core_add_bulk_endpoint
 .text.sli_usbd_core_setup_event
                0x00002d90       0x3c ./gecko_sdk_4.4.4/protocol/usb/src/sl_usbd_core.o
                0x00002d90                sli_usbd_core_setup_event
 .text.sli_usbd_core_task_handler
                0x00002dcc      0x880 ./gecko_sdk_4.4.4/protocol/usb/src/sl_usbd_core.o
                0x00002dcc                sli_usbd_core_task_handler
 .text.usbd_core_get_urb
                0x0000364c       0x40 ./gecko_sdk_4.4.4/protocol/usb/src/sl_usbd_core_ep.o
 .text.usbd_core_free_urb.constprop.0
                0x0000368c       0x28 ./gecko_sdk_4.4.4/protocol/usb/src/sl_usbd_core_ep.o
 .text.sl_usbd_core_write_control_sync
                0x000036b4       0x9c ./gecko_sdk_4.4.4/protocol/usb/src/sl_usbd_core_ep.o
                0x000036b4                sl_usbd_core_write_control_sync
 .text.sli_usbd_core_stall_control_endpoint
                0x00003750       0x74 ./gecko_sdk_4.4.4/protocol/usb/src/sl_usbd_core_ep.o
                0x00003750                sli_usbd_core_stall_control_endpoint
 .text.sli_usbd_core_init_endpoint
                0x000037c4       0xa4 ./gecko_sdk_4.4.4/protocol/usb/src/sl_usbd_core_ep.o
                0x000037c4                sli_usbd_core_init_endpoint
 .text.sl_usbd_core_endpoint_transfer_async
                0x00003868       0xfc ./gecko_sdk_4.4.4/protocol/usb/src/sl_usbd_core_ep.o
                0x00003868                sl_usbd_core_endpoint_transfer_async
 .text.sli_usbd_core_open_endpoint
                0x00003964      0x110 ./gecko_sdk_4.4.4/protocol/usb/src/sl_usbd_core_ep.o
                0x00003964                sli_usbd_core_open_endpoint
 .text.sli_usbd_core_close_endpoint
                0x00003a74       0xc0 ./gecko_sdk_4.4.4/protocol/usb/src/sl_usbd_core_ep.o
                0x00003a74                sli_usbd_core_close_endpoint
 .text.sl_usbd_core_stall_endpoint
                0x00003b34       0x8c ./gecko_sdk_4.4.4/protocol/usb/src/sl_usbd_core_ep.o
                0x00003b34                sl_usbd_core_stall_endpoint
 .text.sl_usbd_core_is_endpoint_stalled
                0x00003bc0       0x30 ./gecko_sdk_4.4.4/protocol/usb/src/sl_usbd_core_ep.o
                0x00003bc0                sl_usbd_core_is_endpoint_stalled
 .text.sl_usbd_core_endpoint_read_complete
                0x00003bf0       0x44 ./gecko_sdk_4.4.4/protocol/usb/src/sl_usbd_core_ep.o
                0x00003bf0                sl_usbd_core_endpoint_read_complete
 .text.sl_usbd_core_endpoint_write_complete
                0x00003c34       0x3c ./gecko_sdk_4.4.4/protocol/usb/src/sl_usbd_core_ep.o
                0x00003c34                sl_usbd_core_endpoint_write_complete
 .text.sl_usbd_core_endpoint_write_zlp
                0x00003c70       0xc4 ./gecko_sdk_4.4.4/protocol/usb/src/sl_usbd_core_ep.o
                0x00003c70                sl_usbd_core_endpoint_write_zlp
 .text.sl_usbd_core_endpoint_read_zlp
                0x00003d34       0xdc ./gecko_sdk_4.4.4/protocol/usb/src/sl_usbd_core_ep.o
                0x00003d34                sl_usbd_core_endpoint_read_zlp
 .text.sli_usbd_core_os_create_task
                0x00003e10       0x38 ./gecko_sdk_4.4.4/protocol/usb/src/sl_usbd_core_os.o
                0x00003e10                sli_usbd_core_os_create_task
 .text.sli_usbd_core_os_create_endpoint_signal
                0x00003e48       0x44 ./gecko_sdk_4.4.4/protocol/usb/src/sl_usbd_core_os.o
                0x00003e48                sli_usbd_core_os_create_endpoint_signal
 .text.sli_usbd_core_os_delete_endpoint_signal
                0x00003e8c       0x24 ./gecko_sdk_4.4.4/protocol/usb/src/sl_usbd_core_os.o
                0x00003e8c                sli_usbd_core_os_delete_endpoint_signal
 .text.sli_usbd_core_os_pend_endpoint_signal
                0x00003eb0       0x48 ./gecko_sdk_4.4.4/protocol/usb/src/sl_usbd_core_os.o
                0x00003eb0                sli_usbd_core_os_pend_endpoint_signal
 .text.sli_usbd_core_os_abort_endpoint_signal
                0x00003ef8       0x20 ./gecko_sdk_4.4.4/protocol/usb/src/sl_usbd_core_os.o
                0x00003ef8                sli_usbd_core_os_abort_endpoint_signal
 .text.sli_usbd_core_os_create_endpoint_lock
                0x00003f18       0x40 ./gecko_sdk_4.4.4/protocol/usb/src/sl_usbd_core_os.o
                0x00003f18                sli_usbd_core_os_create_endpoint_lock
 .text.sli_usbd_core_os_delete_endpoint_lock
                0x00003f58       0x24 ./gecko_sdk_4.4.4/protocol/usb/src/sl_usbd_core_os.o
                0x00003f58                sli_usbd_core_os_delete_endpoint_lock
 .text.sli_usbd_core_os_acquire_endpoint_lock
                0x00003f7c       0x24 ./gecko_sdk_4.4.4/protocol/usb/src/sl_usbd_core_os.o
                0x00003f7c                sli_usbd_core_os_acquire_endpoint_lock
 .text.sli_usbd_core_os_release_endpoint_lock
                0x00003fa0       0x20 ./gecko_sdk_4.4.4/protocol/usb/src/sl_usbd_core_os.o
                0x00003fa0                sli_usbd_core_os_release_endpoint_lock
 .text.sli_usbd_core_os_get_core_event
                0x00003fc0       0x24 ./gecko_sdk_4.4.4/protocol/usb/src/sl_usbd_core_os.o
                0x00003fc0                sli_usbd_core_os_get_core_event
 .text.sli_usbd_core_os_put_core_event
                0x00003fe4       0x1c ./gecko_sdk_4.4.4/protocol/usb/src/sl_usbd_core_os.o
                0x00003fe4                sli_usbd_core_os_put_core_event
 .text.sli_usbd_driver_init
                0x00004000      0x1e4 ./gecko_sdk_4.4.4/protocol/usb/src/sl_usbd_driver_dwc_otg_fs.o
                0x00004000                sli_usbd_driver_init
 .text.sli_usbd_driver_get_endpoint_info
                0x000041e4       0x14 ./gecko_sdk_4.4.4/protocol/usb/src/sl_usbd_driver_dwc_otg_fs.o
                0x000041e4                sli_usbd_driver_get_endpoint_info
 .text.sli_usbd_driver_start
                0x000041f8       0xa8 ./gecko_sdk_4.4.4/protocol/usb/src/sl_usbd_driver_dwc_otg_fs.o
                0x000041f8                sli_usbd_driver_start
 .text.sli_usbd_driver_set_address
                0x000042a0       0x24 ./gecko_sdk_4.4.4/protocol/usb/src/sl_usbd_driver_dwc_otg_fs.o
                0x000042a0                sli_usbd_driver_set_address
 .text.sli_usbd_driver_open_endpoint
                0x000042c4       0xc8 ./gecko_sdk_4.4.4/protocol/usb/src/sl_usbd_driver_dwc_otg_fs.o
                0x000042c4                sli_usbd_driver_open_endpoint
 .text.sli_usbd_driver_close_endpoint
                0x0000438c       0x68 ./gecko_sdk_4.4.4/protocol/usb/src/sl_usbd_driver_dwc_otg_fs.o
                0x0000438c                sli_usbd_driver_close_endpoint
 .text.sli_usbd_driver_endpoint_rx_start
                0x000043f4       0xec ./gecko_sdk_4.4.4/protocol/usb/src/sl_usbd_driver_dwc_otg_fs.o
                0x000043f4                sli_usbd_driver_endpoint_rx_start
 .text.sli_usbd_driver_endpoint_rx
                0x000044e0       0x2c ./gecko_sdk_4.4.4/protocol/usb/src/sl_usbd_driver_dwc_otg_fs.o
                0x000044e0                sli_usbd_driver_endpoint_rx
 .text.sli_usbd_driver_endpoint_tx
                0x0000450c       0x68 ./gecko_sdk_4.4.4/protocol/usb/src/sl_usbd_driver_dwc_otg_fs.o
                0x0000450c                sli_usbd_driver_endpoint_tx
 .text.sli_usbd_driver_endpoint_tx_start
                0x00004574       0xb4 ./gecko_sdk_4.4.4/protocol/usb/src/sl_usbd_driver_dwc_otg_fs.o
                0x00004574                sli_usbd_driver_endpoint_tx_start
 .text.sli_usbd_driver_abort_endpoint
                0x00004628       0xa8 ./gecko_sdk_4.4.4/protocol/usb/src/sl_usbd_driver_dwc_otg_fs.o
                0x00004628                sli_usbd_driver_abort_endpoint
 .text.sli_usbd_driver_stall_endpoint
                0x000046d0       0x90 ./gecko_sdk_4.4.4/protocol/usb/src/sl_usbd_driver_dwc_otg_fs.o
                0x000046d0                sli_usbd_driver_stall_endpoint
 .text.sli_usbd_driver_irq_handler
                0x00004760      0x3a4 ./gecko_sdk_4.4.4/protocol/usb/src/sl_usbd_driver_dwc_otg_fs.o
                0x00004760                sli_usbd_driver_irq_handler
 .text.USB_IRQHandler
                0x00004b04       0x40 ./gecko_sdk_4.4.4/protocol/usb/src/sl_usbd_driver_dwc_otg_fs.o
                0x00004b04                USB_IRQHandler
 .text.osKernelInitialize
                0x00004b44       0x34 ./gecko_sdk_4.4.4/util/third_party/freertos/cmsis/Source/cmsis_os2.o
                0x00004b44                osKernelInitialize
 .text.osKernelStart
                0x00004b78       0x48 ./gecko_sdk_4.4.4/util/third_party/freertos/cmsis/Source/cmsis_os2.o
                0x00004b78                osKernelStart
 .text.osThreadNew
                0x00004bc0       0xa4 ./gecko_sdk_4.4.4/util/third_party/freertos/cmsis/Source/cmsis_os2.o
                0x00004bc0                osThreadNew
 .text.osMutexNew
                0x00004c64       0x94 ./gecko_sdk_4.4.4/util/third_party/freertos/cmsis/Source/cmsis_os2.o
                0x00004c64                osMutexNew
 .text.osMutexAcquire
                0x00004cf8       0x60 ./gecko_sdk_4.4.4/util/third_party/freertos/cmsis/Source/cmsis_os2.o
                0x00004cf8                osMutexAcquire
 .text.osMutexRelease
                0x00004d58       0x58 ./gecko_sdk_4.4.4/util/third_party/freertos/cmsis/Source/cmsis_os2.o
                0x00004d58                osMutexRelease
 .text.osMutexDelete
                0x00004db0       0x48 ./gecko_sdk_4.4.4/util/third_party/freertos/cmsis/Source/cmsis_os2.o
                0x00004db0                osMutexDelete
 .text.osSemaphoreNew
                0x00004df8       0xb0 ./gecko_sdk_4.4.4/util/third_party/freertos/cmsis/Source/cmsis_os2.o
                0x00004df8                osSemaphoreNew
 .text.osSemaphoreAcquire
                0x00004ea8       0x74 ./gecko_sdk_4.4.4/util/third_party/freertos/cmsis/Source/cmsis_os2.o
                0x00004ea8                osSemaphoreAcquire
 .text.osSemaphoreRelease
                0x00004f1c       0x6c ./gecko_sdk_4.4.4/util/third_party/freertos/cmsis/Source/cmsis_os2.o
                0x00004f1c                osSemaphoreRelease
 .text.osSemaphoreDelete
                0x00004f88       0x40 ./gecko_sdk_4.4.4/util/third_party/freertos/cmsis/Source/cmsis_os2.o
                0x00004f88                osSemaphoreDelete
 .text.osMessageQueueNew
                0x00004fc8       0x8c ./gecko_sdk_4.4.4/util/third_party/freertos/cmsis/Source/cmsis_os2.o
                0x00004fc8                osMessageQueueNew
 .text.osMessageQueuePut
                0x00005054       0x7c ./gecko_sdk_4.4.4/util/third_party/freertos/cmsis/Source/cmsis_os2.o
                0x00005054                osMessageQueuePut
 .text.osMessageQueueGet
                0x000050d0       0x78 ./gecko_sdk_4.4.4/util/third_party/freertos/cmsis/Source/cmsis_os2.o
                0x000050d0                osMessageQueueGet
 .text.vApplicationStackOverflowHook
                0x00005148       0x10 ./gecko_sdk_4.4.4/util/third_party/freertos/cmsis/Source/cmsis_os2.o
                0x00005148                vApplicationStackOverflowHook
 .text.vApplicationGetIdleTaskMemory
                0x00005158       0x18 ./gecko_sdk_4.4.4/util/third_party/freertos/cmsis/Source/cmsis_os2.o
                0x00005158                vApplicationGetIdleTaskMemory
 .text.vApplicationGetTimerTaskMemory
                0x00005170       0x18 ./gecko_sdk_4.4.4/util/third_party/freertos/cmsis/Source/cmsis_os2.o
                0x00005170                vApplicationGetTimerTaskMemory
 .text.xQueueGenericReset
                0x00005188       0x7c ./gecko_sdk_4.4.4/util/third_party/freertos/kernel/queue.o
                0x00005188                xQueueGenericReset
 .text.xQueueGenericCreateStatic
                0x00005204       0x7c ./gecko_sdk_4.4.4/util/third_party/freertos/kernel/queue.o
                0x00005204                xQueueGenericCreateStatic
 .text.xQueueGenericCreate
                0x00005280       0x78 ./gecko_sdk_4.4.4/util/third_party/freertos/kernel/queue.o
                0x00005280                xQueueGenericCreate
 .text.xQueueCreateCountingSemaphoreStatic
                0x000052f8       0x40 ./gecko_sdk_4.4.4/util/third_party/freertos/kernel/queue.o
                0x000052f8                xQueueCreateCountingSemaphoreStatic
 .text.xQueueCreateCountingSemaphore
                0x00005338       0x34 ./gecko_sdk_4.4.4/util/third_party/freertos/kernel/queue.o
                0x00005338                xQueueCreateCountingSemaphore
 .text.xQueueGenericSend
                0x0000536c      0x15c ./gecko_sdk_4.4.4/util/third_party/freertos/kernel/queue.o
                0x0000536c                xQueueGenericSend
 .text.xQueueGiveMutexRecursive
                0x000054c8       0x3c ./gecko_sdk_4.4.4/util/third_party/freertos/kernel/queue.o
                0x000054c8                xQueueGiveMutexRecursive
 .text.xQueueGenericSendFromISR
                0x00005504       0xb8 ./gecko_sdk_4.4.4/util/third_party/freertos/kernel/queue.o
                0x00005504                xQueueGenericSendFromISR
 .text.xQueueGiveFromISR
                0x000055bc       0x9c ./gecko_sdk_4.4.4/util/third_party/freertos/kernel/queue.o
                0x000055bc                xQueueGiveFromISR
 .text.xQueueReceive
                0x00005658      0x12c ./gecko_sdk_4.4.4/util/third_party/freertos/kernel/queue.o
                0x00005658                xQueueReceive
 .text.xQueueSemaphoreTake
                0x00005784      0x15c ./gecko_sdk_4.4.4/util/third_party/freertos/kernel/queue.o
                0x00005784                xQueueSemaphoreTake
 .text.xQueueTakeMutexRecursive
                0x000058e0       0x40 ./gecko_sdk_4.4.4/util/third_party/freertos/kernel/queue.o
                0x000058e0                xQueueTakeMutexRecursive
 .text.xQueueReceiveFromISR
                0x00005920       0xa0 ./gecko_sdk_4.4.4/util/third_party/freertos/kernel/queue.o
                0x00005920                xQueueReceiveFromISR
 .text.vQueueAddToRegistry
                0x000059c0       0x24 ./gecko_sdk_4.4.4/util/third_party/freertos/kernel/queue.o
                0x000059c0                vQueueAddToRegistry
 .text.vQueueUnregisterQueue
                0x000059e4       0x30 ./gecko_sdk_4.4.4/util/third_party/freertos/kernel/queue.o
                0x000059e4                vQueueUnregisterQueue
 .text.vQueueDelete
                0x00005a14       0x2c ./gecko_sdk_4.4.4/util/third_party/freertos/kernel/queue.o
                0x00005a14                vQueueDelete
 .text.prvAddNewTaskToReadyList
                0x00005a40      0x100 ./gecko_sdk_4.4.4/util/third_party/freertos/kernel/tasks.o
 .text.prvAddCurrentTaskToDelayedList
                0x00005b40       0x70 ./gecko_sdk_4.4.4/util/third_party/freertos/kernel/tasks.o
 .text.prvResetNextTaskUnblockTime
                0x00005bb0       0x24 ./gecko_sdk_4.4.4/util/third_party/freertos/kernel/tasks.o
 .text.prvDeleteTCB
                0x00005bd4       0x38 ./gecko_sdk_4.4.4/util/third_party/freertos/kernel/tasks.o
 .text.prvIdleTask
                0x00005c0c       0x60 ./gecko_sdk_4.4.4/util/third_party/freertos/kernel/tasks.o
 .text.xTaskCreateStatic
                0x00005c6c       0x9c ./gecko_sdk_4.4.4/util/third_party/freertos/kernel/tasks.o
                0x00005c6c                xTaskCreateStatic
 .text.vTaskStartScheduler
                0x00005d08       0x8c ./gecko_sdk_4.4.4/util/third_party/freertos/kernel/tasks.o
                0x00005d08                vTaskStartScheduler
 .text.vTaskSuspendAll
                0x00005d94       0x10 ./gecko_sdk_4.4.4/util/third_party/freertos/kernel/tasks.o
                0x00005d94                vTaskSuspendAll
 .text.xTaskGetTickCount
                0x00005da4        0xc ./gecko_sdk_4.4.4/util/third_party/freertos/kernel/tasks.o
                0x00005da4                xTaskGetTickCount
 .text.xTaskIncrementTick
                0x00005db0      0x128 ./gecko_sdk_4.4.4/util/third_party/freertos/kernel/tasks.o
                0x00005db0                xTaskIncrementTick
 .text.xTaskResumeAll
                0x00005ed8       0xe4 ./gecko_sdk_4.4.4/util/third_party/freertos/kernel/tasks.o
                0x00005ed8                xTaskResumeAll
 .text.vTaskSwitchContext
                0x00005fbc       0xa4 ./gecko_sdk_4.4.4/util/third_party/freertos/kernel/tasks.o
                0x00005fbc                vTaskSwitchContext
 .text.vTaskPlaceOnEventList
                0x00006060       0x34 ./gecko_sdk_4.4.4/util/third_party/freertos/kernel/tasks.o
                0x00006060                vTaskPlaceOnEventList
 .text.vTaskPlaceOnEventListRestricted
                0x00006094       0x3c ./gecko_sdk_4.4.4/util/third_party/freertos/kernel/tasks.o
                0x00006094                vTaskPlaceOnEventListRestricted
 .text.xTaskRemoveFromEventList
                0x000060d0       0x7c ./gecko_sdk_4.4.4/util/third_party/freertos/kernel/tasks.o
                0x000060d0                xTaskRemoveFromEventList
 .text.vTaskInternalSetTimeOutState
                0x0000614c       0x18 ./gecko_sdk_4.4.4/util/third_party/freertos/kernel/tasks.o
                0x0000614c                vTaskInternalSetTimeOutState
 .text.xTaskCheckForTimeOut
                0x00006164       0x6c ./gecko_sdk_4.4.4/util/third_party/freertos/kernel/tasks.o
                0x00006164                xTaskCheckForTimeOut
 .text.vTaskMissedYield
                0x000061d0        0xc ./gecko_sdk_4.4.4/util/third_party/freertos/kernel/tasks.o
                0x000061d0                vTaskMissedYield
 .text.xTaskGetCurrentTaskHandle
                0x000061dc        0xc ./gecko_sdk_4.4.4/util/third_party/freertos/kernel/tasks.o
                0x000061dc                xTaskGetCurrentTaskHandle
 .text.xTaskGetSchedulerState
                0x000061e8       0x20 ./gecko_sdk_4.4.4/util/third_party/freertos/kernel/tasks.o
                0x000061e8                xTaskGetSchedulerState
 .text.xTaskPriorityInherit
                0x00006208       0x7c ./gecko_sdk_4.4.4/util/third_party/freertos/kernel/tasks.o
                0x00006208                xTaskPriorityInherit
 .text.xTaskPriorityDisinherit
                0x00006284       0x7c ./gecko_sdk_4.4.4/util/third_party/freertos/kernel/tasks.o
                0x00006284                xTaskPriorityDisinherit
 .text.vTaskPriorityDisinheritAfterTimeout
                0x00006300       0x94 ./gecko_sdk_4.4.4/util/third_party/freertos/kernel/tasks.o
                0x00006300                vTaskPriorityDisinheritAfterTimeout
 .text.pvTaskIncrementMutexHeldCount
                0x00006394       0x18 ./gecko_sdk_4.4.4/util/third_party/freertos/kernel/tasks.o
                0x00006394                pvTaskIncrementMutexHeldCount
 .text.prvInsertTimerInActiveList
                0x000063ac       0x3c ./gecko_sdk_4.4.4/util/third_party/freertos/kernel/timers.o
 .text.prvCheckForValidListAndQueue
                0x000063e8       0x68 ./gecko_sdk_4.4.4/util/third_party/freertos/kernel/timers.o
 .text.xTimerCreateTimerTask
                0x00006450       0x64 ./gecko_sdk_4.4.4/util/third_party/freertos/kernel/timers.o
                0x00006450                xTimerCreateTimerTask
 .text.xTimerGenericCommand
                0x000064b4       0x5c ./gecko_sdk_4.4.4/util/third_party/freertos/kernel/timers.o
                0x000064b4                xTimerGenericCommand
 .text.prvSampleTimeNow
                0x00006510       0xa0 ./gecko_sdk_4.4.4/util/third_party/freertos/kernel/timers.o
 .text.prvTimerTask
                0x000065b0      0x1cc ./gecko_sdk_4.4.4/util/third_party/freertos/kernel/timers.o
 .text.prvPortStartFirstTask
                0x0000677c       0x28 ./gecko_sdk_4.4.4/util/third_party/freertos/kernel/portable/GCC/ARM_CM4F/port.o
 .text.vPortEnableVFP
                0x000067a4       0x14 ./gecko_sdk_4.4.4/util/third_party/freertos/kernel/portable/GCC/ARM_CM4F/port.o
 .text.prvTaskExitError
                0x000067b8       0x3c ./gecko_sdk_4.4.4/util/third_party/freertos/kernel/portable/GCC/ARM_CM4F/port.o
 .text.pxPortInitialiseStack
                0x000067f4       0x2c ./gecko_sdk_4.4.4/util/third_party/freertos/kernel/portable/GCC/ARM_CM4F/port.o
                0x000067f4                pxPortInitialiseStack
 .text.vPortEnterCritical
                0x00006820       0x3c ./gecko_sdk_4.4.4/util/third_party/freertos/kernel/portable/GCC/ARM_CM4F/port.o
                0x00006820                vPortEnterCritical
 .text.vPortExitCritical
                0x0000685c       0x28 ./gecko_sdk_4.4.4/util/third_party/freertos/kernel/portable/GCC/ARM_CM4F/port.o
                0x0000685c                vPortExitCritical
 .text.vPortSetupTimerInterrupt
                0x00006884       0x24 ./gecko_sdk_4.4.4/util/third_party/freertos/kernel/portable/GCC/ARM_CM4F/port.o
                0x00006884                vPortSetupTimerInterrupt
 .text.xPortStartScheduler
                0x000068a8       0xfc ./gecko_sdk_4.4.4/util/third_party/freertos/kernel/portable/GCC/ARM_CM4F/port.o
                0x000068a8                xPortStartScheduler
 .text.vPortValidateInterruptPriority
                0x000069a4       0x54 ./gecko_sdk_4.4.4/util/third_party/freertos/kernel/portable/GCC/ARM_CM4F/port.o
                0x000069a4                vPortValidateInterruptPriority
 .text.prvInsertBlockIntoFreeList
                0x000069f8       0x50 ./gecko_sdk_4.4.4/util/third_party/freertos/kernel/portable/MemMang/heap_4.o
 .text.pvPortMalloc
                0x00006a48      0x13c ./gecko_sdk_4.4.4/util/third_party/freertos/kernel/portable/MemMang/heap_4.o
                0x00006a48                pvPortMalloc
 .text.vPortFree
                0x00006b84       0x80 ./gecko_sdk_4.4.4/util/third_party/freertos/kernel/portable/MemMang/heap_4.o
                0x00006b84                vPortFree
 .text.exit     0x00006c04       0x24 e:/siliconlabs/simplicitystudio/v5/developer/toolchains/gnu_arm/12.2.rel1_2023.7/bin/../lib/gcc/arm-none-eabi/12.2.1/thumb/v7e-m+fp/softfp\libc_nano.a(libc_a-exit.o)
                0x00006c04                exit
 .text.malloc   0x00006c28       0x10 e:/siliconlabs/simplicitystudio/v5/developer/toolchains/gnu_arm/12.2.rel1_2023.7/bin/../lib/gcc/arm-none-eabi/12.2.1/thumb/v7e-m+fp/softfp\libc_nano.a(libc_a-malloc.o)
                0x00006c28                malloc
 .text.sbrk_aligned
                0x00006c38       0x44 e:/siliconlabs/simplicitystudio/v5/developer/toolchains/gnu_arm/12.2.rel1_2023.7/bin/../lib/gcc/arm-none-eabi/12.2.1/thumb/v7e-m+fp/softfp\libc_nano.a(libc_a-mallocr.o)
 .text._malloc_r
                0x00006c7c       0xf0 e:/siliconlabs/simplicitystudio/v5/developer/toolchains/gnu_arm/12.2.rel1_2023.7/bin/../lib/gcc/arm-none-eabi/12.2.1/thumb/v7e-m+fp/softfp\libc_nano.a(libc_a-mallocr.o)
                0x00006c7c                _malloc_r
 .text.__malloc_lock
                0x00006d6c        0xc e:/siliconlabs/simplicitystudio/v5/developer/toolchains/gnu_arm/12.2.rel1_2023.7/bin/../lib/gcc/arm-none-eabi/12.2.1/thumb/v7e-m+fp/softfp\libc_nano.a(libc_a-mlock.o)
                0x00006d6c                __malloc_lock
 .text.__malloc_unlock
                0x00006d78        0xc e:/siliconlabs/simplicitystudio/v5/developer/toolchains/gnu_arm/12.2.rel1_2023.7/bin/../lib/gcc/arm-none-eabi/12.2.1/thumb/v7e-m+fp/softfp\libc_nano.a(libc_a-mlock.o)
                0x00006d78                __malloc_unlock
 .text.std      0x00006d84       0x6c e:/siliconlabs/simplicitystudio/v5/developer/toolchains/gnu_arm/12.2.rel1_2023.7/bin/../lib/gcc/arm-none-eabi/12.2.1/thumb/v7e-m+fp/softfp\libc_nano.a(libc_a-findfp.o)
 .text.stdio_exit_handler
                0x00006df0       0x18 e:/siliconlabs/simplicitystudio/v5/developer/toolchains/gnu_arm/12.2.rel1_2023.7/bin/../lib/gcc/arm-none-eabi/12.2.1/thumb/v7e-m+fp/softfp\libc_nano.a(libc_a-findfp.o)
 .text.cleanup_stdio
                0x00006e08       0x40 e:/siliconlabs/simplicitystudio/v5/developer/toolchains/gnu_arm/12.2.rel1_2023.7/bin/../lib/gcc/arm-none-eabi/12.2.1/thumb/v7e-m+fp/softfp\libc_nano.a(libc_a-findfp.o)
 .text.global_stdio_init.part.0
                0x00006e48       0x3c e:/siliconlabs/simplicitystudio/v5/developer/toolchains/gnu_arm/12.2.rel1_2023.7/bin/../lib/gcc/arm-none-eabi/12.2.1/thumb/v7e-m+fp/softfp\libc_nano.a(libc_a-findfp.o)
 .text.__sfp_lock_acquire
                0x00006e84        0xc e:/siliconlabs/simplicitystudio/v5/developer/toolchains/gnu_arm/12.2.rel1_2023.7/bin/../lib/gcc/arm-none-eabi/12.2.1/thumb/v7e-m+fp/softfp\libc_nano.a(libc_a-findfp.o)
                0x00006e84                __sfp_lock_acquire
 .text.__sfp_lock_release
                0x00006e90        0xc e:/siliconlabs/simplicitystudio/v5/developer/toolchains/gnu_arm/12.2.rel1_2023.7/bin/../lib/gcc/arm-none-eabi/12.2.1/thumb/v7e-m+fp/softfp\libc_nano.a(libc_a-findfp.o)
                0x00006e90                __sfp_lock_release
 .text.__sinit  0x00006e9c       0x30 e:/siliconlabs/simplicitystudio/v5/developer/toolchains/gnu_arm/12.2.rel1_2023.7/bin/../lib/gcc/arm-none-eabi/12.2.1/thumb/v7e-m+fp/softfp\libc_nano.a(libc_a-findfp.o)
                0x00006e9c                __sinit
 .text.strtok   0x00006ecc       0x68 e:/siliconlabs/simplicitystudio/v5/developer/toolchains/gnu_arm/12.2.rel1_2023.7/bin/../lib/gcc/arm-none-eabi/12.2.1/thumb/v7e-m+fp/softfp\libc_nano.a(libc_a-strtok.o)
                0x00006ecc                strtok
 .text._close_r
                0x00006f34       0x20 e:/siliconlabs/simplicitystudio/v5/developer/toolchains/gnu_arm/12.2.rel1_2023.7/bin/../lib/gcc/arm-none-eabi/12.2.1/thumb/v7e-m+fp/softfp\libc_nano.a(libc_a-closer.o)
                0x00006f34                _close_r
 .text._lseek_r
                0x00006f54       0x24 e:/siliconlabs/simplicitystudio/v5/developer/toolchains/gnu_arm/12.2.rel1_2023.7/bin/../lib/gcc/arm-none-eabi/12.2.1/thumb/v7e-m+fp/softfp\libc_nano.a(libc_a-lseekr.o)
                0x00006f54                _lseek_r
 .text._read_r  0x00006f78       0x24 e:/siliconlabs/simplicitystudio/v5/developer/toolchains/gnu_arm/12.2.rel1_2023.7/bin/../lib/gcc/arm-none-eabi/12.2.1/thumb/v7e-m+fp/softfp\libc_nano.a(libc_a-readr.o)
                0x00006f78                _read_r
 .text._sbrk_r  0x00006f9c       0x20 e:/siliconlabs/simplicitystudio/v5/developer/toolchains/gnu_arm/12.2.rel1_2023.7/bin/../lib/gcc/arm-none-eabi/12.2.1/thumb/v7e-m+fp/softfp\libc_nano.a(libc_a-sbrkr.o)
                0x00006f9c                _sbrk_r
 .text._write_r
                0x00006fbc       0x24 e:/siliconlabs/simplicitystudio/v5/developer/toolchains/gnu_arm/12.2.rel1_2023.7/bin/../lib/gcc/arm-none-eabi/12.2.1/thumb/v7e-m+fp/softfp\libc_nano.a(libc_a-writer.o)
                0x00006fbc                _write_r
 .text.__libc_init_array
                0x00006fe0       0x48 e:/siliconlabs/simplicitystudio/v5/developer/toolchains/gnu_arm/12.2.rel1_2023.7/bin/../lib/gcc/arm-none-eabi/12.2.1/thumb/v7e-m+fp/softfp\libc_nano.a(libc_a-init.o)
                0x00006fe0                __libc_init_array
 .text.__assert_func
                0x00007028       0x3c e:/siliconlabs/simplicitystudio/v5/developer/toolchains/gnu_arm/12.2.rel1_2023.7/bin/../lib/gcc/arm-none-eabi/12.2.1/thumb/v7e-m+fp/softfp\libc_nano.a(libc_a-assert.o)
                0x00007028                __assert_func
 .text._free_r  0x00007064       0x94 e:/siliconlabs/simplicitystudio/v5/developer/toolchains/gnu_arm/12.2.rel1_2023.7/bin/../lib/gcc/arm-none-eabi/12.2.1/thumb/v7e-m+fp/softfp\libc_nano.a(libc_a-freer.o)
                0x00007064                _free_r
 .text.fprintf  0x000070f8       0x24 e:/siliconlabs/simplicitystudio/v5/developer/toolchains/gnu_arm/12.2.rel1_2023.7/bin/../lib/gcc/arm-none-eabi/12.2.1/thumb/v7e-m+fp/softfp\libc_nano.a(libc_a-fprintf.o)
                0x000070f8                fiprintf
                0x000070f8                fprintf
 .text._vfprintf_r
                0x0000711c      0x230 e:/siliconlabs/simplicitystudio/v5/developer/toolchains/gnu_arm/12.2.rel1_2023.7/bin/../lib/gcc/arm-none-eabi/12.2.1/thumb/v7e-m+fp/softfp\libc_nano.a(libc_a-nano-vfprintf.o)
                0x0000711c                _vfprintf_r
                0x0000711c                _vfiprintf_r
 .text._printf_i
                0x0000734c      0x258 e:/siliconlabs/simplicitystudio/v5/developer/toolchains/gnu_arm/12.2.rel1_2023.7/bin/../lib/gcc/arm-none-eabi/12.2.1/thumb/v7e-m+fp/softfp\libc_nano.a(libc_a-nano-vfprintf_i.o)
                0x0000734c                _printf_i
 .text.__swsetup_r
                0x000075a4       0xac e:/siliconlabs/simplicitystudio/v5/developer/toolchains/gnu_arm/12.2.rel1_2023.7/bin/../lib/gcc/arm-none-eabi/12.2.1/thumb/v7e-m+fp/softfp\libc_nano.a(libc_a-wsetup.o)
                0x000075a4                __swsetup_r
 .text.raise    0x00007650       0x10 e:/siliconlabs/simplicitystudio/v5/developer/toolchains/gnu_arm/12.2.rel1_2023.7/bin/../lib/gcc/arm-none-eabi/12.2.1/thumb/v7e-m+fp/softfp\libc_nano.a(libc_a-signal.o)
                0x00007650                raise
 .text._kill_r  0x00007660       0x24 e:/siliconlabs/simplicitystudio/v5/developer/toolchains/gnu_arm/12.2.rel1_2023.7/bin/../lib/gcc/arm-none-eabi/12.2.1/thumb/v7e-m+fp/softfp\libc_nano.a(libc_a-signalr.o)
                0x00007660                _kill_r
 .text._fstat_r
                0x00007684       0x24 e:/siliconlabs/simplicitystudio/v5/developer/toolchains/gnu_arm/12.2.rel1_2023.7/bin/../lib/gcc/arm-none-eabi/12.2.1/thumb/v7e-m+fp/softfp\libc_nano.a(libc_a-fstatr.o)
                0x00007684                _fstat_r
 .text._isatty_r
                0x000076a8       0x20 e:/siliconlabs/simplicitystudio/v5/developer/toolchains/gnu_arm/12.2.rel1_2023.7/bin/../lib/gcc/arm-none-eabi/12.2.1/thumb/v7e-m+fp/softfp\libc_nano.a(libc_a-isattyr.o)
                0x000076a8                _isatty_r
 .text.app_init
                0x000076c8        0x2 ./app.o
                0x000076c8                app_init
 .text.startup.main
                0x000076ca       0x12 ./main.o
                0x000076ca                main
 .text.sl_usbd_on_bus_event
                0x000076dc        0x2 ./usb_composite_app.o
                0x000076dc                sl_usbd_on_bus_event
 .text.sl_usbd_on_config_event
                0x000076de        0x2 ./usb_composite_app.o
                0x000076de                sl_usbd_on_config_event
 .text.sl_board_default_init
                0x000076e0        0x2 ./autogen/sl_board_default_init.o
                0x000076e0                sl_board_default_init
 .text.sl_kernel_start
                0x000076e2        0x4 ./autogen/sl_event_handler.o
                0x000076e2                sl_kernel_start
 .text.sl_driver_init
                0x000076e6        0x4 ./autogen/sl_event_handler.o
                0x000076e6                sl_driver_init
 .text.sl_service_init
                0x000076ea        0x2 ./autogen/sl_event_handler.o
                0x000076ea                sl_service_init
 .text.sl_stack_init
                0x000076ec        0xe ./autogen/sl_event_handler.o
                0x000076ec                sl_stack_init
 .text.sl_internal_app_init
                0x000076fa        0x2 ./autogen/sl_event_handler.o
                0x000076fa                sl_internal_app_init
 .text.sli_usbd_vendor_winusb_enable
                0x000076fc        0x8 ./autogen/sl_usbd_class_vendor_instances.o
                0x000076fc                sli_usbd_vendor_winusb_enable
 .text.sli_usbd_vendor_winusb_disable
                0x00007704        0x8 ./autogen/sl_usbd_class_vendor_instances.o
                0x00007704                sli_usbd_vendor_winusb_disable
 .text.sli_usbd_vendor_winusb_setup_req
                0x0000770c        0xa ./autogen/sl_usbd_class_vendor_instances.o
                0x0000770c                sli_usbd_vendor_winusb_setup_req
 .text.sli_usbd_init
                0x00007716        0xe ./autogen/sl_usbd_init.o
                0x00007716                sli_usbd_init
 .text.Default_Handler
                0x00007724        0x2 ./gecko_sdk_4.4.4/platform/Device/SiliconLabs/EFM32GG11B/Source/startup_efm32gg11b.o
                0x00007724                TIMER2_IRQHandler
                0x00007724                DebugMon_Handler
                0x00007724                TIMER5_IRQHandler
                0x00007724                USART0_TX_IRQHandler
                0x00007724                USART5_RX_IRQHandler
                0x00007724                I2C0_IRQHandler
                0x00007724                HardFault_Handler
                0x00007724                LEUART1_IRQHandler
                0x00007724                SDIO_IRQHandler
                0x00007724                USART1_RX_IRQHandler
                0x00007724                NMI_Handler
                0x00007724                I2C1_IRQHandler
                0x00007724                CAN1_IRQHandler
                0x00007724                WTIMER0_IRQHandler
                0x00007724                WTIMER3_IRQHandler
                0x00007724                CRYPTO0_IRQHandler
                0x00007724                WDOG0_IRQHandler
                0x00007724                TIMER3_IRQHandler
                0x00007724                USART1_TX_IRQHandler
                0x00007724                USART4_RX_IRQHandler
                0x00007724                SMU_IRQHandler
                0x00007724                MSC_IRQHandler
                0x00007724                ADC0_IRQHandler
                0x00007724                UsageFault_Handler
                0x00007724                WDOG1_IRQHandler
                0x00007724                LEUART0_IRQHandler
                0x00007724                TIMER4_IRQHandler
                0x00007724                FPUEH_IRQHandler
                0x00007724                WTIMER1_IRQHandler
                0x00007724                GPIO_EVEN_IRQHandler
                0x00007724                UART0_TX_IRQHandler
                0x00007724                UART1_TX_IRQHandler
                0x00007724                VDAC0_IRQHandler
                0x00007724                LDMA_IRQHandler
                0x00007724                QSPI0_IRQHandler
                0x00007724                TIMER6_IRQHandler
                0x00007724                CSEN_IRQHandler
                0x00007724                ADC1_IRQHandler
                0x00007724                I2C2_IRQHandler
                0x00007724                RTC_IRQHandler
                0x00007724                TIMER0_IRQHandler
                0x00007724                LCD_IRQHandler
                0x00007724                PCNT2_IRQHandler
                0x00007724                UART0_RX_IRQHandler
                0x00007724                LETIMER0_IRQHandler
                0x00007724                WTIMER2_IRQHandler
                0x00007724                TIMER1_IRQHandler
                0x00007724                TRNG0_IRQHandler
                0x00007724                USART2_RX_IRQHandler
                0x00007724                Default_Handler
                0x00007724                EMU_IRQHandler
                0x00007724                CRYOTIMER_IRQHandler
                0x00007724                PCNT0_IRQHandler
                0x00007724                sl_app_properties
                0x00007724                USART4_TX_IRQHandler
                0x00007724                PCNT1_IRQHandler
                0x00007724                ACMP0_IRQHandler
                0x00007724                USART0_RX_IRQHandler
                0x00007724                USART5_TX_IRQHandler
                0x00007724                MemManage_Handler
                0x00007724                USART3_RX_IRQHandler
                0x00007724                RTCC_IRQHandler
                0x00007724                UART1_RX_IRQHandler
                0x00007724                ETH_IRQHandler
                0x00007724                CMU_IRQHandler
                0x00007724                EBI_IRQHandler
                0x00007724                CAN0_IRQHandler
                0x00007724                GPIO_ODD_IRQHandler
                0x00007724                LESENSE_IRQHandler
                0x00007724                USART3_TX_IRQHandler
                0x00007724                LETIMER1_IRQHandler
                0x00007724                ACMP2_IRQHandler
                0x00007724                BusFault_Handler
                0x00007724                USART2_TX_IRQHandler
                0x00007724                IDAC0_IRQHandler
 .text.SystemLFRCOClockGet
                0x00007726        0x6 ./gecko_sdk_4.4.4/platform/Device/SiliconLabs/EFM32GG11B/Source/system_efm32gg11b.o
                0x00007726                SystemLFRCOClockGet
 .text.SystemULFRCOClockGet
                0x0000772c        0x6 ./gecko_sdk_4.4.4/platform/Device/SiliconLabs/EFM32GG11B/Source/system_efm32gg11b.o
                0x0000772c                SystemULFRCOClockGet
 .text.assertEFM
                0x00007732        0x2 ./gecko_sdk_4.4.4/platform/common/src/sl_assert.o
                0x00007732                assertEFM
 .text.sl_strnlen
                0x00007734       0x16 ./gecko_sdk_4.4.4/platform/common/src/sl_string.o
                0x00007734                sl_strnlen
 .text.sl_strlen
                0x0000774a        0x8 ./gecko_sdk_4.4.4/platform/common/src/sl_string.o
                0x0000774a                sl_strlen
 .text._close   0x00007752        0x6 ./gecko_sdk_4.4.4/platform/common/src/sl_syscalls.o
                0x00007752                _close
 .text._exit    0x00007758        0x2 ./gecko_sdk_4.4.4/platform/common/src/sl_syscalls.o
                0x00007758                _exit
 .text._fstat   0x0000775a        0x4 ./gecko_sdk_4.4.4/platform/common/src/sl_syscalls.o
                0x0000775a                _fstat
 .text._getpid  0x0000775e        0x4 ./gecko_sdk_4.4.4/platform/common/src/sl_syscalls.o
                0x0000775e                _getpid
 .text._isatty  0x00007762        0x4 ./gecko_sdk_4.4.4/platform/common/src/sl_syscalls.o
                0x00007762                _isatty
 .text._kill    0x00007766        0x6 ./gecko_sdk_4.4.4/platform/common/src/sl_syscalls.o
                0x00007766                _kill
 .text._lseek   0x0000776c        0x4 ./gecko_sdk_4.4.4/platform/common/src/sl_syscalls.o
                0x0000776c                _lseek
 .text._read    0x00007770        0x4 ./gecko_sdk_4.4.4/platform/common/src/sl_syscalls.o
                0x00007770                _read
 .text._write   0x00007774        0x4 ./gecko_sdk_4.4.4/platform/common/src/sl_syscalls.o
                0x00007774                _write
 .text.flashWaitStateMax
                0x00007778       0x22 ./gecko_sdk_4.4.4/platform/emlib/src/em_cmu.o
 .text.CMU_ClockDivGet
                0x0000779a        0xa ./gecko_sdk_4.4.4/platform/emlib/src/em_cmu.o
                0x0000779a                CMU_ClockDivGet
 .text.CORE_EnterAtomic
                0x000077a4        0xc ./gecko_sdk_4.4.4/platform/emlib/src/em_core.o
                0x000077a4                CORE_EnterAtomic
 .text.CORE_ExitAtomic
                0x000077b0        0x6 ./gecko_sdk_4.4.4/platform/emlib/src/em_core.o
                0x000077b0                CORE_ExitAtomic
 .text.sl_device_init_emu
                0x000077b6       0x1c ./gecko_sdk_4.4.4/platform/service/device_init/src/sl_device_init_emu_s1.o
                0x000077b6                sl_device_init_emu
 .text.sl_system_init
                0x000077d2       0x1a ./gecko_sdk_4.4.4/platform/service/system/src/sl_system_init.o
                0x000077d2                sl_system_init
 .text.sl_system_kernel_start
                0x000077ec        0x4 ./gecko_sdk_4.4.4/platform/service/system/src/sl_system_kernel.o
                0x000077ec                sl_system_kernel_start
 .text.usbd_vendor_request_handler
                0x000077f0       0x1a ./gecko_sdk_4.4.4/protocol/usb/src/sl_usbd_class_vendor.o
 .text.usbd_vendor_get_microsoft_compat_id
                0x0000780a        0x8 ./gecko_sdk_4.4.4/protocol/usb/src/sl_usbd_class_vendor.o
 .text.usbd_vendor_disable
                0x00007812       0x26 ./gecko_sdk_4.4.4/protocol/usb/src/sl_usbd_class_vendor.o
 .text.usbd_vendor_enable
                0x00007838       0x26 ./gecko_sdk_4.4.4/protocol/usb/src/sl_usbd_class_vendor.o
 .text.usbd_core_get_configuration_structure
                0x0000785e       0x1e ./gecko_sdk_4.4.4/protocol/usb/src/sl_usbd_core.o
 .text.usbd_core_get_interface_structure
                0x0000787c       0x1c ./gecko_sdk_4.4.4/protocol/usb/src/sl_usbd_core.o
 .text.usbd_core_vendor_stdreq
                0x00007898       0x44 ./gecko_sdk_4.4.4/protocol/usb/src/sl_usbd_core.o
 .text.usbd_core_get_alt_interface_structure
                0x000078dc       0x1c ./gecko_sdk_4.4.4/protocol/usb/src/sl_usbd_core.o
 .text.usbd_core_start_descriptor_write
                0x000078f8       0x1a ./gecko_sdk_4.4.4/protocol/usb/src/sl_usbd_core.o
 .text.usbd_core_close_alt_interface
                0x00007912       0x48 ./gecko_sdk_4.4.4/protocol/usb/src/sl_usbd_core.o
 .text.usbd_core_unset_configuration
                0x0000795a       0xa2 ./gecko_sdk_4.4.4/protocol/usb/src/sl_usbd_core.o
 .text.usbd_core_write_08b_to_descriptor_buf
                0x000079fc       0x1c ./gecko_sdk_4.4.4/protocol/usb/src/sl_usbd_core.o
 .text.usbd_core_set_event
                0x00007a18       0x16 ./gecko_sdk_4.4.4/protocol/usb/src/sl_usbd_core.o
 .text.usbd_core_open_alt_interface
                0x00007a2e       0x5e ./gecko_sdk_4.4.4/protocol/usb/src/sl_usbd_core.o
 .text.usbd_core_set_configuration
                0x00007a8c       0x84 ./gecko_sdk_4.4.4/protocol/usb/src/sl_usbd_core.o
 .text.usbd_core_get_string_index
                0x00007b10       0x28 ./gecko_sdk_4.4.4/protocol/usb/src/sl_usbd_core.o
 .text.usbd_core_write_16b_to_descriptor_buf
                0x00007b38       0x1a ./gecko_sdk_4.4.4/protocol/usb/src/sl_usbd_core.o
 .text.usbd_core_send_device_descriptor.constprop.0
                0x00007b52       0xda ./gecko_sdk_4.4.4/protocol/usb/src/sl_usbd_core.o
 .text.usbd_core_allocate_endpoint.constprop.0.isra.0
                0x00007c2c       0xf4 ./gecko_sdk_4.4.4/protocol/usb/src/sl_usbd_core.o
 .text.usbd_core_send_configuration_descriptor.constprop.0
                0x00007d20      0x35e ./gecko_sdk_4.4.4/protocol/usb/src/sl_usbd_core.o
 .text.usbd_core_microsoft_ext_property_stdreq
                0x0000807e       0xfe ./gecko_sdk_4.4.4/protocol/usb/src/sl_usbd_core.o
 .text.sl_usbd_core_add_interrupt_endpoint
                0x0000817c       0x3a ./gecko_sdk_4.4.4/protocol/usb/src/sl_usbd_core.o
                0x0000817c                sl_usbd_core_add_interrupt_endpoint
 .text.sli_usbd_core_connect_event
                0x000081b6        0xc ./gecko_sdk_4.4.4/protocol/usb/src/sl_usbd_core.o
                0x000081b6                sli_usbd_core_connect_event
 .text.sli_usbd_core_disconnect_event
                0x000081c2        0xc ./gecko_sdk_4.4.4/protocol/usb/src/sl_usbd_core.o
                0x000081c2                sli_usbd_core_disconnect_event
 .text.sli_usbd_core_reset_event
                0x000081ce        0xc ./gecko_sdk_4.4.4/protocol/usb/src/sl_usbd_core.o
                0x000081ce                sli_usbd_core_reset_event
 .text.sli_usbd_core_suspend_event
                0x000081da        0xc ./gecko_sdk_4.4.4/protocol/usb/src/sl_usbd_core.o
                0x000081da                sli_usbd_core_suspend_event
 .text.sli_usbd_core_resume_event
                0x000081e6        0xc ./gecko_sdk_4.4.4/protocol/usb/src/sl_usbd_core.o
                0x000081e6                sli_usbd_core_resume_event
 .text.sli_usbd_core_endpoint_event
                0x000081f2       0x1c ./gecko_sdk_4.4.4/protocol/usb/src/sl_usbd_core.o
                0x000081f2                sli_usbd_core_endpoint_event
 .text.usbd_core_queue_urb
                0x0000820e       0x12 ./gecko_sdk_4.4.4/protocol/usb/src/sl_usbd_core_ep.o
 .text.usbd_core_dequeue_urb
                0x00008220       0x12 ./gecko_sdk_4.4.4/protocol/usb/src/sl_usbd_core_ep.o
 .text.usbd_core_complete_async_urb
                0x00008232       0x14 ./gecko_sdk_4.4.4/protocol/usb/src/sl_usbd_core_ep.o
 .text.usbd_core_abort_urb
                0x00008246       0x5c ./gecko_sdk_4.4.4/protocol/usb/src/sl_usbd_core_ep.o
 .text.usbd_core_endpoint_process_async_tx
                0x000082a2       0x4c ./gecko_sdk_4.4.4/protocol/usb/src/sl_usbd_core_ep.o
 .text.usbd_core_endpoint_write
                0x000082ee      0x1b2 ./gecko_sdk_4.4.4/protocol/usb/src/sl_usbd_core_ep.o
 .text.usbd_core_end_async_urb
                0x000084a0       0x36 ./gecko_sdk_4.4.4/protocol/usb/src/sl_usbd_core_ep.o
 .text.usbd_core_endpoint_process_async_rx
                0x000084d6       0x30 ./gecko_sdk_4.4.4/protocol/usb/src/sl_usbd_core_ep.o
 .text.sli_usbd_core_open_control_endpoint
                0x00008506       0x2c ./gecko_sdk_4.4.4/protocol/usb/src/sl_usbd_core_ep.o
                0x00008506                sli_usbd_core_open_control_endpoint
 .text.sli_usbd_core_close_control_endpoint
                0x00008532       0x18 ./gecko_sdk_4.4.4/protocol/usb/src/sl_usbd_core_ep.o
                0x00008532                sli_usbd_core_close_control_endpoint
 .text.sli_usbd_core_get_control_tx_status
                0x0000854a       0x28 ./gecko_sdk_4.4.4/protocol/usb/src/sl_usbd_core_ep.o
                0x0000854a                sli_usbd_core_get_control_tx_status
 .text.sli_usbd_core_get_control_rx_status
                0x00008572       0x2c ./gecko_sdk_4.4.4/protocol/usb/src/sl_usbd_core_ep.o
                0x00008572                sli_usbd_core_get_control_rx_status
 .text.usbd_core_os_task_main
                0x0000859e        0x8 ./gecko_sdk_4.4.4/protocol/usb/src/sl_usbd_core_os.o
 .text.sli_usbd_core_os_post_endpoint_signal
                0x000085a6        0x4 ./gecko_sdk_4.4.4/protocol/usb/src/sl_usbd_core_os.o
                0x000085a6                sli_usbd_core_os_post_endpoint_signal
 .text.sli_usbd_driver_get_speed
                0x000085aa        0xe ./gecko_sdk_4.4.4/protocol/usb/src/sl_usbd_driver_dwc_otg_fs.o
                0x000085aa                sli_usbd_driver_get_speed
 .text.sli_usbd_driver_endpoint_rx_zlp
                0x000085b8        0x4 ./gecko_sdk_4.4.4/protocol/usb/src/sl_usbd_driver_dwc_otg_fs.o
                0x000085b8                sli_usbd_driver_endpoint_rx_zlp
 .text.sli_usbd_driver_endpoint_tx_zlp
                0x000085bc        0x8 ./gecko_sdk_4.4.4/protocol/usb/src/sl_usbd_driver_dwc_otg_fs.o
                0x000085bc                sli_usbd_driver_endpoint_tx_zlp
 .text.SysTick_Handler
                0x000085c4       0x1a ./gecko_sdk_4.4.4/util/third_party/freertos/cmsis/Source/cmsis_os2.o
                0x000085c4                SysTick_Handler
 .text.osKernelGetTickFreq
                0x000085de        0x6 ./gecko_sdk_4.4.4/util/third_party/freertos/cmsis/Source/cmsis_os2.o
                0x000085de                osKernelGetTickFreq
 .text.vListInitialise
                0x000085e4       0x16 ./gecko_sdk_4.4.4/util/third_party/freertos/kernel/list.o
                0x000085e4                vListInitialise
 .text.vListInitialiseItem
                0x000085fa        0x6 ./gecko_sdk_4.4.4/util/third_party/freertos/kernel/list.o
                0x000085fa                vListInitialiseItem
 .text.vListInsertEnd
                0x00008600       0x16 ./gecko_sdk_4.4.4/util/third_party/freertos/kernel/list.o
                0x00008600                vListInsertEnd
 .text.vListInsert
                0x00008616       0x2e ./gecko_sdk_4.4.4/util/third_party/freertos/kernel/list.o
                0x00008616                vListInsert
 .text.uxListRemove
                0x00008644       0x20 ./gecko_sdk_4.4.4/util/third_party/freertos/kernel/list.o
                0x00008644                uxListRemove
 .text.prvIsQueueEmpty
                0x00008664       0x16 ./gecko_sdk_4.4.4/util/third_party/freertos/kernel/queue.o
 .text.prvCopyDataToQueue
                0x0000867a       0x66 ./gecko_sdk_4.4.4/util/third_party/freertos/kernel/queue.o
 .text.prvCopyDataFromQueue
                0x000086e0       0x2c ./gecko_sdk_4.4.4/util/third_party/freertos/kernel/queue.o
 .text.prvUnlockQueue
                0x0000870c       0x70 ./gecko_sdk_4.4.4/util/third_party/freertos/kernel/queue.o
 .text.xQueueCreateMutexStatic
                0x0000877c       0x2a ./gecko_sdk_4.4.4/util/third_party/freertos/kernel/queue.o
                0x0000877c                xQueueCreateMutexStatic
 .text.xQueueCreateMutex
                0x000087a6       0x24 ./gecko_sdk_4.4.4/util/third_party/freertos/kernel/queue.o
                0x000087a6                xQueueCreateMutex
 .text.vQueueWaitForMessageRestricted
                0x000087ca       0x46 ./gecko_sdk_4.4.4/util/third_party/freertos/kernel/queue.o
                0x000087ca                vQueueWaitForMessageRestricted
 .text.prvInitialiseNewTask.constprop.0
                0x00008810       0x96 ./gecko_sdk_4.4.4/util/third_party/freertos/kernel/tasks.o
 .text.xTaskCreate
                0x000088a6       0x5c ./gecko_sdk_4.4.4/util/third_party/freertos/kernel/tasks.o
                0x000088a6                xTaskCreate
 .text.xPortSysTickHandler
                0x00008902       0x2c ./gecko_sdk_4.4.4/util/third_party/freertos/kernel/portable/GCC/ARM_CM4F/port.o
                0x00008902                xPortSysTickHandler
 .text._fwalk_sglue
                0x0000892e       0x3c e:/siliconlabs/simplicitystudio/v5/developer/toolchains/gnu_arm/12.2.rel1_2023.7/bin/../lib/gcc/arm-none-eabi/12.2.1/thumb/v7e-m+fp/softfp\libc_nano.a(libc_a-fwalk.o)
                0x0000892e                _fwalk_sglue
 .text.__sread  0x0000896a       0x22 e:/siliconlabs/simplicitystudio/v5/developer/toolchains/gnu_arm/12.2.rel1_2023.7/bin/../lib/gcc/arm-none-eabi/12.2.1/thumb/v7e-m+fp/softfp\libc_nano.a(libc_a-stdio.o)
                0x0000896a                __sread
 .text.__swrite
                0x0000898c       0x38 e:/siliconlabs/simplicitystudio/v5/developer/toolchains/gnu_arm/12.2.rel1_2023.7/bin/../lib/gcc/arm-none-eabi/12.2.1/thumb/v7e-m+fp/softfp\libc_nano.a(libc_a-stdio.o)
                0x0000898c                __swrite
 .text.__sseek  0x000089c4       0x24 e:/siliconlabs/simplicitystudio/v5/developer/toolchains/gnu_arm/12.2.rel1_2023.7/bin/../lib/gcc/arm-none-eabi/12.2.1/thumb/v7e-m+fp/softfp\libc_nano.a(libc_a-stdio.o)
                0x000089c4                __sseek
 .text.__sclose
                0x000089e8        0x8 e:/siliconlabs/simplicitystudio/v5/developer/toolchains/gnu_arm/12.2.rel1_2023.7/bin/../lib/gcc/arm-none-eabi/12.2.1/thumb/v7e-m+fp/softfp\libc_nano.a(libc_a-stdio.o)
                0x000089e8                __sclose
 .text.memset   0x000089f0       0x10 e:/siliconlabs/simplicitystudio/v5/developer/toolchains/gnu_arm/12.2.rel1_2023.7/bin/../lib/gcc/arm-none-eabi/12.2.1/thumb/v7e-m+fp/softfp\libc_nano.a(libc_a-memset.o)
                0x000089f0                memset
 .text.__strtok_r
                0x00008a00       0x50 e:/siliconlabs/simplicitystudio/v5/developer/toolchains/gnu_arm/12.2.rel1_2023.7/bin/../lib/gcc/arm-none-eabi/12.2.1/thumb/v7e-m+fp/softfp\libc_nano.a(libc_a-strtok_r.o)
                0x00008a00                __strtok_r
 .text.__retarget_lock_init_recursive
                0x00008a50        0x2 e:/siliconlabs/simplicitystudio/v5/developer/toolchains/gnu_arm/12.2.rel1_2023.7/bin/../lib/gcc/arm-none-eabi/12.2.1/thumb/v7e-m+fp/softfp\libc_nano.a(libc_a-lock.o)
                0x00008a50                __retarget_lock_init_recursive
 .text.__retarget_lock_acquire_recursive
                0x00008a52        0x2 e:/siliconlabs/simplicitystudio/v5/developer/toolchains/gnu_arm/12.2.rel1_2023.7/bin/../lib/gcc/arm-none-eabi/12.2.1/thumb/v7e-m+fp/softfp\libc_nano.a(libc_a-lock.o)
                0x00008a52                __retarget_lock_acquire_recursive
 .text.__retarget_lock_release_recursive
                0x00008a54        0x2 e:/siliconlabs/simplicitystudio/v5/developer/toolchains/gnu_arm/12.2.rel1_2023.7/bin/../lib/gcc/arm-none-eabi/12.2.1/thumb/v7e-m+fp/softfp\libc_nano.a(libc_a-lock.o)
                0x00008a54                __retarget_lock_release_recursive
 .text          0x00008a56       0x14 e:/siliconlabs/simplicitystudio/v5/developer/toolchains/gnu_arm/12.2.rel1_2023.7/bin/../lib/gcc/arm-none-eabi/12.2.1/thumb/v7e-m+fp/softfp\libc_nano.a(libc_a-strcmp.o)
                0x00008a56                strcmp
 .text.memcpy   0x00008a6a       0x1c e:/siliconlabs/simplicitystudio/v5/developer/toolchains/gnu_arm/12.2.rel1_2023.7/bin/../lib/gcc/arm-none-eabi/12.2.1/thumb/v7e-m+fp/softfp\libc_nano.a(libc_a-memcpy-stub.o)
                0x00008a6a                memcpy
 .text.__sflush_r
                0x00008a86      0x108 e:/siliconlabs/simplicitystudio/v5/developer/toolchains/gnu_arm/12.2.rel1_2023.7/bin/../lib/gcc/arm-none-eabi/12.2.1/thumb/v7e-m+fp/softfp\libc_nano.a(libc_a-fflush.o)
                0x00008a86                __sflush_r
 .text._fflush_r
                0x00008b8e       0x50 e:/siliconlabs/simplicitystudio/v5/developer/toolchains/gnu_arm/12.2.rel1_2023.7/bin/../lib/gcc/arm-none-eabi/12.2.1/thumb/v7e-m+fp/softfp\libc_nano.a(libc_a-fflush.o)
                0x00008b8e                _fflush_r
 .text.abort    0x00008bde        0xe e:/siliconlabs/simplicitystudio/v5/developer/toolchains/gnu_arm/12.2.rel1_2023.7/bin/../lib/gcc/arm-none-eabi/12.2.1/thumb/v7e-m+fp/softfp\libc_nano.a(libc_a-abort.o)
                0x00008bde                abort
 .text.__sfputc_r
                0x00008bec       0x2e e:/siliconlabs/simplicitystudio/v5/developer/toolchains/gnu_arm/12.2.rel1_2023.7/bin/../lib/gcc/arm-none-eabi/12.2.1/thumb/v7e-m+fp/softfp\libc_nano.a(libc_a-nano-vfprintf.o)
 .text.__sfputs_r
                0x00008c1a       0x24 e:/siliconlabs/simplicitystudio/v5/developer/toolchains/gnu_arm/12.2.rel1_2023.7/bin/../lib/gcc/arm-none-eabi/12.2.1/thumb/v7e-m+fp/softfp\libc_nano.a(libc_a-nano-vfprintf.o)
                0x00008c1a                __sfputs_r
 .text._printf_common
                0x00008c3e       0xda e:/siliconlabs/simplicitystudio/v5/developer/toolchains/gnu_arm/12.2.rel1_2023.7/bin/../lib/gcc/arm-none-eabi/12.2.1/thumb/v7e-m+fp/softfp\libc_nano.a(libc_a-nano-vfprintf_i.o)
                0x00008c3e                _printf_common
 .text.__swbuf_r
                0x00008d18       0x7c e:/siliconlabs/simplicitystudio/v5/developer/toolchains/gnu_arm/12.2.rel1_2023.7/bin/../lib/gcc/arm-none-eabi/12.2.1/thumb/v7e-m+fp/softfp\libc_nano.a(libc_a-wbuf.o)
                0x00008d18                __swbuf_r
 .text._raise_r
                0x00008d94       0x50 e:/siliconlabs/simplicitystudio/v5/developer/toolchains/gnu_arm/12.2.rel1_2023.7/bin/../lib/gcc/arm-none-eabi/12.2.1/thumb/v7e-m+fp/softfp\libc_nano.a(libc_a-signal.o)
                0x00008d94                _raise_r
 .text._getpid_r
                0x00008de4        0x4 e:/siliconlabs/simplicitystudio/v5/developer/toolchains/gnu_arm/12.2.rel1_2023.7/bin/../lib/gcc/arm-none-eabi/12.2.1/thumb/v7e-m+fp/softfp\libc_nano.a(libc_a-signalr.o)
                0x00008de4                _getpid_r
 .text.__swhatbuf_r
                0x00008de8       0x4c e:/siliconlabs/simplicitystudio/v5/developer/toolchains/gnu_arm/12.2.rel1_2023.7/bin/../lib/gcc/arm-none-eabi/12.2.1/thumb/v7e-m+fp/softfp\libc_nano.a(libc_a-makebuf.o)
                0x00008de8                __swhatbuf_r
 .text.__smakebuf_r
                0x00008e34       0x78 e:/siliconlabs/simplicitystudio/v5/developer/toolchains/gnu_arm/12.2.rel1_2023.7/bin/../lib/gcc/arm-none-eabi/12.2.1/thumb/v7e-m+fp/softfp\libc_nano.a(libc_a-makebuf.o)
                0x00008e34                __smakebuf_r
                0x00008ec0                . = ALIGN (0x20)
 *fill*         0x00008eac       0x14 
                0x00008ec0                linker_code_end = .
 *(.init)
 .init          0x00008ec0        0x4 e:/siliconlabs/simplicitystudio/v5/developer/toolchains/gnu_arm/12.2.rel1_2023.7/bin/../lib/gcc/arm-none-eabi/12.2.1/thumb/v7e-m+fp/softfp/crti.o
                0x00008ec0                _init
 .init          0x00008ec4        0x8 e:/siliconlabs/simplicitystudio/v5/developer/toolchains/gnu_arm/12.2.rel1_2023.7/bin/../lib/gcc/arm-none-eabi/12.2.1/thumb/v7e-m+fp/softfp/crtn.o
 *(.fini)
 .fini          0x00008ecc        0x4 e:/siliconlabs/simplicitystudio/v5/developer/toolchains/gnu_arm/12.2.rel1_2023.7/bin/../lib/gcc/arm-none-eabi/12.2.1/thumb/v7e-m+fp/softfp/crti.o
                0x00008ecc                _fini
 .fini          0x00008ed0        0x8 e:/siliconlabs/simplicitystudio/v5/developer/toolchains/gnu_arm/12.2.rel1_2023.7/bin/../lib/gcc/arm-none-eabi/12.2.1/thumb/v7e-m+fp/softfp/crtn.o
 *crtbegin.o(.ctors)
 *crtbegin?.o(.ctors)
 *(EXCLUDE_FILE(*crtend.o *crtend?.o) .ctors)
 *(SORT_BY_NAME(.ctors.*))
 *(.ctors)
 *crtbegin.o(.dtors)
 *crtbegin?.o(.dtors)
 *(EXCLUDE_FILE(*crtend.o *crtend?.o) .dtors)
 *(SORT_BY_NAME(.dtors.*))
 *(.dtors)
                0x00008ed8                __code_classification_validator_start__ = .
                0x00008ef8                . = (. + 0x20)
 *fill*         0x00008ed8       0x20 
 *(code_classification_validator)
                0x00008f00                . = ALIGN (0x20)
 *fill*         0x00008ef8        0x8 
                0x00008f00                __code_classification_validator_end__ = .
 *(.rodata*)
 .rodata.sli_usbd_vendor_winusb_init.str2.2
                0x00008f00       0x76 ./autogen/sl_usbd_class_vendor_instances.o
 .rodata.sli_usbd_vendor_winusb_init.str1.1
                0x00008f76       0x4b ./autogen/sl_usbd_class_vendor_instances.o
 *fill*         0x00008fc1        0x3 
 .rodata.sli_usbd_vendor_winusb_callbacks
                0x00008fc4        0xc ./autogen/sl_usbd_class_vendor_instances.o
                0x00008fc4                sli_usbd_vendor_winusb_callbacks
 .rodata.sli_usbd_configuration_config0_init.str1.1
                0x00008fd0       0x13 ./autogen/sl_usbd_configuration_instances.o
 *fill*         0x00008fe3        0x1 
 .rodata.CSWTCH.3
                0x00008fe4       0x20 ./gecko_sdk_4.4.4/platform/Device/SiliconLabs/EFM32GG11B/Source/system_efm32gg11b.o
 .rodata.flashWaitStateControl.str1.1
                0x00009004       0x2f ./gecko_sdk_4.4.4/platform/emlib/src/em_cmu.o
 .rodata.CMU_PrescToLog2.str1.1
                0x00009033       0xc6 ./gecko_sdk_4.4.4/platform/emlib/src/em_cmu.o
 *fill*         0x000090f9        0x1 
 .rodata.CSWTCH.93
                0x000090fa        0xc ./gecko_sdk_4.4.4/platform/emlib/src/em_cmu.o
 .rodata.CSWTCH.92
                0x00009106        0xc ./gecko_sdk_4.4.4/platform/emlib/src/em_cmu.o
 .rodata.CSWTCH.91
                0x00009112        0x6 ./gecko_sdk_4.4.4/platform/emlib/src/em_cmu.o
 .rodata.CSWTCH.90
                0x00009118        0x6 ./gecko_sdk_4.4.4/platform/emlib/src/em_cmu.o
 *fill*         0x0000911e        0x2 
 .rodata.flashWsTable
                0x00009120       0x38 ./gecko_sdk_4.4.4/platform/emlib/src/em_cmu.o
 .rodata.vmonCalibratedThreshold.str1.1
                0x00009158       0x2f ./gecko_sdk_4.4.4/platform/emlib/src/em_emu.o
 *fill*         0x00009187        0x1 
 .rodata        0x00009188       0x10 ./gecko_sdk_4.4.4/platform/service/device_init/src/sl_device_init_dcdc_s1.o
 .rodata        0x00009198        0xc ./gecko_sdk_4.4.4/platform/service/device_init/src/sl_device_init_hfxo_s1.o
 .rodata        0x000091a4        0x4 ./gecko_sdk_4.4.4/platform/service/device_init/src/sl_device_init_lfxo_s1.o
 .rodata.usbd_vendor_driver
                0x000091a8       0x34 ./gecko_sdk_4.4.4/protocol/usb/src/sl_usbd_class_vendor.o
 .rodata.sl_usbd_core_init.str1.1
                0x000091dc       0x26 ./gecko_sdk_4.4.4/protocol/usb/src/sl_usbd_core.o
 .rodata.usbd_microsoft_subcompat_id
                0x00009202       0x20 ./gecko_sdk_4.4.4/protocol/usb/src/sl_usbd_core.o
 .rodata.usbd_microsoft_compat_id
                0x00009222       0x38 ./gecko_sdk_4.4.4/protocol/usb/src/sl_usbd_core.o
 .rodata.usbd_microsoft_signature_str
                0x0000925a        0x8 ./gecko_sdk_4.4.4/protocol/usb/src/sl_usbd_core.o
 .rodata.sli_usbd_core_os_create_endpoint_signal.str1.1
                0x00009262        0xf ./gecko_sdk_4.4.4/protocol/usb/src/sl_usbd_core_os.o
 .rodata.sli_usbd_core_os_create_endpoint_lock.str1.1
                0x00009271        0xb ./gecko_sdk_4.4.4/protocol/usb/src/sl_usbd_core_os.o
 .rodata.str1.1
                0x0000927c       0x17 ./gecko_sdk_4.4.4/protocol/usb/src/sl_usbd_core_os.o
 *fill*         0x00009293        0x1 
 .rodata.message_queue_attr
                0x00009294       0x18 ./gecko_sdk_4.4.4/protocol/usb/src/sl_usbd_core_os.o
 .rodata.task_attr
                0x000092ac       0x24 ./gecko_sdk_4.4.4/protocol/usb/src/sl_usbd_core_os.o
 .rodata.usbd_endpoint_info_table
                0x000092d0       0x34 ./gecko_sdk_4.4.4/protocol/usb/src/sl_usbd_driver_dwc_otg_fs.o
 .rodata.vApplicationStackOverflowHook.str1.1
                0x00009304       0x46 ./gecko_sdk_4.4.4/util/third_party/freertos/cmsis/Source/cmsis_os2.o
 .rodata.xQueueGenericReset.str1.1
                0x0000934a       0x3c ./gecko_sdk_4.4.4/util/third_party/freertos/kernel/queue.o
 .rodata.prvTaskIsTaskSuspended.str1.1
                0x00009386       0x3c ./gecko_sdk_4.4.4/util/third_party/freertos/kernel/tasks.o
 .rodata.vTaskStartScheduler.str1.1
                0x000093c2        0x5 ./gecko_sdk_4.4.4/util/third_party/freertos/kernel/tasks.o
 .rodata.prvCheckForValidListAndQueue.str1.1
                0x000093c7        0x5 ./gecko_sdk_4.4.4/util/third_party/freertos/kernel/timers.o
 .rodata.xTimerCreateTimerTask.str1.1
                0x000093cc       0x45 ./gecko_sdk_4.4.4/util/third_party/freertos/kernel/timers.o
 .rodata.prvTaskExitError.str1.1
                0x00009411       0x51 ./gecko_sdk_4.4.4/util/third_party/freertos/kernel/portable/GCC/ARM_CM4F/port.o
 .rodata.pvPortMalloc.str1.1
                0x00009462       0x4e ./gecko_sdk_4.4.4/util/third_party/freertos/kernel/portable/MemMang/heap_4.o
 .rodata.strtok.str1.1
                0x000094b0       0x72 e:/siliconlabs/simplicitystudio/v5/developer/toolchains/gnu_arm/12.2.rel1_2023.7/bin/../lib/gcc/arm-none-eabi/12.2.1/thumb/v7e-m+fp/softfp\libc_nano.a(libc_a-strtok.o)
 .rodata.__assert_func.str1.1
                0x00009522       0x3c e:/siliconlabs/simplicitystudio/v5/developer/toolchains/gnu_arm/12.2.rel1_2023.7/bin/../lib/gcc/arm-none-eabi/12.2.1/thumb/v7e-m+fp/softfp\libc_nano.a(libc_a-assert.o)
                                 0x3d (size before relaxing)
 .rodata._vfprintf_r.str1.1
                0x0000955e       0x11 e:/siliconlabs/simplicitystudio/v5/developer/toolchains/gnu_arm/12.2.rel1_2023.7/bin/../lib/gcc/arm-none-eabi/12.2.1/thumb/v7e-m+fp/softfp\libc_nano.a(libc_a-nano-vfprintf.o)
 .rodata._printf_i.str1.1
                0x0000956f       0x22 e:/siliconlabs/simplicitystudio/v5/developer/toolchains/gnu_arm/12.2.rel1_2023.7/bin/../lib/gcc/arm-none-eabi/12.2.1/thumb/v7e-m+fp/softfp\libc_nano.a(libc_a-nano-vfprintf_i.o)
 *(.eh_frame*)
 *fill*         0x00009591        0x3 
 .eh_frame      0x00009594        0x0 e:/siliconlabs/simplicitystudio/v5/developer/toolchains/gnu_arm/12.2.rel1_2023.7/bin/../lib/gcc/arm-none-eabi/12.2.1/thumb/v7e-m+fp/softfp/crtbegin.o

.glue_7         0x00009594        0x0
 .glue_7        0x00009594        0x0 linker stubs

.glue_7t        0x00009594        0x0
 .glue_7t       0x00009594        0x0 linker stubs

.vfp11_veneer   0x00009594        0x0
 .vfp11_veneer  0x00009594        0x0 linker stubs

.v4_bx          0x00009594        0x0
 .v4_bx         0x00009594        0x0 linker stubs

.iplt           0x00009594        0x0
 .iplt          0x00009594        0x0 e:/siliconlabs/simplicitystudio/v5/developer/toolchains/gnu_arm/12.2.rel1_2023.7/bin/../lib/gcc/arm-none-eabi/12.2.1/thumb/v7e-m+fp/softfp/crtbegin.o

.ARM.extab
 *(.ARM.extab* .gnu.linkonce.armextab.*)
                0x00009594                __exidx_start = .

.ARM.exidx      0x00009594        0x8
 *(.ARM.exidx* .gnu.linkonce.armexidx.*)
 .ARM.exidx     0x00009594        0x8 e:/siliconlabs/simplicitystudio/v5/developer/toolchains/gnu_arm/12.2.rel1_2023.7/bin/../lib/gcc/arm-none-eabi/12.2.1/thumb/v7e-m+fp/softfp/crt0.o
                                 0x10 (size before relaxing)
                0x0000959c                __exidx_end = .

.rel.dyn        0x0000959c        0x0
 .rel.iplt      0x0000959c        0x0 e:/siliconlabs/simplicitystudio/v5/developer/toolchains/gnu_arm/12.2.rel1_2023.7/bin/../lib/gcc/arm-none-eabi/12.2.1/thumb/v7e-m+fp/softfp/crtbegin.o

.copy.table     0x0000959c        0xc
                0x0000959c                . = ALIGN (0x4)
                0x0000959c                __copy_table_start__ = .
                0x0000959c        0x4 LONG 0x95a8 __etext
                0x000095a0        0x4 LONG 0x20001000 __data_start__
                0x000095a4        0x4 LONG 0x23 ((__data_end__ - __data_start__) / 0x4)
                0x000095a8                __copy_table_end__ = .

.zero.table     0x000095a8        0x0
                0x000095a8                . = ALIGN (0x4)
                0x000095a8                __zero_table_start__ = .
                0x000095a8                __zero_table_end__ = .
                0x000095a8                __etext = .
                0x20000000                . = ORIGIN (RAM)

.stack          0x20000000     0x1000
                0x20000000                __StackLimit = .
 *(.stack*)
 .stack         0x20000000     0x1000 ./gecko_sdk_4.4.4/platform/common/toolchain/src/sl_memory.o
                0x20001000                . = ALIGN (0x4)
                0x20001000                __StackTop = .
                0x20001000                PROVIDE (__stack = __StackTop)

.noinit
 *(.noinit*)

.data           0x20001000       0x8c load address 0x000095a8
                0x20001000                . = ALIGN (0x4)
                0x20001000                __data_start__ = .
 *(vtable)
 *(SORT_BY_ALIGNMENT(.data*))
 .data.SystemHfrcoFreq
                0x20001000        0x4 ./gecko_sdk_4.4.4/platform/Device/SiliconLabs/EFM32GG11B/Source/system_efm32gg11b.o
                0x20001000                SystemHfrcoFreq
 .data.SystemCoreClock
                0x20001004        0x4 ./gecko_sdk_4.4.4/platform/Device/SiliconLabs/EFM32GG11B/Source/system_efm32gg11b.o
                0x20001004                SystemCoreClock
 .data.SystemLFXOClock
                0x20001008        0x4 ./gecko_sdk_4.4.4/platform/Device/SiliconLabs/EFM32GG11B/Source/system_efm32gg11b.o
 .data.SystemHFXOClock
                0x2000100c        0x4 ./gecko_sdk_4.4.4/platform/Device/SiliconLabs/EFM32GG11B/Source/system_efm32gg11b.o
 .data.heap_end.0
                0x20001010        0x4 ./gecko_sdk_4.4.4/platform/common/toolchain/src/sl_memory.o
 .data.ushfrcoFreq
                0x20001014        0x4 ./gecko_sdk_4.4.4/platform/emlib/src/em_cmu.o
 .data.auxHfrcoFreq
                0x20001018        0x4 ./gecko_sdk_4.4.4/platform/emlib/src/em_cmu.o
 .data.uxTopUsedPriority
                0x2000101c        0x4 ./gecko_sdk_4.4.4/util/third_party/freertos/kernel/tasks.o
                0x2000101c                uxTopUsedPriority
 .data.uxCriticalNesting
                0x20001020        0x4 ./gecko_sdk_4.4.4/util/third_party/freertos/kernel/portable/GCC/ARM_CM4F/port.o
 .data.__sglue  0x20001024        0xc e:/siliconlabs/simplicitystudio/v5/developer/toolchains/gnu_arm/12.2.rel1_2023.7/bin/../lib/gcc/arm-none-eabi/12.2.1/thumb/v7e-m+fp/softfp\libc_nano.a(libc_a-findfp.o)
                0x20001024                __sglue
 .data._impure_ptr
                0x20001030        0x4 e:/siliconlabs/simplicitystudio/v5/developer/toolchains/gnu_arm/12.2.rel1_2023.7/bin/../lib/gcc/arm-none-eabi/12.2.1/thumb/v7e-m+fp/softfp\libc_nano.a(libc_a-impure.o)
                0x20001030                _impure_ptr
 .data._impure_data
                0x20001034       0x4c e:/siliconlabs/simplicitystudio/v5/developer/toolchains/gnu_arm/12.2.rel1_2023.7/bin/../lib/gcc/arm-none-eabi/12.2.1/thumb/v7e-m+fp/softfp\libc_nano.a(libc_a-impure.o)
                0x20001034                _impure_data
 .data.hfxo_precision
                0x20001080        0x2 ./gecko_sdk_4.4.4/platform/emlib/src/em_cmu.o
 .data.lfxo_precision
                0x20001082        0x2 ./gecko_sdk_4.4.4/platform/emlib/src/em_cmu.o
                0x20001084                . = ALIGN (0x4)
                [!provide]                PROVIDE (__ram_func_section_start = .)
 *(.ram)
                [!provide]                PROVIDE (__ram_func_section_end = .)
                0x20001084                . = ALIGN (0x4)
                0x20001084                PROVIDE (__preinit_array_start = .)
 *(.preinit_array)
                0x20001084                PROVIDE (__preinit_array_end = .)
                0x20001084                . = ALIGN (0x4)
                0x20001084                PROVIDE (__init_array_start = .)
 *(SORT_BY_NAME(.init_array.*))
 *(.init_array)
 .init_array    0x20001084        0x4 e:/siliconlabs/simplicitystudio/v5/developer/toolchains/gnu_arm/12.2.rel1_2023.7/bin/../lib/gcc/arm-none-eabi/12.2.1/thumb/v7e-m+fp/softfp/crtbegin.o
                0x20001088                PROVIDE (__init_array_end = .)
                0x20001088                . = ALIGN (0x4)
                [!provide]                PROVIDE (__fini_array_start = .)
 *(SORT_BY_NAME(.fini_array.*))
 *(.fini_array)
 .fini_array    0x20001088        0x4 e:/siliconlabs/simplicitystudio/v5/developer/toolchains/gnu_arm/12.2.rel1_2023.7/bin/../lib/gcc/arm-none-eabi/12.2.1/thumb/v7e-m+fp/softfp/crtbegin.o
                [!provide]                PROVIDE (__fini_array_end = .)
                0x2000108c                . = ALIGN (0x4)
                0x2000108c                __data_end__ = .

.tm_clone_table
                0x2000108c        0x0 load address 0x00009634
 .tm_clone_table
                0x2000108c        0x0 e:/siliconlabs/simplicitystudio/v5/developer/toolchains/gnu_arm/12.2.rel1_2023.7/bin/../lib/gcc/arm-none-eabi/12.2.1/thumb/v7e-m+fp/softfp/crtbegin.o
 .tm_clone_table
                0x2000108c        0x0 e:/siliconlabs/simplicitystudio/v5/developer/toolchains/gnu_arm/12.2.rel1_2023.7/bin/../lib/gcc/arm-none-eabi/12.2.1/thumb/v7e-m+fp/softfp/crtend.o

.igot.plt       0x2000108c        0x0 load address 0x00009634
 .igot.plt      0x2000108c        0x0 e:/siliconlabs/simplicitystudio/v5/developer/toolchains/gnu_arm/12.2.rel1_2023.7/bin/../lib/gcc/arm-none-eabi/12.2.1/thumb/v7e-m+fp/softfp/crtbegin.o

.bss            0x2000108c     0xba4c load address 0x00009634
                0x2000108c                . = ALIGN (0x4)
                0x2000108c                __bss_start__ = .
 *(SORT_BY_ALIGNMENT(.bss*))
 .bss.object.0  0x2000108c       0x18 e:/siliconlabs/simplicitystudio/v5/developer/toolchains/gnu_arm/12.2.rel1_2023.7/bin/../lib/gcc/arm-none-eabi/12.2.1/thumb/v7e-m+fp/softfp/crtbegin.o
 .bss.usbd_vendor
                0x200010a4       0xd8 ./gecko_sdk_4.4.4/protocol/usb/src/sl_usbd_class_vendor.o
 .bss.usbd_ptr  0x2000117c        0x4 ./gecko_sdk_4.4.4/protocol/usb/src/sl_usbd_core.o
                0x2000117c                usbd_ptr
 .bss.ctrl_status_buffer
                0x20001180        0x4 ./gecko_sdk_4.4.4/protocol/usb/src/sl_usbd_core.o
 .bss.descriptor_buffer
                0x20001184       0x40 ./gecko_sdk_4.4.4/protocol/usb/src/sl_usbd_core.o
 .bss.usb_device
                0x200011c4      0xad4 ./gecko_sdk_4.4.4/protocol/usb/src/sl_usbd_core.o
 .bss.mutex_attr
                0x20001c98      0x140 ./gecko_sdk_4.4.4/protocol/usb/src/sl_usbd_core_os.o
 .bss.mutex_handle
                0x20001dd8       0x50 ./gecko_sdk_4.4.4/protocol/usb/src/sl_usbd_core_os.o
 .bss.sem_id    0x20001e28       0x50 ./gecko_sdk_4.4.4/protocol/usb/src/sl_usbd_core_os.o
 .bss.sem_attr  0x20001e78      0x140 ./gecko_sdk_4.4.4/protocol/usb/src/sl_usbd_core_os.o
 .bss.message_queue_handle
                0x20001fb8        0x4 ./gecko_sdk_4.4.4/protocol/usb/src/sl_usbd_core_os.o
 .bss.usbd_driver_data
                0x20001fbc       0xa8 ./gecko_sdk_4.4.4/protocol/usb/src/sl_usbd_driver_dwc_otg_fs.o
                0x20001fbc                usbd_driver_data
 .bss.Timer_Stack.0
                0x20002064      0x280 ./gecko_sdk_4.4.4/util/third_party/freertos/cmsis/Source/cmsis_os2.o
 .bss.Timer_TCB.1
                0x200022e4       0x58 ./gecko_sdk_4.4.4/util/third_party/freertos/cmsis/Source/cmsis_os2.o
 .bss.Idle_Stack.2
                0x2000233c      0x280 ./gecko_sdk_4.4.4/util/third_party/freertos/cmsis/Source/cmsis_os2.o
 .bss.Idle_TCB.3
                0x200025bc       0x58 ./gecko_sdk_4.4.4/util/third_party/freertos/cmsis/Source/cmsis_os2.o
 .bss.KernelState
                0x20002614        0x4 ./gecko_sdk_4.4.4/util/third_party/freertos/cmsis/Source/cmsis_os2.o
 .bss.xQueueRegistry
                0x20002618       0x50 ./gecko_sdk_4.4.4/util/third_party/freertos/kernel/queue.o
                0x20002618                xQueueRegistry
 .bss.uxSchedulerSuspended
                0x20002668        0x4 ./gecko_sdk_4.4.4/util/third_party/freertos/kernel/tasks.o
 .bss.xNextTaskUnblockTime
                0x2000266c        0x4 ./gecko_sdk_4.4.4/util/third_party/freertos/kernel/tasks.o
 .bss.uxTaskNumber
                0x20002670        0x4 ./gecko_sdk_4.4.4/util/third_party/freertos/kernel/tasks.o
 .bss.xNumOfOverflows