Archive member included to satisfy reference by file (symbol)

e:/siliconlabs/simplicitystudio/v5/developer/toolchains/gnu_arm/12.2.rel1_2023.7/bin/../lib/gcc/arm-none-eabi/12.2.1/thumb/v7e-m+fp/softfp\libc_nano.a(libc_a-calloc.o)
                              ./gecko_sdk_4.4.4/util/silicon_labs/silabs_core/memory_manager/sl_malloc.o (calloc)
e:/siliconlabs/simplicitystudio/v5/developer/toolchains/gnu_arm/12.2.rel1_2023.7/bin/../lib/gcc/arm-none-eabi/12.2.1/thumb/v7e-m+fp/softfp\libc_nano.a(libc_a-callocr.o)
                              e:/siliconlabs/simplicitystudio/v5/developer/toolchains/gnu_arm/12.2.rel1_2023.7/bin/../lib/gcc/arm-none-eabi/12.2.1/thumb/v7e-m+fp/softfp\libc_nano.a(libc_a-calloc.o) (_calloc_r)
e:/siliconlabs/simplicitystudio/v5/developer/toolchains/gnu_arm/12.2.rel1_2023.7/bin/../lib/gcc/arm-none-eabi/12.2.1/thumb/v7e-m+fp/softfp\libc_nano.a(libc_a-exit.o)
                              e:/siliconlabs/simplicitystudio/v5/developer/toolchains/gnu_arm/12.2.rel1_2023.7/bin/../lib/gcc/arm-none-eabi/12.2.1/thumb/v7e-m+fp/softfp/crt0.o (exit)
e:/siliconlabs/simplicitystudio/v5/developer/toolchains/gnu_arm/12.2.rel1_2023.7/bin/../lib/gcc/arm-none-eabi/12.2.1/thumb/v7e-m+fp/softfp\libc_nano.a(libc_a-malloc.o)
                              ./gecko_sdk_4.4.4/util/silicon_labs/silabs_core/memory_manager/sl_malloc.o (malloc)
e:/siliconlabs/simplicitystudio/v5/developer/toolchains/gnu_arm/12.2.rel1_2023.7/bin/../lib/gcc/arm-none-eabi/12.2.1/thumb/v7e-m+fp/softfp\libc_nano.a(libc_a-mallocr.o)
                              e:/siliconlabs/simplicitystudio/v5/developer/toolchains/gnu_arm/12.2.rel1_2023.7/bin/../lib/gcc/arm-none-eabi/12.2.1/thumb/v7e-m+fp/softfp\libc_nano.a(libc_a-callocr.o) (_malloc_r)
e:/siliconlabs/simplicitystudio/v5/developer/toolchains/gnu_arm/12.2.rel1_2023.7/bin/../lib/gcc/arm-none-eabi/12.2.1/thumb/v7e-m+fp/softfp\libc_nano.a(libc_a-mlock.o)
                              e:/siliconlabs/simplicitystudio/v5/developer/toolchains/gnu_arm/12.2.rel1_2023.7/bin/../lib/gcc/arm-none-eabi/12.2.1/thumb/v7e-m+fp/softfp\libc_nano.a(libc_a-mallocr.o) (__malloc_lock)
e:/siliconlabs/simplicitystudio/v5/developer/toolchains/gnu_arm/12.2.rel1_2023.7/bin/../lib/gcc/arm-none-eabi/12.2.1/thumb/v7e-m+fp/softfp\libc_nano.a(libc_a-realloc.o)
                              ./gecko_sdk_4.4.4/util/silicon_labs/silabs_core/memory_manager/sl_malloc.o (realloc)
e:/siliconlabs/simplicitystudio/v5/developer/toolchains/gnu_arm/12.2.rel1_2023.7/bin/../lib/gcc/arm-none-eabi/12.2.1/thumb/v7e-m+fp/softfp\libc_nano.a(libc_a-reallocr.o)
                              e:/siliconlabs/simplicitystudio/v5/developer/toolchains/gnu_arm/12.2.rel1_2023.7/bin/../lib/gcc/arm-none-eabi/12.2.1/thumb/v7e-m+fp/softfp\libc_nano.a(libc_a-realloc.o) (_realloc_r)
e:/siliconlabs/simplicitystudio/v5/developer/toolchains/gnu_arm/12.2.rel1_2023.7/bin/../lib/gcc/arm-none-eabi/12.2.1/thumb/v7e-m+fp/softfp\libc_nano.a(libc_a-ctype_.o)
                              ./gecko_sdk_4.4.4/platform/common/src/sl_string.o (_ctype_)
e:/siliconlabs/simplicitystudio/v5/developer/toolchains/gnu_arm/12.2.rel1_2023.7/bin/../lib/gcc/arm-none-eabi/12.2.1/thumb/v7e-m+fp/softfp\libc_nano.a(libc_a-findfp.o)
                              e:/siliconlabs/simplicitystudio/v5/developer/toolchains/gnu_arm/12.2.rel1_2023.7/bin/../lib/gcc/arm-none-eabi/12.2.1/thumb/v7e-m+fp/softfp\libc_nano.a(libc_a-exit.o) (__stdio_exit_handler)
e:/siliconlabs/simplicitystudio/v5/developer/toolchains/gnu_arm/12.2.rel1_2023.7/bin/../lib/gcc/arm-none-eabi/12.2.1/thumb/v7e-m+fp/softfp\libc_nano.a(libc_a-fwalk.o)
                              e:/siliconlabs/simplicitystudio/v5/developer/toolchains/gnu_arm/12.2.rel1_2023.7/bin/../lib/gcc/arm-none-eabi/12.2.1/thumb/v7e-m+fp/softfp\libc_nano.a(libc_a-findfp.o) (_fwalk_sglue)
e:/siliconlabs/simplicitystudio/v5/developer/toolchains/gnu_arm/12.2.rel1_2023.7/bin/../lib/gcc/arm-none-eabi/12.2.1/thumb/v7e-m+fp/softfp\libc_nano.a(libc_a-stdio.o)
                              e:/siliconlabs/simplicitystudio/v5/developer/toolchains/gnu_arm/12.2.rel1_2023.7/bin/../lib/gcc/arm-none-eabi/12.2.1/thumb/v7e-m+fp/softfp\libc_nano.a(libc_a-findfp.o) (__sread)
e:/siliconlabs/simplicitystudio/v5/developer/toolchains/gnu_arm/12.2.rel1_2023.7/bin/../lib/gcc/arm-none-eabi/12.2.1/thumb/v7e-m+fp/softfp\libc_nano.a(libc_a-memset.o)
                              e:/siliconlabs/simplicitystudio/v5/developer/toolchains/gnu_arm/12.2.rel1_2023.7/bin/../lib/gcc/arm-none-eabi/12.2.1/thumb/v7e-m+fp/softfp/crt0.o (memset)
e:/siliconlabs/simplicitystudio/v5/developer/toolchains/gnu_arm/12.2.rel1_2023.7/bin/../lib/gcc/arm-none-eabi/12.2.1/thumb/v7e-m+fp/softfp\libc_nano.a(libc_a-strtok.o)
                              ./autogen/sl_usbd_class_cdc_acm_instances.o (strtok)
e:/siliconlabs/simplicitystudio/v5/developer/toolchains/gnu_arm/12.2.rel1_2023.7/bin/../lib/gcc/arm-none-eabi/12.2.1/thumb/v7e-m+fp/softfp\libc_nano.a(libc_a-strtok_r.o)
[...]
Memory Configuration

Name             Origin             Length             Attributes
FLASH            0x00000000         0x00200000         xr
RAM              0x20000000         0x00080000         xrw
*default*        0x00000000         0xffffffff

Linker script and memory map

LOAD e:/siliconlabs/simplicitystudio/v5/developer/toolchains/gnu_arm/12.2.rel1_2023.7/bin/../lib/gcc/arm-none-eabi/12.2.1/thumb/v7e-m+fp/softfp/crti.o
LOAD e:/siliconlabs/simplicitystudio/v5/developer/toolchains/gnu_arm/12.2.rel1_2023.7/bin/../lib/gcc/arm-none-eabi/12.2.1/thumb/v7e-m+fp/softfp/crtbegin.o
LOAD e:/siliconlabs/simplicitystudio/v5/developer/toolchains/gnu_arm/12.2.rel1_2023.7/bin/../lib/gcc/arm-none-eabi/12.2.1/thumb/v7e-m+fp/softfp/crt0.o
START GROUP
LOAD ./app.o
LOAD ./main.o
LOAD ./usb_cdc_acm_app.o
LOAD ./autogen/sl_board_default_init.o
LOAD ./autogen/sl_device_init_clocks.o
LOAD ./autogen/sl_event_handler.o
LOAD ./autogen/sl_usbd_class_cdc_acm_instances.o
LOAD ./autogen/sl_usbd_configuration_instances.o
LOAD ./autogen/sl_usbd_init.o
LOAD ./gecko_sdk_4.4.4/hardware/board/src/sl_board_control_gpio.o
LOAD ./gecko_sdk_4.4.4/hardware/board/src/sl_board_init.o
LOAD ./gecko_sdk_4.4.4/platform/CMSIS/RTOS2/Source/os_systick.o
LOAD ./gecko_sdk_4.4.4/platform/Device/SiliconLabs/EFM32GG11B/Source/startup_efm32gg11b.o
LOAD ./gecko_sdk_4.4.4/platform/Device/SiliconLabs/EFM32GG11B/Source/system_efm32gg11b.o
LOAD ./gecko_sdk_4.4.4/platform/common/src/sl_assert.o
LOAD ./gecko_sdk_4.4.4/platform/common/src/sl_string.o
LOAD ./gecko_sdk_4.4.4/platform/common/src/sl_syscalls.o
LOAD ./gecko_sdk_4.4.4/platform/common/toolchain/src/sl_memory.o
LOAD ./gecko_sdk_4.4.4/platform/emlib/src/em_cmu.o
LOAD ./gecko_sdk_4.4.4/platform/emlib/src/em_core.o
LOAD ./gecko_sdk_4.4.4/platform/emlib/src/em_emu.o
LOAD ./gecko_sdk_4.4.4/platform/emlib/src/em_gpio.o
LOAD ./gecko_sdk_4.4.4/platform/emlib/src/em_msc.o
LOAD ./gecko_sdk_4.4.4/platform/emlib/src/em_system.o
LOAD ./gecko_sdk_4.4.4/platform/service/device_init/src/sl_device_init_dcdc_s1.o
LOAD ./gecko_sdk_4.4.4/platform/service/device_init/src/sl_device_init_emu_s1.o
LOAD ./gecko_sdk_4.4.4/platform/service/device_init/src/sl_device_init_hfxo_s1.o
LOAD ./gecko_sdk_4.4.4/platform/service/device_init/src/sl_device_init_lfxo_s1.o
LOAD ./gecko_sdk_4.4.4/platform/service/device_init/src/sl_device_init_nvic.o
LOAD ./gecko_sdk_4.4.4/platform/service/system/src/sl_system_init.o
LOAD ./gecko_sdk_4.4.4/platform/service/system/src/sl_system_kernel.o
LOAD ./gecko_sdk_4.4.4/platform/service/udelay/src/sl_udelay.o
LOAD ./gecko_sdk_4.4.4/platform/service/udelay/src/sl_udelay_armv6m_gcc.o
LOAD ./gecko_sdk_4.4.4/protocol/usb/src/sl_usbd_class_cdc.o
LOAD ./gecko_sdk_4.4.4/protocol/usb/src/sl_usbd_class_cdc_acm.o
LOAD ./gecko_sdk_4.4.4/protocol/usb/src/sl_usbd_core.o
LOAD ./gecko_sdk_4.4.4/protocol/usb/src/sl_usbd_core_ep.o
LOAD ./gecko_sdk_4.4.4/protocol/usb/src/sl_usbd_core_os.o
LOAD ./gecko_sdk_4.4.4/protocol/usb/src/sl_usbd_driver_dwc_otg_fs.o
LOAD ./gecko_sdk_4.4.4/util/silicon_labs/silabs_core/memory_manager/sl_malloc.o
LOAD ./gecko_sdk_4.4.4/util/third_party/freertos/cmsis/Source/cmsis_os2.o
LOAD ./gecko_sdk_4.4.4/util/third_party/freertos/kernel/croutine.o
LOAD ./gecko_sdk_4.4.4/util/third_party/freertos/kernel/event_groups.o
LOAD ./gecko_sdk_4.4.4/util/third_party/freertos/kernel/list.o
LOAD ./gecko_sdk_4.4.4/util/third_party/freertos/kernel/queue.o
LOAD ./gecko_sdk_4.4.4/util/third_party/freertos/kernel/stream_buffer.o
LOAD ./gecko_sdk_4.4.4/util/third_party/freertos/kernel/tasks.o
LOAD ./gecko_sdk_4.4.4/util/third_party/freertos/kernel/timers.o
LOAD ./gecko_sdk_4.4.4/util/third_party/freertos/kernel/portable/GCC/ARM_CM4F/port.o
LOAD ./gecko_sdk_4.4.4/util/third_party/freertos/kernel/portable/MemMang/heap_4.o
LOAD e:/siliconlabs/simplicitystudio/v5/developer/toolchains/gnu_arm/12.2.rel1_2023.7/bin/../lib/gcc/arm-none-eabi/12.2.1/thumb/v7e-m+fp/softfp\libgcc.a
LOAD e:/siliconlabs/simplicitystudio/v5/developer/toolchains/gnu_arm/12.2.rel1_2023.7/bin/../lib/gcc/arm-none-eabi/12.2.1/thumb/v7e-m+fp/softfp\libc_nano.a
LOAD e:/siliconlabs/simplicitystudio/v5/developer/toolchains/gnu_arm/12.2.rel1_2023.7/bin/../lib/gcc/arm-none-eabi/12.2.1/thumb/v7e-m+fp/softfp\libm.a
LOAD e:/siliconlabs/simplicitystudio/v5/developer/toolchains/gnu_arm/12.2.rel1_2023.7/bin/../lib/gcc/arm-none-eabi/12.2.1/thumb/v7e-m+fp/softfp\libnosys.a
END GROUP
START GROUP
LOAD e:/siliconlabs/simplicitystudio/v5/developer/toolchains/gnu_arm/12.2.rel1_2023.7/bin/../lib/gcc/arm-none-eabi/12.2.1/thumb/v7e-m+fp/softfp\libgcc.a
LOAD e:/siliconlabs/simplicitystudio/v5/developer/toolchains/gnu_arm/12.2.rel1_2023.7/bin/../lib/gcc/arm-none-eabi/12.2.1/thumb/v7e-m+fp/softfp\libc_nano.a
LOAD e:/siliconlabs/simplicitystudio/v5/developer/toolchains/gnu_arm/12.2.rel1_2023.7/bin/../lib/gcc/arm-none-eabi/12.2.1/thumb/v7e-m+fp/softfp\libnosys.a
END GROUP
START GROUP
LOAD e:/siliconlabs/simplicitystudio/v5/developer/toolchains/gnu_arm/12.2.rel1_2023.7/bin/../lib/gcc/arm-none-eabi/12.2.1/thumb/v7e-m+fp/softfp\libgcc.a
LOAD e:/siliconlabs/simplicitystudio/v5/developer/toolchains/gnu_arm/12.2.rel1_2023.7/bin/../lib/gcc/arm-none-eabi/12.2.1/thumb/v7e-m+fp/softfp\libg_nano.a
LOAD e:/siliconlabs/simplicitystudio/v5/developer/toolchains/gnu_arm/12.2.rel1_2023.7/bin/../lib/gcc/arm-none-eabi/12.2.1/thumb/v7e-m+fp/softfp\libc_nano.a
END GROUP
START GROUP
LOAD e:/siliconlabs/simplicitystudio/v5/developer/toolchains/gnu_arm/12.2.rel1_2023.7/bin/../lib/gcc/arm-none-eabi/12.2.1/thumb/v7e-m+fp/softfp\libgcc.a
LOAD e:/siliconlabs/simplicitystudio/v5/developer/toolchains/gnu_arm/12.2.rel1_2023.7/bin/../lib/gcc/arm-none-eabi/12.2.1/thumb/v7e-m+fp/softfp\libc_nano.a
END GROUP
LOAD e:/siliconlabs/simplicitystudio/v5/developer/toolchains/gnu_arm/12.2.rel1_2023.7/bin/../lib/gcc/arm-none-eabi/12.2.1/thumb/v7e-m+fp/softfp/crtend.o
LOAD e:/siliconlabs/simplicitystudio/v5/developer/toolchains/gnu_arm/12.2.rel1_2023.7/bin/../lib/gcc/arm-none-eabi/12.2.1/thumb/v7e-m+fp/softfp/crtn.o

.text           0x00000000     0xa940
                0x00000000                linker_vectors_begin = .
 *(.vectors)
 .vectors       0x00000000      0x158 ./gecko_sdk_4.4.4/platform/Device/SiliconLabs/EFM32GG11B/Source/startup_efm32gg11b.o
                0x00000000                __Vectors
                0x00000158                linker_vectors_end = .
                0x00000158                __Vectors_End = .
                0x00000158                __Vectors_Size = (__Vectors_End - __Vectors)
                0x00000158                linker_code_begin = .
 *(SORT_BY_ALIGNMENT(.text*))
 *fill*         0x00000158        0x8 
 .text.SVC_Handler
                0x00000160       0x24 ./gecko_sdk_4.4.4/util/third_party/freertos/kernel/portable/GCC/ARM_CM4F/port.o
                0x00000160                SVC_Handler
 *fill*         0x00000184        0xc 
 .text.PendSV_Handler
                0x00000190       0x64 ./gecko_sdk_4.4.4/util/third_party/freertos/kernel/portable/GCC/ARM_CM4F/port.o
                0x00000190                PendSV_Handler
 *fill*         0x000001f4        0xc 
 .text          0x00000200       0xa0 e:/siliconlabs/simplicitystudio/v5/developer/toolchains/gnu_arm/12.2.rel1_2023.7/bin/../lib/gcc/arm-none-eabi/12.2.1/thumb/v7e-m+fp/softfp\libc_nano.a(libc_a-memchr.o)
                0x00000200                memchr
 .text.deregister_tm_clones
                0x000002a0       0x1c e:/siliconlabs/simplicitystudio/v5/developer/toolchains/gnu_arm/12.2.rel1_2023.7/bin/../lib/gcc/arm-none-eabi/12.2.1/thumb/v7e-m+fp/softfp/crtbegin.o
 .text.register_tm_clones
                0x000002bc       0x24 e:/siliconlabs/simplicitystudio/v5/developer/toolchains/gnu_arm/12.2.rel1_2023.7/bin/../lib/gcc/arm-none-eabi/12.2.1/thumb/v7e-m+fp/softfp/crtbegin.o
 .text.__do_global_dtors_aux
                0x000002e0       0x28 e:/siliconlabs/simplicitystudio/v5/developer/toolchains/gnu_arm/12.2.rel1_2023.7/bin/../lib/gcc/arm-none-eabi/12.2.1/thumb/v7e-m+fp/softfp/crtbegin.o
 .text.frame_dummy
                0x00000308       0x24 e:/siliconlabs/simplicitystudio/v5/developer/toolchains/gnu_arm/12.2.rel1_2023.7/bin/../lib/gcc/arm-none-eabi/12.2.1/thumb/v7e-m+fp/softfp/crtbegin.o
 .text          0x0000032c       0x7c e:/siliconlabs/simplicitystudio/v5/developer/toolchains/gnu_arm/12.2.rel1_2023.7/bin/../lib/gcc/arm-none-eabi/12.2.1/thumb/v7e-m+fp/softfp/crt0.o
                0x0000032c                _stack_init
                0x00000334                _start
                0x00000334                _mainCRTStartup
 .text.terminal_task
                0x000003a8      0x358 ./usb_cdc_acm_app.o
 .text.loopback_rx_callback
                0x00000700       0x98 ./usb_cdc_acm_app.o
 .text.loopback_tx_callback
                0x00000798       0x68 ./usb_cdc_acm_app.o
 .text.usb_device_cdc_acm_app_init
                0x00000800       0x68 ./usb_cdc_acm_app.o
                0x00000800                usb_device_cdc_acm_app_init
 .text.sl_device_init_clocks
                0x00000868       0x58 ./autogen/sl_device_init_clocks.o
                0x00000868                sl_device_init_clocks
 .text.sl_platform_init
                0x000008c0       0x88 ./autogen/sl_event_handler.o
                0x000008c0                sl_platform_init
 .text.sli_usbd_cdc_acm_acm0_init
                0x00000948       0x78 ./autogen/sl_usbd_class_cdc_acm_instances.o
                0x00000948                sli_usbd_cdc_acm_acm0_init
 .text.sli_usbd_configuration_config0_init
                0x000009c0       0x30 ./autogen/sl_usbd_configuration_instances.o
                0x000009c0                sli_usbd_configuration_config0_init
 .text.sl_board_init
                0x000009f0       0x18 ./gecko_sdk_4.4.4/hardware/board/src/sl_board_init.o
                0x000009f0                sl_board_init
 .text.sl_board_preinit
                0x00000a08        0xc ./gecko_sdk_4.4.4/hardware/board/src/sl_board_init.o
                0x00000a08                sl_board_preinit
 .text.Reset_Handler
                0x00000a14       0x60 ./gecko_sdk_4.4.4/platform/Device/SiliconLabs/EFM32GG11B/Source/startup_efm32gg11b.o
                0x00000a14                Reset_Handler
 .text.SystemMaxCoreClockGet
                0x00000a74        0x8 ./gecko_sdk_4.4.4/platform/Device/SiliconLabs/EFM32GG11B/Source/system_efm32gg11b.o
                0x00000a74                SystemMaxCoreClockGet
 .text.SystemHFClockGet
                0x00000a7c       0x74 ./gecko_sdk_4.4.4/platform/Device/SiliconLabs/EFM32GG11B/Source/system_efm32gg11b.o
                0x00000a7c                SystemHFClockGet
 .text.SystemCoreClockGet
                0x00000af0       0x24 ./gecko_sdk_4.4.4/platform/Device/SiliconLabs/EFM32GG11B/Source/system_efm32gg11b.o
                0x00000af0                SystemCoreClockGet
 .text.SystemHFXOClockGet
                0x00000b14        0xc ./gecko_sdk_4.4.4/platform/Device/SiliconLabs/EFM32GG11B/Source/system_efm32gg11b.o
                0x00000b14                SystemHFXOClockGet
 .text.SystemHFXOClockSet
                0x00000b20       0x20 ./gecko_sdk_4.4.4/platform/Device/SiliconLabs/EFM32GG11B/Source/system_efm32gg11b.o
                0x00000b20                SystemHFXOClockSet
 .text.SystemInit
                0x00000b40       0x1c ./gecko_sdk_4.4.4/platform/Device/SiliconLabs/EFM32GG11B/Source/system_efm32gg11b.o
                0x00000b40                SystemInit
 .text.SystemLFXOClockGet
                0x00000b5c        0xc ./gecko_sdk_4.4.4/platform/Device/SiliconLabs/EFM32GG11B/Source/system_efm32gg11b.o
                0x00000b5c                SystemLFXOClockGet
 .text._sbrk    0x00000b68       0x20 ./gecko_sdk_4.4.4/platform/common/toolchain/src/sl_memory.o
                0x00000b68                _sbrk
 .text.setHfLeConfig
                0x00000b88       0x44 ./gecko_sdk_4.4.4/platform/emlib/src/em_cmu.o
 .text.flashWaitStateControl
                0x00000bcc       0x54 ./gecko_sdk_4.4.4/platform/emlib/src/em_cmu.o
 .text.EMU_VScaleWait
                0x00000c20       0x1c ./gecko_sdk_4.4.4/platform/emlib/src/em_cmu.o
 .text.EMU_VScaleGet
                0x00000c3c       0x14 ./gecko_sdk_4.4.4/platform/emlib/src/em_cmu.o
 .text.syncReg  0x00000c50       0x18 ./gecko_sdk_4.4.4/platform/emlib/src/em_cmu.o
 .text.CMU_PrescToLog2
                0x00000c68       0x54 ./gecko_sdk_4.4.4/platform/emlib/src/em_cmu.o
 .text.CMU_UpdateWaitStates
                0x00000cbc       0x7c ./gecko_sdk_4.4.4/platform/emlib/src/em_cmu.o
                0x00000cbc                CMU_UpdateWaitStates
 .text.CMU_ClockEnable
                0x00000d38       0xec ./gecko_sdk_4.4.4/platform/emlib/src/em_cmu.o
                0x00000d38                CMU_ClockEnable
 .text.CMU_ClockPrescGet
                0x00000e24      0x198 ./gecko_sdk_4.4.4/platform/emlib/src/em_cmu.o
                0x00000e24                CMU_ClockPrescGet
 .text.CMU_ClockPrescSet
                0x00000fbc      0x458 ./gecko_sdk_4.4.4/platform/emlib/src/em_cmu.o
                0x00000fbc                CMU_ClockPrescSet
 .text.hfperClkSafePrescaler
                0x00001414       0x2c ./gecko_sdk_4.4.4/platform/emlib/src/em_cmu.o
 .text.hfperClkOptimizedPrescaler
                0x00001440       0x94 ./gecko_sdk_4.4.4/platform/emlib/src/em_cmu.o
 .text.CMU_ClockSelectGet
                0x000014d4      0x14c ./gecko_sdk_4.4.4/platform/emlib/src/em_cmu.o
                0x000014d4                CMU_ClockSelectGet
 .text.lfClkGet
                0x00001620       0xd0 ./gecko_sdk_4.4.4/platform/emlib/src/em_cmu.o
 .text.adcAsyncClkGet
                0x000016f0       0x64 ./gecko_sdk_4.4.4/platform/emlib/src/em_cmu.o
 .text.CMU_ClockFreqGet
                0x00001754      0x340 ./gecko_sdk_4.4.4/platform/emlib/src/em_cmu.o
                0x00001754                CMU_ClockFreqGet
 .text.CMU_USHFRCOBandSet
                0x00001a94       0x88 ./gecko_sdk_4.4.4/platform/emlib/src/em_cmu.o
                0x00001a94                CMU_USHFRCOBandSet
 .text.CMU_LFXOPrecisionSet
                0x00001b1c        0xc ./gecko_sdk_4.4.4/platform/emlib/src/em_cmu.o
                0x00001b1c                CMU_LFXOPrecisionSet
 .text.CMU_HFXOPrecisionSet
                0x00001b28        0xc ./gecko_sdk_4.4.4/platform/emlib/src/em_cmu.o
                0x00001b28                CMU_HFXOPrecisionSet
 .text.CMU_OscillatorTuningWait
                0x00001b34       0x4c ./gecko_sdk_4.4.4/platform/emlib/src/em_cmu.o
                0x00001b34                CMU_OscillatorTuningWait
 .text.CMU_OscillatorEnable
                0x00001b80      0x128 ./gecko_sdk_4.4.4/platform/emlib/src/em_cmu.o
                0x00001b80                CMU_OscillatorEnable
 .text.sli_em_cmu_HFClockSelectHFXO
                0x00001ca8       0x68 ./gecko_sdk_4.4.4/platform/emlib/src/em_cmu.o
                0x00001ca8                sli_em_cmu_HFClockSelectHFXO
 .text.CMU_HFXOInit
                0x00001d10       0xa0 ./gecko_sdk_4.4.4/platform/emlib/src/em_cmu.o
                0x00001d10                CMU_HFXOInit
 .text.CMU_LFXOInit
                0x00001db0       0x58 ./gecko_sdk_4.4.4/platform/emlib/src/em_cmu.o
                0x00001db0                CMU_LFXOInit
 .text.EMU_LDOStatusGet
                0x00001e08       0x14 ./gecko_sdk_4.4.4/platform/emlib/src/em_emu.o
 .text.lpGetDevinfoVrefLowHigh
                0x00001e1c       0x74 ./gecko_sdk_4.4.4/platform/emlib/src/em_emu.o
 .text.EMU_VScaleWait
                0x00001e90       0x18 ./gecko_sdk_4.4.4/platform/emlib/src/em_emu.o
 .text.EMU_EM4Init
                0x00001ea8       0x40 ./gecko_sdk_4.4.4/platform/emlib/src/em_emu.o
                0x00001ea8                EMU_EM4Init
 .text.EMU_VScaleEM01
                0x00001ee8       0x98 ./gecko_sdk_4.4.4/platform/emlib/src/em_emu.o
                0x00001ee8                EMU_VScaleEM01
 .text.EMU_VScaleEM01ByClock
                0x00001f80       0x4c ./gecko_sdk_4.4.4/platform/emlib/src/em_emu.o
                0x00001f80                EMU_VScaleEM01ByClock
 .text.EMU_DCDCModeSet
                0x00001fcc       0x68 ./gecko_sdk_4.4.4/platform/emlib/src/em_emu.o
                0x00001fcc                EMU_DCDCModeSet
 .text.EMU_DCDCOutputVoltageSet
                0x00002034      0x1f0 ./gecko_sdk_4.4.4/platform/emlib/src/em_emu.o
                0x00002034                EMU_DCDCOutputVoltageSet
 .text.EMU_DCDCOptimizeSlice
                0x00002224       0xdc ./gecko_sdk_4.4.4/platform/emlib/src/em_emu.o
                0x00002224                EMU_DCDCOptimizeSlice
 .text.EMU_DCDCLnRcoBandSet
                0x00002300       0x44 ./gecko_sdk_4.4.4/platform/emlib/src/em_emu.o
                0x00002300                EMU_DCDCLnRcoBandSet
 .text.EMU_DCDCInit
                0x00002344      0x170 ./gecko_sdk_4.4.4/platform/emlib/src/em_emu.o
                0x00002344                EMU_DCDCInit
 .text.sl_device_init_dcdc
                0x000024b4       0x2c ./gecko_sdk_4.4.4/platform/service/device_init/src/sl_device_init_dcdc_s1.o
                0x000024b4                sl_device_init_dcdc
 .text.sl_device_init_hfxo
                0x000024e0       0x60 ./gecko_sdk_4.4.4/platform/service/device_init/src/sl_device_init_hfxo_s1.o
                0x000024e0                sl_device_init_hfxo
 .text.sl_device_init_lfxo
                0x00002540       0x28 ./gecko_sdk_4.4.4/platform/service/device_init/src/sl_device_init_lfxo_s1.o
                0x00002540                sl_device_init_lfxo
 .text.sl_device_init_nvic
                0x00002568       0x3c ./gecko_sdk_4.4.4/platform/service/device_init/src/sl_device_init_nvic.o
                0x00002568                sl_device_init_nvic
 .text.sl_usbd_cdc_init
                0x000025a4       0x98 ./gecko_sdk_4.4.4/protocol/usb/src/sl_usbd_class_cdc.o
                0x000025a4                sl_usbd_cdc_init
 .text.sl_usbd_cdc_create_instance
                0x0000263c       0x84 ./gecko_sdk_4.4.4/protocol/usb/src/sl_usbd_class_cdc.o
                0x0000263c                sl_usbd_cdc_create_instance
 .text.sl_usbd_cdc_add_to_configuration
                0x000026c0      0x208 ./gecko_sdk_4.4.4/protocol/usb/src/sl_usbd_class_cdc.o
                0x000026c0                sl_usbd_cdc_add_to_configuration
 .text.sl_usbd_cdc_is_enabled
                0x000028c8       0x4c ./gecko_sdk_4.4.4/protocol/usb/src/sl_usbd_class_cdc.o
                0x000028c8                sl_usbd_cdc_is_enabled
 .text.sl_usbd_cdc_add_data_interface
                0x00002914       0xa0 ./gecko_sdk_4.4.4/protocol/usb/src/sl_usbd_class_cdc.o
                0x00002914                sl_usbd_cdc_add_data_interface
 .text.sl_usbd_cdc_read_data
                0x000029b4       0x84 ./gecko_sdk_4.4.4/protocol/usb/src/sl_usbd_class_cdc.o
                0x000029b4                sl_usbd_cdc_read_data
 .text.sl_usbd_cdc_read_data_async
                0x00002a38       0xac ./gecko_sdk_4.4.4/protocol/usb/src/sl_usbd_class_cdc.o
                0x00002a38                sl_usbd_cdc_read_data_async
 .text.sl_usbd_cdc_write_data
                0x00002ae4       0x88 ./gecko_sdk_4.4.4/protocol/usb/src/sl_usbd_class_cdc.o
                0x00002ae4                sl_usbd_cdc_write_data
 .text.sl_usbd_cdc_write_data_async
                0x00002b6c       0xb0 ./gecko_sdk_4.4.4/protocol/usb/src/sl_usbd_class_cdc.o
                0x00002b6c                sl_usbd_cdc_write_data_async
 .text.sl_usbd_cdc_notify_host
                0x00002c1c       0xa8 ./gecko_sdk_4.4.4/protocol/usb/src/sl_usbd_class_cdc.o
                0x00002c1c                sl_usbd_cdc_notify_host
 .text.sl_usbd_cdc_acm_init
                0x00002cc4       0x60 ./gecko_sdk_4.4.4/protocol/usb/src/sl_usbd_class_cdc_acm.o
                0x00002cc4                sl_usbd_cdc_acm_init
 .text.sl_usbd_cdc_acm_create_instance
                0x00002d24       0x98 ./gecko_sdk_4.4.4/protocol/usb/src/sl_usbd_class_cdc_acm.o
                0x00002d24                sl_usbd_cdc_acm_create_instance
 .text.sl_usbd_cdc_acm_add_to_configuration
                0x00002dbc       0x28 ./gecko_sdk_4.4.4/protocol/usb/src/sl_usbd_class_cdc_acm.o
                0x00002dbc                sl_usbd_cdc_acm_add_to_configuration
 .text.sl_usbd_cdc_acm_is_enabled
                0x00002de4       0x28 ./gecko_sdk_4.4.4/protocol/usb/src/sl_usbd_class_cdc_acm.o
                0x00002de4                sl_usbd_cdc_acm_is_enabled
 .text.sl_usbd_cdc_acm_read
                0x00002e0c       0x60 ./gecko_sdk_4.4.4/protocol/usb/src/sl_usbd_class_cdc_acm.o
                0x00002e0c                sl_usbd_cdc_acm_read
 .text.sl_usbd_cdc_acm_read_async
                0x00002e6c       0x8c ./gecko_sdk_4.4.4/protocol/usb/src/sl_usbd_class_cdc_acm.o
                0x00002e6c                sl_usbd_cdc_acm_read_async
 .text.sl_usbd_cdc_acm_write
                0x00002ef8       0x60 ./gecko_sdk_4.4.4/protocol/usb/src/sl_usbd_class_cdc_acm.o
                0x00002ef8                sl_usbd_cdc_acm_write
 .text.sl_usbd_cdc_acm_write_async
                0x00002f58       0x8c ./gecko_sdk_4.4.4/protocol/usb/src/sl_usbd_class_cdc_acm.o
                0x00002f58                sl_usbd_cdc_acm_write_async
 .text.sl_usbd_cdc_acm_get_line_control_state
                0x00002fe4       0x24 ./gecko_sdk_4.4.4/protocol/usb/src/sl_usbd_class_cdc_acm.o
                0x00002fe4                sl_usbd_cdc_acm_get_line_control_state
 .text.usbd_core_write_to_descriptor_buf
                0x00003008       0xa0 ./gecko_sdk_4.4.4/protocol/usb/src/sl_usbd_core.o
 .text.usbd_core_add_string
                0x000030a8       0x60 ./gecko_sdk_4.4.4/protocol/usb/src/sl_usbd_core.o
 .text.usbd_core_stop_descriptor_write
                0x00003108       0x48 ./gecko_sdk_4.4.4/protocol/usb/src/sl_usbd_core.o
 .text.usbd_core_add_endpoint
                0x00003150      0x16c ./gecko_sdk_4.4.4/protocol/usb/src/sl_usbd_core.o
 .text.sl_usbd_core_init
                0x000032bc      0x280 ./gecko_sdk_4.4.4/protocol/usb/src/sl_usbd_core.o
                0x000032bc                sl_usbd_core_init
 .text.sl_usbd_core_start_device
                0x0000353c       0x3c ./gecko_sdk_4.4.4/protocol/usb/src/sl_usbd_core.o
                0x0000353c                sl_usbd_core_start_device
 .text.sl_usbd_core_add_configuration
                0x00003578       0xc4 ./gecko_sdk_4.4.4/protocol/usb/src/sl_usbd_core.o
                0x00003578                sl_usbd_core_add_configuration
 .text.sl_usbd_core_get_device_state
                0x0000363c       0x18 ./gecko_sdk_4.4.4/protocol/usb/src/sl_usbd_core.o
                0x0000363c                sl_usbd_core_get_device_state
 .text.sl_usbd_core_add_interface
                0x00003654      0x164 ./gecko_sdk_4.4.4/protocol/usb/src/sl_usbd_core.o
                0x00003654                sl_usbd_core_add_interface
 .text.sl_usbd_core_add_interface_group
                0x000037b8      0x13c ./gecko_sdk_4.4.4/protocol/usb/src/sl_usbd_core.o
                0x000037b8                sl_usbd_core_add_interface_group
 .text.sl_usbd_core_write_08b_to_descriptor_buf
                0x000038f4       0x24 ./gecko_sdk_4.4.4/protocol/usb/src/sl_usbd_core.o
                0x000038f4                sl_usbd_core_write_08b_to_descriptor_buf
 .text.sl_usbd_core_write_16b_to_descriptor_buf
                0x00003918       0x24 ./gecko_sdk_4.4.4/protocol/usb/src/sl_usbd_core.o
                0x00003918                sl_usbd_core_write_16b_to_descriptor_buf
 .text.sl_usbd_core_add_bulk_endpoint
                0x0000393c       0x50 ./gecko_sdk_4.4.4/protocol/usb/src/sl_usbd_core.o
                0x0000393c                sl_usbd_core_add_bulk_endpoint
 .text.sli_usbd_core_setup_event
                0x0000398c       0x3c ./gecko_sdk_4.4.4/protocol/usb/src/sl_usbd_core.o
                0x0000398c                sli_usbd_core_setup_event
 .text.sli_usbd_core_task_handler
                0x000039c8      0x738 ./gecko_sdk_4.4.4/protocol/usb/src/sl_usbd_core.o
                0x000039c8                sli_usbd_core_task_handler
 .text.usbd_core_get_urb
                0x00004100       0x40 ./gecko_sdk_4.4.4/protocol/usb/src/sl_usbd_core_ep.o
 .text.usbd_core_free_urb.constprop.0
                0x00004140       0x28 ./gecko_sdk_4.4.4/protocol/usb/src/sl_usbd_core_ep.o
 .text.sl_usbd_core_read_bulk_sync
                0x00004168       0xa8 ./gecko_sdk_4.4.4/protocol/usb/src/sl_usbd_core_ep.o
                0x00004168                sl_usbd_core_read_bulk_sync
 .text.sl_usbd_core_read_bulk_async
                0x00004210       0x9c ./gecko_sdk_4.4.4/protocol/usb/src/sl_usbd_core_ep.o
                0x00004210                sl_usbd_core_read_bulk_async
 .text.sl_usbd_core_write_bulk_sync
                0x000042ac       0xac ./gecko_sdk_4.4.4/protocol/usb/src/sl_usbd_core_ep.o
                0x000042ac                sl_usbd_core_write_bulk_sync
 .text.sl_usbd_core_write_bulk_async
                0x00004358       0xa0 ./gecko_sdk_4.4.4/protocol/usb/src/sl_usbd_core_ep.o
                0x00004358                sl_usbd_core_write_bulk_async
 .text.sl_usbd_core_write_interrupt_async
                0x000043f8       0xa0 ./gecko_sdk_4.4.4/protocol/usb/src/sl_usbd_core_ep.o
                0x000043f8                sl_usbd_core_write_interrupt_async
 .text.sl_usbd_core_read_control_sync
                0x00004498       0x90 ./gecko_sdk_4.4.4/protocol/usb/src/sl_usbd_core_ep.o
                0x00004498                sl_usbd_core_read_control_sync
 .text.sl_usbd_core_write_control_sync
                0x00004528       0x9c ./gecko_sdk_4.4.4/protocol/usb/src/sl_usbd_core_ep.o
                0x00004528                sl_usbd_core_write_control_sync
 .text.sli_usbd_core_stall_control_endpoint
                0x000045c4       0x74 ./gecko_sdk_4.4.4/protocol/usb/src/sl_usbd_core_ep.o
                0x000045c4                sli_usbd_core_stall_control_endpoint
 .text.sli_usbd_core_init_endpoint
                0x00004638       0xa4 ./gecko_sdk_4.4.4/protocol/usb/src/sl_usbd_core_ep.o
                0x00004638                sli_usbd_core_init_endpoint
 .text.sl_usbd_core_endpoint_transfer_async
                0x000046dc       0xfc ./gecko_sdk_4.4.4/protocol/usb/src/sl_usbd_core_ep.o
                0x000046dc                sl_usbd_core_endpoint_transfer_async
 .text.sli_usbd_core_open_endpoint
                0x000047d8      0x110 ./gecko_sdk_4.4.4/protocol/usb/src/sl_usbd_core_ep.o
                0x000047d8                sli_usbd_core_open_endpoint
 .text.sli_usbd_core_close_endpoint
                0x000048e8       0xc0 ./gecko_sdk_4.4.4/protocol/usb/src/sl_usbd_core_ep.o
                0x000048e8                sli_usbd_core_close_endpoint
 .text.sl_usbd_core_stall_endpoint
                0x000049a8       0x8c ./gecko_sdk_4.4.4/protocol/usb/src/sl_usbd_core_ep.o
                0x000049a8                sl_usbd_core_stall_endpoint
 .text.sl_usbd_core_is_endpoint_stalled
                0x00004a34       0x30 ./gecko_sdk_4.4.4/protocol/usb/src/sl_usbd_core_ep.o
                0x00004a34                sl_usbd_core_is_endpoint_stalled
 .text.sl_usbd_core_endpoint_read_complete
                0x00004a64       0x44 ./gecko_sdk_4.4.4/protocol/usb/src/sl_usbd_core_ep.o
                0x00004a64                sl_usbd_core_endpoint_read_complete
 .text.sl_usbd_core_endpoint_write_complete
                0x00004aa8       0x3c ./gecko_sdk_4.4.4/protocol/usb/src/sl_usbd_core_ep.o
                0x00004aa8                sl_usbd_core_endpoint_write_complete
 .text.sl_usbd_core_endpoint_write_zlp
                0x00004ae4       0xc4 ./gecko_sdk_4.4.4/protocol/usb/src/sl_usbd_core_ep.o
                0x00004ae4                sl_usbd_core_endpoint_write_zlp
 .text.sl_usbd_core_endpoint_read_zlp
                0x00004ba8       0xdc ./gecko_sdk_4.4.4/protocol/usb/src/sl_usbd_core_ep.o
                0x00004ba8                sl_usbd_core_endpoint_read_zlp
 .text.sli_usbd_core_os_create_task
                0x00004c84       0x38 ./gecko_sdk_4.4.4/protocol/usb/src/sl_usbd_core_os.o
                0x00004c84                sli_usbd_core_os_create_task
 .text.sli_usbd_core_os_create_endpoint_signal
                0x00004cbc       0x44 ./gecko_sdk_4.4.4/protocol/usb/src/sl_usbd_core_os.o
                0x00004cbc                sli_usbd_core_os_create_endpoint_signal
 .text.sli_usbd_core_os_delete_endpoint_signal
                0x00004d00       0x24 ./gecko_sdk_4.4.4/protocol/usb/src/sl_usbd_core_os.o
                0x00004d00                sli_usbd_core_os_delete_endpoint_signal
 .text.sli_usbd_core_os_pend_endpoint_signal
                0x00004d24       0x48 ./gecko_sdk_4.4.4/protocol/usb/src/sl_usbd_core_os.o
                0x00004d24                sli_usbd_core_os_pend_endpoint_signal
 .text.sli_usbd_core_os_abort_endpoint_signal
                0x00004d6c       0x20 ./gecko_sdk_4.4.4/protocol/usb/src/sl_usbd_core_os.o
                0x00004d6c                sli_usbd_core_os_abort_endpoint_signal
 .text.sli_usbd_core_os_create_endpoint_lock
                0x00004d8c       0x40 ./gecko_sdk_4.4.4/protocol/usb/src/sl_usbd_core_os.o
                0x00004d8c                sli_usbd_core_os_create_endpoint_lock
 .text.sli_usbd_core_os_delete_endpoint_lock
                0x00004dcc       0x24 ./gecko_sdk_4.4.4/protocol/usb/src/sl_usbd_core_os.o
                0x00004dcc                sli_usbd_core_os_delete_endpoint_lock
 .text.sli_usbd_core_os_acquire_endpoint_lock
                0x00004df0       0x24 ./gecko_sdk_4.4.4/protocol/usb/src/sl_usbd_core_os.o
                0x00004df0                sli_usbd_core_os_acquire_endpoint_lock
 .text.sli_usbd_core_os_release_endpoint_lock
                0x00004e14       0x20 ./gecko_sdk_4.4.4/protocol/usb/src/sl_usbd_core_os.o
                0x00004e14                sli_usbd_core_os_release_endpoint_lock
 .text.sli_usbd_core_os_get_core_event
                0x00004e34       0x24 ./gecko_sdk_4.4.4/protocol/usb/src/sl_usbd_core_os.o
                0x00004e34                sli_usbd_core_os_get_core_event
 .text.sli_usbd_core_os_put_core_event
                0x00004e58       0x1c ./gecko_sdk_4.4.4/protocol/usb/src/sl_usbd_core_os.o
                0x00004e58                sli_usbd_core_os_put_core_event
 .text.sli_usbd_driver_init
                0x00004e74      0x1e4 ./gecko_sdk_4.4.4/protocol/usb/src/sl_usbd_driver_dwc_otg_fs.o
                0x00004e74                sli_usbd_driver_init
 .text.sli_usbd_driver_get_endpoint_info
                0x00005058       0x14 ./gecko_sdk_4.4.4/protocol/usb/src/sl_usbd_driver_dwc_otg_fs.o
                0x00005058                sli_usbd_driver_get_endpoint_info
 .text.sli_usbd_driver_start
                0x0000506c       0xa8 ./gecko_sdk_4.4.4/protocol/usb/src/sl_usbd_driver_dwc_otg_fs.o
                0x0000506c                sli_usbd_driver_start
 .text.sli_usbd_driver_set_address
                0x00005114       0x24 ./gecko_sdk_4.4.4/protocol/usb/src/sl_usbd_driver_dwc_otg_fs.o
                0x00005114                sli_usbd_driver_set_address
 .text.sli_usbd_driver_open_endpoint
                0x00005138       0xc8 ./gecko_sdk_4.4.4/protocol/usb/src/sl_usbd_driver_dwc_otg_fs.o
                0x00005138                sli_usbd_driver_open_endpoint
 .text.sli_usbd_driver_close_endpoint
                0x00005200       0x68 ./gecko_sdk_4.4.4/protocol/usb/src/sl_usbd_driver_dwc_otg_fs.o
                0x00005200                sli_usbd_driver_close_endpoint
 .text.sli_usbd_driver_endpoint_rx_start
                0x00005268       0xec ./gecko_sdk_4.4.4/protocol/usb/src/sl_usbd_driver_dwc_otg_fs.o
                0x00005268                sli_usbd_driver_endpoint_rx_start
 .text.sli_usbd_driver_endpoint_rx
                0x00005354       0x2c ./gecko_sdk_4.4.4/protocol/usb/src/sl_usbd_driver_dwc_otg_fs.o
                0x00005354                sli_usbd_driver_endpoint_rx
 .text.sli_usbd_driver_endpoint_tx
                0x00005380       0x68 ./gecko_sdk_4.4.4/protocol/usb/src/sl_usbd_driver_dwc_otg_fs.o
                0x00005380                sli_usbd_driver_endpoint_tx
 .text.sli_usbd_driver_endpoint_tx_start
                0x000053e8       0xb4 ./gecko_sdk_4.4.4/protocol/usb/src/sl_usbd_driver_dwc_otg_fs.o
                0x000053e8                sli_usbd_driver_endpoint_tx_start
 .text.sli_usbd_driver_abort_endpoint
                0x0000549c       0xa8 ./gecko_sdk_4.4.4/protocol/usb/src/sl_usbd_driver_dwc_otg_fs.o
                0x0000549c                sli_usbd_driver_abort_endpoint
 .text.sli_usbd_driver_stall_endpoint
                0x00005544       0x90 ./gecko_sdk_4.4.4/protocol/usb/src/sl_usbd_driver_dwc_otg_fs.o
                0x00005544                sli_usbd_driver_stall_endpoint
 .text.sli_usbd_driver_irq_handler
                0x000055d4      0x3a4 ./gecko_sdk_4.4.4/protocol/usb/src/sl_usbd_driver_dwc_otg_fs.o
                0x000055d4                sli_usbd_driver_irq_handler
 .text.USB_IRQHandler
                0x00005978       0x40 ./gecko_sdk_4.4.4/protocol/usb/src/sl_usbd_driver_dwc_otg_fs.o
                0x00005978                USB_IRQHandler
 .text.osKernelInitialize
                0x000059b8       0x34 ./gecko_sdk_4.4.4/util/third_party/freertos/cmsis/Source/cmsis_os2.o
                0x000059b8                osKernelInitialize
 .text.osKernelStart
                0x000059ec       0x48 ./gecko_sdk_4.4.4/util/third_party/freertos/cmsis/Source/cmsis_os2.o
                0x000059ec                osKernelStart
 .text.osThreadNew
                0x00005a34       0xa4 ./gecko_sdk_4.4.4/util/third_party/freertos/cmsis/Source/cmsis_os2.o
                0x00005a34                osThreadNew
 .text.osMutexNew
                0x00005ad8       0x94 ./gecko_sdk_4.4.4/util/third_party/freertos/cmsis/Source/cmsis_os2.o
                0x00005ad8                osMutexNew
 .text.osMutexAcquire
                0x00005b6c       0x60 ./gecko_sdk_4.4.4/util/third_party/freertos/cmsis/Source/cmsis_os2.o
                0x00005b6c                osMutexAcquire
 .text.osMutexRelease
                0x00005bcc       0x58 ./gecko_sdk_4.4.4/util/third_party/freertos/cmsis/Source/cmsis_os2.o
                0x00005bcc                osMutexRelease
 .text.osMutexDelete
                0x00005c24       0x48 ./gecko_sdk_4.4.4/util/third_party/freertos/cmsis/Source/cmsis_os2.o
                0x00005c24                osMutexDelete
 .text.osSemaphoreNew
                0x00005c6c       0xb0 ./gecko_sdk_4.4.4/util/third_party/freertos/cmsis/Source/cmsis_os2.o
                0x00005c6c                osSemaphoreNew
 .text.osSemaphoreAcquire
                0x00005d1c       0x74 ./gecko_sdk_4.4.4/util/third_party/freertos/cmsis/Source/cmsis_os2.o
                0x00005d1c                osSemaphoreAcquire
 .text.osSemaphoreRelease
                0x00005d90       0x6c ./gecko_sdk_4.4.4/util/third_party/freertos/cmsis/Source/cmsis_os2.o
                0x00005d90                osSemaphoreRelease
 .text.osSemaphoreDelete
                0x00005dfc       0x40 ./gecko_sdk_4.4.4/util/third_party/freertos/cmsis/Source/cmsis_os2.o
                0x00005dfc                osSemaphoreDelete
 .text.osMessageQueueNew
                0x00005e3c       0x8c ./gecko_sdk_4.4.4/util/third_party/freertos/cmsis/Source/cmsis_os2.o
                0x00005e3c                osMessageQueueNew
 .text.osMessageQueuePut
                0x00005ec8       0x7c ./gecko_sdk_4.4.4/util/third_party/freertos/cmsis/Source/cmsis_os2.o
                0x00005ec8                osMessageQueuePut
 .text.osMessageQueueGet
                0x00005f44       0x78 ./gecko_sdk_4.4.4/util/third_party/freertos/cmsis/Source/cmsis_os2.o
                0x00005f44                osMessageQueueGet
 .text.vApplicationStackOverflowHook
                0x00005fbc       0x10 ./gecko_sdk_4.4.4/util/third_party/freertos/cmsis/Source/cmsis_os2.o
                0x00005fbc                vApplicationStackOverflowHook
 .text.vApplicationGetIdleTaskMemory
                0x00005fcc       0x18 ./gecko_sdk_4.4.4/util/third_party/freertos/cmsis/Source/cmsis_os2.o
                0x00005fcc                vApplicationGetIdleTaskMemory
 .text.vApplicationGetTimerTaskMemory
                0x00005fe4       0x18 ./gecko_sdk_4.4.4/util/third_party/freertos/cmsis/Source/cmsis_os2.o
                0x00005fe4                vApplicationGetTimerTaskMemory
 .text.xQueueGenericReset
                0x00005ffc       0x7c ./gecko_sdk_4.4.4/util/third_party/freertos/kernel/queue.o
                0x00005ffc                xQueueGenericReset
 .text.xQueueGenericCreateStatic
                0x00006078       0x7c ./gecko_sdk_4.4.4/util/third_party/freertos/kernel/queue.o
                0x00006078                xQueueGenericCreateStatic
 .text.xQueueGenericCreate
                0x000060f4       0x78 ./gecko_sdk_4.4.4/util/third_party/freertos/kernel/queue.o
                0x000060f4                xQueueGenericCreate
 .text.xQueueCreateCountingSemaphoreStatic
                0x0000616c       0x40 ./gecko_sdk_4.4.4/util/third_party/freertos/kernel/queue.o
                0x0000616c                xQueueCreateCountingSemaphoreStatic
 .text.xQueueCreateCountingSemaphore
                0x000061ac       0x34 ./gecko_sdk_4.4.4/util/third_party/freertos/kernel/queue.o
                0x000061ac                xQueueCreateCountingSemaphore
 .text.xQueueGenericSend
                0x000061e0      0x15c ./gecko_sdk_4.4.4/util/third_party/freertos/kernel/queue.o
                0x000061e0                xQueueGenericSend
 .text.xQueueGiveMutexRecursive
                0x0000633c       0x3c ./gecko_sdk_4.4.4/util/third_party/freertos/kernel/queue.o
                0x0000633c                xQueueGiveMutexRecursive
 .text.xQueueGenericSendFromISR
                0x00006378       0xb8 ./gecko_sdk_4.4.4/util/third_party/freertos/kernel/queue.o
                0x00006378                xQueueGenericSendFromISR
 .text.xQueueGiveFromISR
                0x00006430       0x9c ./gecko_sdk_4.4.4/util/third_party/freertos/kernel/queue.o
                0x00006430                xQueueGiveFromISR
 .text.xQueueReceive
                0x000064cc      0x12c ./gecko_sdk_4.4.4/util/third_party/freertos/kernel/queue.o
                0x000064cc                xQueueReceive
 .text.xQueueSemaphoreTake
                0x000065f8      0x15c ./gecko_sdk_4.4.4/util/third_party/freertos/kernel/queue.o
                0x000065f8                xQueueSemaphoreTake
 .text.xQueueTakeMutexRecursive
                0x00006754       0x40 ./gecko_sdk_4.4.4/util/third_party/freertos/kernel/queue.o
                0x00006754                xQueueTakeMutexRecursive
 .text.xQueueReceiveFromISR
                0x00006794       0xa0 ./gecko_sdk_4.4.4/util/third_party/freertos/kernel/queue.o
                0x00006794                xQueueReceiveFromISR
 .text.vQueueAddToRegistry
                0x00006834       0x24 ./gecko_sdk_4.4.4/util/third_party/freertos/kernel/queue.o
                0x00006834                vQueueAddToRegistry
 .text.vQueueUnregisterQueue
                0x00006858       0x30 ./gecko_sdk_4.4.4/util/third_party/freertos/kernel/queue.o
                0x00006858                vQueueUnregisterQueue
 .text.vQueueDelete
                0x00006888       0x2c ./gecko_sdk_4.4.4/util/third_party/freertos/kernel/queue.o
                0x00006888                vQueueDelete
 .text.prvAddNewTaskToReadyList
                0x000068b4      0x100 ./gecko_sdk_4.4.4/util/third_party/freertos/kernel/tasks.o
 .text.prvAddCurrentTaskToDelayedList
                0x000069b4       0x70 ./gecko_sdk_4.4.4/util/third_party/freertos/kernel/tasks.o
 .text.prvResetNextTaskUnblockTime
                0x00006a24       0x24 ./gecko_sdk_4.4.4/util/third_party/freertos/kernel/tasks.o
 .text.prvDeleteTCB
                0x00006a48       0x38 ./gecko_sdk_4.4.4/util/third_party/freertos/kernel/tasks.o
 .text.prvIdleTask
                0x00006a80       0x60 ./gecko_sdk_4.4.4/util/third_party/freertos/kernel/tasks.o
 .text.xTaskCreateStatic
                0x00006ae0       0x9c ./gecko_sdk_4.4.4/util/third_party/freertos/kernel/tasks.o
                0x00006ae0                xTaskCreateStatic
 .text.vTaskStartScheduler
                0x00006b7c       0x8c ./gecko_sdk_4.4.4/util/third_party/freertos/kernel/tasks.o
                0x00006b7c                vTaskStartScheduler
 .text.vTaskSuspendAll
                0x00006c08       0x10 ./gecko_sdk_4.4.4/util/third_party/freertos/kernel/tasks.o
                0x00006c08                vTaskSuspendAll
 .text.xTaskGetTickCount
                0x00006c18        0xc ./gecko_sdk_4.4.4/util/third_party/freertos/kernel/tasks.o
                0x00006c18                xTaskGetTickCount
 .text.xTaskIncrementTick
                0x00006c24      0x128 ./gecko_sdk_4.4.4/util/third_party/freertos/kernel/tasks.o
                0x00006c24                xTaskIncrementTick
 .text.xTaskResumeAll
                0x00006d4c       0xe4 ./gecko_sdk_4.4.4/util/third_party/freertos/kernel/tasks.o
                0x00006d4c                xTaskResumeAll
 .text.vTaskDelay
                0x00006e30       0x4c ./gecko_sdk_4.4.4/util/third_party/freertos/kernel/tasks.o
                0x00006e30                vTaskDelay
 .text.vTaskSwitchContext
                0x00006e7c       0xa4 ./gecko_sdk_4.4.4/util/third_party/freertos/kernel/tasks.o
                0x00006e7c                vTaskSwitchContext
 .text.vTaskPlaceOnEventList
                0x00006f20       0x34 ./gecko_sdk_4.4.4/util/third_party/freertos/kernel/tasks.o
                0x00006f20                vTaskPlaceOnEventList
 .text.vTaskPlaceOnEventListRestricted
                0x00006f54       0x3c ./gecko_sdk_4.4.4/util/third_party/freertos/kernel/tasks.o
                0x00006f54                vTaskPlaceOnEventListRestricted
 .text.xTaskRemoveFromEventList
                0x00006f90       0x7c ./gecko_sdk_4.4.4/util/third_party/freertos/kernel/tasks.o
                0x00006f90                xTaskRemoveFromEventList
 .text.vTaskInternalSetTimeOutState
                0x0000700c       0x18 ./gecko_sdk_4.4.4/util/third_party/freertos/kernel/tasks.o
                0x0000700c                vTaskInternalSetTimeOutState
 .text.xTaskCheckForTimeOut
                0x00007024       0x6c ./gecko_sdk_4.4.4/util/third_party/freertos/kernel/tasks.o
                0x00007024                xTaskCheckForTimeOut
 .text.vTaskMissedYield
                0x00007090        0xc ./gecko_sdk_4.4.4/util/third_party/freertos/kernel/tasks.o
                0x00007090                vTaskMissedYield
 .text.xTaskGetCurrentTaskHandle
                0x0000709c        0xc ./gecko_sdk_4.4.4/util/third_party/freertos/kernel/tasks.o
                0x0000709c                xTaskGetCurrentTaskHandle
 .text.xTaskGetSchedulerState
                0x000070a8       0x20 ./gecko_sdk_4.4.4/util/third_party/freertos/kernel/tasks.o
                0x000070a8                xTaskGetSchedulerState
 .text.xTaskPriorityInherit
                0x000070c8       0x7c ./gecko_sdk_4.4.4/util/third_party/freertos/kernel/tasks.o
                0x000070c8                xTaskPriorityInherit
 .text.xTaskPriorityDisinherit
                0x00007144       0x7c ./gecko_sdk_4.4.4/util/third_party/freertos/kernel/tasks.o
                0x00007144                xTaskPriorityDisinherit
 .text.vTaskPriorityDisinheritAfterTimeout
                0x000071c0       0x94 ./gecko_sdk_4.4.4/util/third_party/freertos/kernel/tasks.o
                0x000071c0                vTaskPriorityDisinheritAfterTimeout
 .text.pvTaskIncrementMutexHeldCount
                0x00007254       0x18 ./gecko_sdk_4.4.4/util/third_party/freertos/kernel/tasks.o
                0x00007254                pvTaskIncrementMutexHeldCount
 .text.prvInsertTimerInActiveList
                0x0000726c       0x3c ./gecko_sdk_4.4.4/util/third_party/freertos/kernel/timers.o
 .text.prvCheckForValidListAndQueue
                0x000072a8       0x68 ./gecko_sdk_4.4.4/util/third_party/freertos/kernel/timers.o
 .text.xTimerCreateTimerTask
                0x00007310       0x64 ./gecko_sdk_4.4.4/util/third_party/freertos/kernel/timers.o
                0x00007310                xTimerCreateTimerTask
 .text.xTimerGenericCommand
                0x00007374       0x5c ./gecko_sdk_4.4.4/util/third_party/freertos/kernel/timers.o
                0x00007374                xTimerGenericCommand
 .text.prvSampleTimeNow
                0x000073d0       0xa0 ./gecko_sdk_4.4.4/util/third_party/freertos/kernel/timers.o
 .text.prvTimerTask
                0x00007470      0x1cc ./gecko_sdk_4.4.4/util/third_party/freertos/kernel/timers.o
 .text.prvPortStartFirstTask
                0x0000763c       0x28 ./gecko_sdk_4.4.4/util/third_party/freertos/kernel/portable/GCC/ARM_CM4F/port.o
 .text.vPortEnableVFP
                0x00007664       0x14 ./gecko_sdk_4.4.4/util/third_party/freertos/kernel/portable/GCC/ARM_CM4F/port.o
 .text.prvTaskExitError
                0x00007678       0x3c ./gecko_sdk_4.4.4/util/third_party/freertos/kernel/portable/GCC/ARM_CM4F/port.o
 .text.pxPortInitialiseStack
                0x000076b4       0x2c ./gecko_sdk_4.4.4/util/third_party/freertos/kernel/portable/GCC/ARM_CM4F/port.o
                0x000076b4                pxPortInitialiseStack
 .text.vPortEnterCritical
                0x000076e0       0x3c ./gecko_sdk_4.4.4/util/third_party/freertos/kernel/portable/GCC/ARM_CM4F/port.o
                0x000076e0                vPortEnterCritical
 .text.vPortExitCritical
                0x0000771c       0x28 ./gecko_sdk_4.4.4/util/third_party/freertos/kernel/portable/GCC/ARM_CM4F/port.o
                0x0000771c                vPortExitCritical
 .text.vPortSetupTimerInterrupt
                0x00007744       0x24 ./gecko_sdk_4.4.4/util/third_party/freertos/kernel/portable/GCC/ARM_CM4F/port.o
                0x00007744                vPortSetupTimerInterrupt
 .text.xPortStartScheduler
                0x00007768       0xfc ./gecko_sdk_4.4.4/util/third_party/freertos/kernel/portable/GCC/ARM_CM4F/port.o
                0x00007768                xPortStartScheduler
 .text.vPortValidateInterruptPriority
                0x00007864       0x54 ./gecko_sdk_4.4.4/util/third_party/freertos/kernel/portable/GCC/ARM_CM4F/port.o
                0x00007864                vPortValidateInterruptPriority
 .text.prvInsertBlockIntoFreeList
                0x000078b8       0x50 ./gecko_sdk_4.4.4/util/third_party/freertos/kernel/portable/MemMang/heap_4.o
 .text.pvPortMalloc
                0x00007908      0x13c ./gecko_sdk_4.4.4/util/third_party/freertos/kernel/portable/MemMang/heap_4.o
                0x00007908                pvPortMalloc
 .text.vPortFree
                0x00007a44       0x80 ./gecko_sdk_4.4.4/util/third_party/freertos/kernel/portable/MemMang/heap_4.o
                0x00007a44                vPortFree
 .text.exit     0x00007ac4       0x24 e:/siliconlabs/simplicitystudio/v5/developer/toolchains/gnu_arm/12.2.rel1_2023.7/bin/../lib/gcc/arm-none-eabi/12.2.1/thumb/v7e-m+fp/softfp\libc_nano.a(libc_a-exit.o)
                0x00007ac4                exit
 .text.malloc   0x00007ae8       0x10 e:/siliconlabs/simplicitystudio/v5/developer/toolchains/gnu_arm/12.2.rel1_2023.7/bin/../lib/gcc/arm-none-eabi/12.2.1/thumb/v7e-m+fp/softfp\libc_nano.a(libc_a-malloc.o)
                0x00007ae8                malloc
 .text.sbrk_aligned
                0x00007af8       0x44 e:/siliconlabs/simplicitystudio/v5/developer/toolchains/gnu_arm/12.2.rel1_2023.7/bin/../lib/gcc/arm-none-eabi/12.2.1/thumb/v7e-m+fp/softfp\libc_nano.a(libc_a-mallocr.o)
 .text._malloc_r
                0x00007b3c       0xf0 e:/siliconlabs/simplicitystudio/v5/developer/toolchains/gnu_arm/12.2.rel1_2023.7/bin/../lib/gcc/arm-none-eabi/12.2.1/thumb/v7e-m+fp/softfp\libc_nano.a(libc_a-mallocr.o)
                0x00007b3c                _malloc_r
 .text.__malloc_lock
                0x00007c2c        0xc e:/siliconlabs/simplicitystudio/v5/developer/toolchains/gnu_arm/12.2.rel1_2023.7/bin/../lib/gcc/arm-none-eabi/12.2.1/thumb/v7e-m+fp/softfp\libc_nano.a(libc_a-mlock.o)
                0x00007c2c                __malloc_lock
 .text.__malloc_unlock
                0x00007c38        0xc e:/siliconlabs/simplicitystudio/v5/developer/toolchains/gnu_arm/12.2.rel1_2023.7/bin/../lib/gcc/arm-none-eabi/12.2.1/thumb/v7e-m+fp/softfp\libc_nano.a(libc_a-mlock.o)
                0x00007c38                __malloc_unlock
 .text.std      0x00007c44       0x6c e:/siliconlabs/simplicitystudio/v5/developer/toolchains/gnu_arm/12.2.rel1_2023.7/bin/../lib/gcc/arm-none-eabi/12.2.1/thumb/v7e-m+fp/softfp\libc_nano.a(libc_a-findfp.o)
 .text.stdio_exit_handler
                0x00007cb0       0x18 e:/siliconlabs/simplicitystudio/v5/developer/toolchains/gnu_arm/12.2.rel1_2023.7/bin/../lib/gcc/arm-none-eabi/12.2.1/thumb/v7e-m+fp/softfp\libc_nano.a(libc_a-findfp.o)
 .text.cleanup_stdio
                0x00007cc8       0x40 e:/siliconlabs/simplicitystudio/v5/developer/toolchains/gnu_arm/12.2.rel1_2023.7/bin/../lib/gcc/arm-none-eabi/12.2.1/thumb/v7e-m+fp/softfp\libc_nano.a(libc_a-findfp.o)
 .text.global_stdio_init.part.0
                0x00007d08       0x3c e:/siliconlabs/simplicitystudio/v5/developer/toolchains/gnu_arm/12.2.rel1_2023.7/bin/../lib/gcc/arm-none-eabi/12.2.1/thumb/v7e-m+fp/softfp\libc_nano.a(libc_a-findfp.o)
 .text.__sfp_lock_acquire
                0x00007d44        0xc e:/siliconlabs/simplicitystudio/v5/developer/toolchains/gnu_arm/12.2.rel1_2023.7/bin/../lib/gcc/arm-none-eabi/12.2.1/thumb/v7e-m+fp/softfp\libc_nano.a(libc_a-findfp.o)
                0x00007d44                __sfp_lock_acquire
 .text.__sfp_lock_release
                0x00007d50        0xc e:/siliconlabs/simplicitystudio/v5/developer/toolchains/gnu_arm/12.2.rel1_2023.7/bin/../lib/gcc/arm-none-eabi/12.2.1/thumb/v7e-m+fp/softfp\libc_nano.a(libc_a-findfp.o)
                0x00007d50                __sfp_lock_release
 .text.__sinit  0x00007d5c       0x30 e:/siliconlabs/simplicitystudio/v5/developer/toolchains/gnu_arm/12.2.rel1_2023.7/bin/../lib/gcc/arm-none-eabi/12.2.1/thumb/v7e-m+fp/softfp\libc_nano.a(libc_a-findfp.o)
                0x00007d5c                __sinit
 .text.strtok   0x00007d8c       0x68 e:/siliconlabs/simplicitystudio/v5/developer/toolchains/gnu_arm/12.2.rel1_2023.7/bin/../lib/gcc/arm-none-eabi/12.2.1/thumb/v7e-m+fp/softfp\libc_nano.a(libc_a-strtok.o)
                0x00007d8c                strtok
 .text._close_r
                0x00007df4       0x20 e:/siliconlabs/simplicitystudio/v5/developer/toolchains/gnu_arm/12.2.rel1_2023.7/bin/../lib/gcc/arm-none-eabi/12.2.1/thumb/v7e-m+fp/softfp\libc_nano.a(libc_a-closer.o)
                0x00007df4                _close_r
 .text._lseek_r
                0x00007e14       0x24 e:/siliconlabs/simplicitystudio/v5/developer/toolchains/gnu_arm/12.2.rel1_2023.7/bin/../lib/gcc/arm-none-eabi/12.2.1/thumb/v7e-m+fp/softfp\libc_nano.a(libc_a-lseekr.o)
                0x00007e14                _lseek_r
 .text._read_r  0x00007e38       0x24 e:/siliconlabs/simplicitystudio/v5/developer/toolchains/gnu_arm/12.2.rel1_2023.7/bin/../lib/gcc/arm-none-eabi/12.2.1/thumb/v7e-m+fp/softfp\libc_nano.a(libc_a-readr.o)
                0x00007e38                _read_r
 .text._sbrk_r  0x00007e5c       0x20 e:/siliconlabs/simplicitystudio/v5/developer/toolchains/gnu_arm/12.2.rel1_2023.7/bin/../lib/gcc/arm-none-eabi/12.2.1/thumb/v7e-m+fp/softfp\libc_nano.a(libc_a-sbrkr.o)
                0x00007e5c                _sbrk_r
 .text._write_r
                0x00007e7c       0x24 e:/siliconlabs/simplicitystudio/v5/developer/toolchains/gnu_arm/12.2.rel1_2023.7/bin/../lib/gcc/arm-none-eabi/12.2.1/thumb/v7e-m+fp/softfp\libc_nano.a(libc_a-writer.o)
                0x00007e7c                _write_r
 .text.__libc_init_array
                0x00007ea0       0x48 e:/siliconlabs/simplicitystudio/v5/developer/toolchains/gnu_arm/12.2.rel1_2023.7/bin/../lib/gcc/arm-none-eabi/12.2.1/thumb/v7e-m+fp/softfp\libc_nano.a(libc_a-init.o)
                0x00007ea0                __libc_init_array
 .text.__assert_func
                0x00007ee8       0x3c e:/siliconlabs/simplicitystudio/v5/developer/toolchains/gnu_arm/12.2.rel1_2023.7/bin/../lib/gcc/arm-none-eabi/12.2.1/thumb/v7e-m+fp/softfp\libc_nano.a(libc_a-assert.o)
                0x00007ee8                __assert_func
 .text._free_r  0x00007f24       0x94 e:/siliconlabs/simplicitystudio/v5/developer/toolchains/gnu_arm/12.2.rel1_2023.7/bin/../lib/gcc/arm-none-eabi/12.2.1/thumb/v7e-m+fp/softfp\libc_nano.a(libc_a-freer.o)
                0x00007f24                _free_r
 .text.fprintf  0x00007fb8       0x24 e:/siliconlabs/simplicitystudio/v5/developer/toolchains/gnu_arm/12.2.rel1_2023.7/bin/../lib/gcc/arm-none-eabi/12.2.1/thumb/v7e-m+fp/softfp\libc_nano.a(libc_a-fprintf.o)
                0x00007fb8                fiprintf
                0x00007fb8                fprintf
 .text._vfprintf_r
                0x00007fdc      0x230 e:/siliconlabs/simplicitystudio/v5/developer/toolchains/gnu_arm/12.2.rel1_2023.7/bin/../lib/gcc/arm-none-eabi/12.2.1/thumb/v7e-m+fp/softfp\libc_nano.a(libc_a-nano-vfprintf.o)
                0x00007fdc                _vfprintf_r
                0x00007fdc                _vfiprintf_r
 .text._printf_i
                0x0000820c      0x258 e:/siliconlabs/simplicitystudio/v5/developer/toolchains/gnu_arm/12.2.rel1_2023.7/bin/../lib/gcc/arm-none-eabi/12.2.1/thumb/v7e-m+fp/softfp\libc_nano.a(libc_a-nano-vfprintf_i.o)
                0x0000820c                _printf_i
 .text.__swsetup_r
                0x00008464       0xac e:/siliconlabs/simplicitystudio/v5/developer/toolchains/gnu_arm/12.2.rel1_2023.7/bin/../lib/gcc/arm-none-eabi/12.2.1/thumb/v7e-m+fp/softfp\libc_nano.a(libc_a-wsetup.o)
                0x00008464                __swsetup_r
 .text.raise    0x00008510       0x10 e:/siliconlabs/simplicitystudio/v5/developer/toolchains/gnu_arm/12.2.rel1_2023.7/bin/../lib/gcc/arm-none-eabi/12.2.1/thumb/v7e-m+fp/softfp\libc_nano.a(libc_a-signal.o)
                0x00008510                raise
 .text._kill_r  0x00008520       0x24 e:/siliconlabs/simplicitystudio/v5/developer/toolchains/gnu_arm/12.2.rel1_2023.7/bin/../lib/gcc/arm-none-eabi/12.2.1/thumb/v7e-m+fp/softfp\libc_nano.a(libc_a-signalr.o)
                0x00008520                _kill_r
 .text._fstat_r
                0x00008544       0x24 e:/siliconlabs/simplicitystudio/v5/developer/toolchains/gnu_arm/12.2.rel1_2023.7/bin/../lib/gcc/arm-none-eabi/12.2.1/thumb/v7e-m+fp/softfp\libc_nano.a(libc_a-fstatr.o)
                0x00008544                _fstat_r
 .text._isatty_r
                0x00008568       0x20 e:/siliconlabs/simplicitystudio/v5/developer/toolchains/gnu_arm/12.2.rel1_2023.7/bin/../lib/gcc/arm-none-eabi/12.2.1/thumb/v7e-m+fp/softfp\libc_nano.a(libc_a-isattyr.o)
                0x00008568                _isatty_r
 .text.app_init
                0x00008588        0x4 ./app.o
                0x00008588                app_init
 .text.startup.main
                0x0000858c       0x12 ./main.o
                0x0000858c                main
 .text.loopback_callback
                0x0000859e        0x2 ./usb_cdc_acm_app.o
 .text.sl_usbd_on_bus_event
                0x000085a0        0x2 ./usb_cdc_acm_app.o
                0x000085a0                sl_usbd_on_bus_event
 .text.sl_usbd_on_config_event
                0x000085a2        0x2 ./usb_cdc_acm_app.o
                0x000085a2                sl_usbd_on_config_event
 .text.sl_board_default_init
                0x000085a4        0x2 ./autogen/sl_board_default_init.o
                0x000085a4                sl_board_default_init
 .text.sl_kernel_start
                0x000085a6        0x4 ./autogen/sl_event_handler.o
                0x000085a6                sl_kernel_start
 .text.sl_driver_init
                0x000085aa        0x4 ./autogen/sl_event_handler.o
                0x000085aa                sl_driver_init
 .text.sl_service_init
                0x000085ae        0x4 ./autogen/sl_event_handler.o
                0x000085ae                sl_service_init
 .text.sl_stack_init
                0x000085b2        0xe ./autogen/sl_event_handler.o
                0x000085b2                sl_stack_init
 .text.sl_internal_app_init
                0x000085c0        0x2 ./autogen/sl_event_handler.o
                0x000085c0                sl_internal_app_init
 .text.sli_usbd_cdc_acm_acm0_enable
                0x000085c2        0x8 ./autogen/sl_usbd_class_cdc_acm_instances.o
                0x000085c2                sli_usbd_cdc_acm_acm0_enable
 .text.sli_usbd_cdc_acm_acm0_disable
                0x000085ca        0x8 ./autogen/sl_usbd_class_cdc_acm_instances.o
                0x000085ca                sli_usbd_cdc_acm_acm0_disable
 .text.sli_usbd_cdc_acm_acm0_line_control_changed
                0x000085d2        0x8 ./autogen/sl_usbd_class_cdc_acm_instances.o
                0x000085d2                sli_usbd_cdc_acm_acm0_line_control_changed
 .text.sli_usbd_cdc_acm_acm0_line_coding_changed
                0x000085da        0xa ./autogen/sl_usbd_class_cdc_acm_instances.o
                0x000085da                sli_usbd_cdc_acm_acm0_line_coding_changed
 .text.sli_usbd_init
                0x000085e4       0x12 ./autogen/sl_usbd_init.o
                0x000085e4                sli_usbd_init
 .text.sl_board_configure_vcom
                0x000085f6        0x4 ./gecko_sdk_4.4.4/hardware/board/src/sl_board_control_gpio.o
                0x000085f6                sl_board_configure_vcom
 .text.Default_Handler
                0x000085fa        0x2 ./gecko_sdk_4.4.4/platform/Device/SiliconLabs/EFM32GG11B/Source/startup_efm32gg11b.o
                0x000085fa                TIMER2_IRQHandler
                0x000085fa                DebugMon_Handler
                0x000085fa                TIMER5_IRQHandler
                0x000085fa                USART0_TX_IRQHandler
                0x000085fa                USART5_RX_IRQHandler
                0x000085fa                I2C0_IRQHandler
                0x000085fa                HardFault_Handler
                0x000085fa                LEUART1_IRQHandler
                0x000085fa                SDIO_IRQHandler
                0x000085fa                USART1_RX_IRQHandler
                0x000085fa                NMI_Handler
                0x000085fa                I2C1_IRQHandler
                0x000085fa                CAN1_IRQHandler
                0x000085fa                WTIMER0_IRQHandler
                0x000085fa                WTIMER3_IRQHandler
                0x000085fa                CRYPTO0_IRQHandler
                0x000085fa                WDOG0_IRQHandler
                0x000085fa                TIMER3_IRQHandler
                0x000085fa                USART1_TX_IRQHandler
                0x000085fa                USART4_RX_IRQHandler
                0x000085fa                SMU_IRQHandler
                0x000085fa                MSC_IRQHandler
                0x000085fa                ADC0_IRQHandler
                0x000085fa                UsageFault_Handler
                0x000085fa                WDOG1_IRQHandler
                0x000085fa                LEUART0_IRQHandler
                0x000085fa                TIMER4_IRQHandler
                0x000085fa                FPUEH_IRQHandler
                0x000085fa                WTIMER1_IRQHandler
                0x000085fa                GPIO_EVEN_IRQHandler
                0x000085fa                UART0_TX_IRQHandler
                0x000085fa                UART1_TX_IRQHandler
                0x000085fa                VDAC0_IRQHandler
                0x000085fa                LDMA_IRQHandler
                0x000085fa                QSPI0_IRQHandler
                0x000085fa                TIMER6_IRQHandler
                0x000085fa                CSEN_IRQHandler
                0x000085fa                ADC1_IRQHandler
                0x000085fa                I2C2_IRQHandler
                0x000085fa                RTC_IRQHandler
                0x000085fa                TIMER0_IRQHandler
                0x000085fa                LCD_IRQHandler
                0x000085fa                PCNT2_IRQHandler
                0x000085fa                UART0_RX_IRQHandler
                0x000085fa                LETIMER0_IRQHandler
                0x000085fa                WTIMER2_IRQHandler
                0x000085fa                TIMER1_IRQHandler
                0x000085fa                TRNG0_IRQHandler
                0x000085fa                USART2_RX_IRQHandler
                0x000085fa                Default_Handler
                0x000085fa                EMU_IRQHandler
                0x000085fa                CRYOTIMER_IRQHandler
                0x000085fa                PCNT0_IRQHandler
                0x000085fa                sl_app_properties
                0x000085fa                USART4_TX_IRQHandler
                0x000085fa                PCNT1_IRQHandler
                0x000085fa                ACMP0_IRQHandler
                0x000085fa                USART0_RX_IRQHandler
                0x000085fa                USART5_TX_IRQHandler
                0x000085fa                MemManage_Handler
                0x000085fa                USART3_RX_IRQHandler
                0x000085fa                RTCC_IRQHandler
                0x000085fa                UART1_RX_IRQHandler
                0x000085fa                ETH_IRQHandler
                0x000085fa                CMU_IRQHandler
                0x000085fa                EBI_IRQHandler
                0x000085fa                CAN0_IRQHandler
                0x000085fa                GPIO_ODD_IRQHandler
                0x000085fa                LESENSE_IRQHandler
                0x000085fa                USART3_TX_IRQHandler
                0x000085fa                LETIMER1_IRQHandler
                0x000085fa                ACMP2_IRQHandler
                0x000085fa                BusFault_Handler
                0x000085fa                USART2_TX_IRQHandler
                0x000085fa                IDAC0_IRQHandler
 .text.SystemLFRCOClockGet
                0x000085fc        0x6 ./gecko_sdk_4.4.4/platform/Device/SiliconLabs/EFM32GG11B/Source/system_efm32gg11b.o
                0x000085fc                SystemLFRCOClockGet
 .text.SystemULFRCOClockGet
                0x00008602        0x6 ./gecko_sdk_4.4.4/platform/Device/SiliconLabs/EFM32GG11B/Source/system_efm32gg11b.o
                0x00008602                SystemULFRCOClockGet
 .text.assertEFM
                0x00008608        0x2 ./gecko_sdk_4.4.4/platform/common/src/sl_assert.o
                0x00008608                assertEFM
 .text.sl_strnlen
                0x0000860a       0x16 ./gecko_sdk_4.4.4/platform/common/src/sl_string.o
                0x0000860a                sl_strnlen
 .text.sl_strlen
                0x00008620        0x8 ./gecko_sdk_4.4.4/platform/common/src/sl_string.o
                0x00008620                sl_strlen
 .text._close   0x00008628        0x6 ./gecko_sdk_4.4.4/platform/common/src/sl_syscalls.o
                0x00008628                _close
 .text._exit    0x0000862e        0x2 ./gecko_sdk_4.4.4/platform/common/src/sl_syscalls.o
                0x0000862e                _exit
 .text._fstat   0x00008630        0x4 ./gecko_sdk_4.4.4/platform/common/src/sl_syscalls.o
                0x00008630                _fstat
 .text._getpid  0x00008634        0x4 ./gecko_sdk_4.4.4/platform/common/src/sl_syscalls.o
                0x00008634                _getpid
 .text._isatty  0x00008638        0x4 ./gecko_sdk_4.4.4/platform/common/src/sl_syscalls.o
                0x00008638                _isatty
 .text._kill    0x0000863c        0x6 ./gecko_sdk_4.4.4/platform/common/src/sl_syscalls.o
                0x0000863c                _kill
 .text._lseek   0x00008642        0x4 ./gecko_sdk_4.4.4/platform/common/src/sl_syscalls.o
                0x00008642                _lseek
 .text._read    0x00008646        0x4 ./gecko_sdk_4.4.4/platform/common/src/sl_syscalls.o
                0x00008646                _read
 .text._write   0x0000864a        0x4 ./gecko_sdk_4.4.4/platform/common/src/sl_syscalls.o
                0x0000864a                _write
 .text.flashWaitStateMax
                0x0000864e       0x22 ./gecko_sdk_4.4.4/platform/emlib/src/em_cmu.o
 .text.CMU_ClockDivGet
                0x00008670        0xa ./gecko_sdk_4.4.4/platform/emlib/src/em_cmu.o
                0x00008670                CMU_ClockDivGet
 .text.CORE_EnterAtomic
                0x0000867a        0xc ./gecko_sdk_4.4.4/platform/emlib/src/em_core.o
                0x0000867a                CORE_EnterAtomic
 .text.CORE_ExitAtomic
                0x00008686        0x6 ./gecko_sdk_4.4.4/platform/emlib/src/em_core.o
                0x00008686                CORE_ExitAtomic
 .text.sl_device_init_emu
                0x0000868c       0x1c ./gecko_sdk_4.4.4/platform/service/device_init/src/sl_device_init_emu_s1.o
                0x0000868c                sl_device_init_emu
 .text.sl_system_init
                0x000086a8       0x1a ./gecko_sdk_4.4.4/platform/service/system/src/sl_system_init.o
                0x000086a8                sl_system_init
 .text.sl_system_kernel_start
                0x000086c2        0x4 ./gecko_sdk_4.4.4/platform/service/system/src/sl_system_kernel.o
                0x000086c2                sl_system_kernel_start
 .text.usbd_cdc_read_async_complete
                0x000086c6       0x18 ./gecko_sdk_4.4.4/protocol/usb/src/sl_usbd_class_cdc.o
 .text.usbd_cdc_write_async_complete
                0x000086de       0x18 ./gecko_sdk_4.4.4/protocol/usb/src/sl_usbd_class_cdc.o
 .text.usbd_cdc_class_request_handler
                0x000086f6       0x10 ./gecko_sdk_4.4.4/protocol/usb/src/sl_usbd_class_cdc.o
 .text.usbd_cdc_notification_complete_cb
                0x00008706       0x14 ./gecko_sdk_4.4.4/protocol/usb/src/sl_usbd_class_cdc.o
 .text.usbd_cdc_get_comm_interface_descriptor_size
                0x0000871a       0x20 ./gecko_sdk_4.4.4/protocol/usb/src/sl_usbd_class_cdc.o
 .text.usbd_cdc_disable
                0x0000873a       0x20 ./gecko_sdk_4.4.4/protocol/usb/src/sl_usbd_class_cdc.o
 .text.usbd_cdc_enable
                0x0000875a       0x20 ./gecko_sdk_4.4.4/protocol/usb/src/sl_usbd_class_cdc.o
 .text.usbd_cdc_comm_interface_descriptor_cb
                0x0000877a       0x6a ./gecko_sdk_4.4.4/protocol/usb/src/sl_usbd_class_cdc.o
 .text.usbd_cdc_acm_read_async_complete
                0x000087e4       0x1a ./gecko_sdk_4.4.4/protocol/usb/src/sl_usbd_class_cdc_acm.o
 .text.usbd_cdc_acm_write_async_complete
                0x000087fe       0x1a ./gecko_sdk_4.4.4/protocol/usb/src/sl_usbd_class_cdc_acm.o
 .text.usbd_cdc_acm_enable
                0x00008818        0xe ./gecko_sdk_4.4.4/protocol/usb/src/sl_usbd_class_cdc_acm.o
 .text.usbd_cdc_acm_disable
                0x00008826        0xe ./gecko_sdk_4.4.4/protocol/usb/src/sl_usbd_class_cdc_acm.o
 .text.usbd_cdc_acm_get_mgmt_interface_descriptor_size
                0x00008834        0x4 ./gecko_sdk_4.4.4/protocol/usb/src/sl_usbd_class_cdc_acm.o
 .text.usbd_cdc_acm_notification_complete_cb
                0x00008838       0x50 ./gecko_sdk_4.4.4/protocol/usb/src/sl_usbd_class_cdc_acm.o
 .text.usbd_cdc_acm_class_request_handler
                0x00008888      0x204 ./gecko_sdk_4.4.4/protocol/usb/src/sl_usbd_class_cdc_acm.o
 .text.usbd_cdc_acm_mgmt_interface_descriptor_cb
                0x00008a8c       0x48 ./gecko_sdk_4.4.4/protocol/usb/src/sl_usbd_class_cdc_acm.o
 .text.usbd_core_get_configuration_structure
                0x00008ad4       0x1e ./gecko_sdk_4.4.4/protocol/usb/src/sl_usbd_core.o
 .text.usbd_core_get_interface_structure
                0x00008af2       0x1c ./gecko_sdk_4.4.4/protocol/usb/src/sl_usbd_core.o
 .text.usbd_core_get_alt_interface_structure
                0x00008b0e       0x1c ./gecko_sdk_4.4.4/protocol/usb/src/sl_usbd_core.o
 .text.usbd_core_close_alt_interface
                0x00008b2a       0x48 ./gecko_sdk_4.4.4/protocol/usb/src/sl_usbd_core.o
 .text.usbd_core_unset_configuration
                0x00008b72       0xa2 ./gecko_sdk_4.4.4/protocol/usb/src/sl_usbd_core.o
 .text.usbd_core_write_08b_to_descriptor_buf
                0x00008c14       0x1c ./gecko_sdk_4.4.4/protocol/usb/src/sl_usbd_core.o
 .text.usbd_core_set_event
                0x00008c30       0x16 ./gecko_sdk_4.4.4/protocol/usb/src/sl_usbd_core.o
 .text.usbd_core_open_alt_interface
                0x00008c46       0x5e ./gecko_sdk_4.4.4/protocol/usb/src/sl_usbd_core.o
 .text.usbd_core_set_configuration
                0x00008ca4       0x84 ./gecko_sdk_4.4.4/protocol/usb/src/sl_usbd_core.o
 .text.usbd_core_get_string_index
                0x00008d28       0x28 ./gecko_sdk_4.4.4/protocol/usb/src/sl_usbd_core.o
 .text.usbd_core_write_16b_to_descriptor_buf
                0x00008d50       0x1a ./gecko_sdk_4.4.4/protocol/usb/src/sl_usbd_core.o
 .text.usbd_core_send_string_descriptor
                0x00008d6a       0x90 ./gecko_sdk_4.4.4/protocol/usb/src/sl_usbd_core.o
 .text.usbd_core_allocate_endpoint.constprop.0.isra.0
                0x00008dfa       0xf4 ./gecko_sdk_4.4.4/protocol/usb/src/sl_usbd_core.o
 .text.usbd_core_send_device_descriptor.constprop.0
                0x00008eee       0xe6 ./gecko_sdk_4.4.4/protocol/usb/src/sl_usbd_core.o
 .text.usbd_core_send_configuration_descriptor.constprop.0
                0x00008fd4      0x368 ./gecko_sdk_4.4.4/protocol/usb/src/sl_usbd_core.o
 .text.sl_usbd_core_add_interrupt_endpoint
                0x0000933c       0x3a ./gecko_sdk_4.4.4/protocol/usb/src/sl_usbd_core.o
                0x0000933c                sl_usbd_core_add_interrupt_endpoint
 .text.sli_usbd_core_connect_event
                0x00009376        0xc ./gecko_sdk_4.4.4/protocol/usb/src/sl_usbd_core.o
                0x00009376                sli_usbd_core_connect_event
 .text.sli_usbd_core_disconnect_event
                0x00009382        0xc ./gecko_sdk_4.4.4/protocol/usb/src/sl_usbd_core.o
                0x00009382                sli_usbd_core_disconnect_event
 .text.sli_usbd_core_reset_event
                0x0000938e        0xc ./gecko_sdk_4.4.4/protocol/usb/src/sl_usbd_core.o
                0x0000938e                sli_usbd_core_reset_event
 .text.sli_usbd_core_suspend_event
                0x0000939a        0xc ./gecko_sdk_4.4.4/protocol/usb/src/sl_usbd_core.o
                0x0000939a                sli_usbd_core_suspend_event
 .text.sli_usbd_core_resume_event
                0x000093a6        0xc ./gecko_sdk_4.4.4/protocol/usb/src/sl_usbd_core.o
                0x000093a6                sli_usbd_core_resume_event
 .text.sli_usbd_core_endpoint_event
                0x000093b2       0x1c ./gecko_sdk_4.4.4/protocol/usb/src/sl_usbd_core.o
                0x000093b2                sli_usbd_core_endpoint_event
 .text.usbd_core_queue_urb
                0x000093ce       0x12 ./gecko_sdk_4.4.4/protocol/usb/src/sl_usbd_core_ep.o
 .text.usbd_core_dequeue_urb
                0x000093e0       0x12 ./gecko_sdk_4.4.4/protocol/usb/src/sl_usbd_core_ep.o
 .text.usbd_core_complete_async_urb
                0x000093f2       0x14 ./gecko_sdk_4.4.4/protocol/usb/src/sl_usbd_core_ep.o
 .text.usbd_core_abort_urb
                0x00009406       0x5c ./gecko_sdk_4.4.4/protocol/usb/src/sl_usbd_core_ep.o
 .text.usbd_core_endpoint_process_async_tx
                0x00009462       0x4c ./gecko_sdk_4.4.4/protocol/usb/src/sl_usbd_core_ep.o
 .text.usbd_core_endpoint_write
                0x000094ae      0x1b2 ./gecko_sdk_4.4.4/protocol/usb/src/sl_usbd_core_ep.o
 .text.usbd_core_end_async_urb
                0x00009660       0x36 ./gecko_sdk_4.4.4/protocol/usb/src/sl_usbd_core_ep.o
 .text.usbd_core_endpoint_process_async_rx
                0x00009696       0x30 ./gecko_sdk_4.4.4/protocol/usb/src/sl_usbd_core_ep.o
 .text.usbd_core_endpoint_read
                0x000096c6      0x134 ./gecko_sdk_4.4.4/protocol/usb/src/sl_usbd_core_ep.o
 .text.sli_usbd_core_open_control_endpoint
                0x000097fa       0x2c ./gecko_sdk_4.4.4/protocol/usb/src/sl_usbd_core_ep.o
                0x000097fa                sli_usbd_core_open_control_endpoint
 .text.sli_usbd_core_close_control_endpoint
                0x00009826       0x18 ./gecko_sdk_4.4.4/protocol/usb/src/sl_usbd_core_ep.o
                0x00009826                sli_usbd_core_close_control_endpoint
 .text.sli_usbd_core_get_control_tx_status
                0x0000983e       0x28 ./gecko_sdk_4.4.4/protocol/usb/src/sl_usbd_core_ep.o
                0x0000983e                sli_usbd_core_get_control_tx_status
 .text.sli_usbd_core_get_control_rx_status
                0x00009866       0x2c ./gecko_sdk_4.4.4/protocol/usb/src/sl_usbd_core_ep.o
                0x00009866                sli_usbd_core_get_control_rx_status
 .text.usbd_core_os_task_main
                0x00009892        0x8 ./gecko_sdk_4.4.4/protocol/usb/src/sl_usbd_core_os.o
 .text.sli_usbd_core_os_post_endpoint_signal
                0x0000989a        0x4 ./gecko_sdk_4.4.4/protocol/usb/src/sl_usbd_core_os.o
                0x0000989a                sli_usbd_core_os_post_endpoint_signal
 .text.sli_usbd_driver_get_speed
                0x0000989e        0xe ./gecko_sdk_4.4.4/protocol/usb/src/sl_usbd_driver_dwc_otg_fs.o
                0x0000989e                sli_usbd_driver_get_speed
 .text.sli_usbd_driver_endpoint_rx_zlp
                0x000098ac        0x4 ./gecko_sdk_4.4.4/protocol/usb/src/sl_usbd_driver_dwc_otg_fs.o
                0x000098ac                sli_usbd_driver_endpoint_rx_zlp
 .text.sli_usbd_driver_endpoint_tx_zlp
                0x000098b0        0x8 ./gecko_sdk_4.4.4/protocol/usb/src/sl_usbd_driver_dwc_otg_fs.o
                0x000098b0                sli_usbd_driver_endpoint_tx_zlp
 .text.SysTick_Handler
                0x000098b8       0x1a ./gecko_sdk_4.4.4/util/third_party/freertos/cmsis/Source/cmsis_os2.o
                0x000098b8                SysTick_Handler
 .text.osKernelGetTickFreq
                0x000098d2        0x6 ./gecko_sdk_4.4.4/util/third_party/freertos/cmsis/Source/cmsis_os2.o
                0x000098d2                osKernelGetTickFreq
 .text.vListInitialise
                0x000098d8       0x16 ./gecko_sdk_4.4.4/util/third_party/freertos/kernel/list.o
                0x000098d8                vListInitialise
 .text.vListInitialiseItem
                0x000098ee        0x6 ./gecko_sdk_4.4.4/util/third_party/freertos/kernel/list.o
                0x000098ee                vListInitialiseItem
 .text.vListInsertEnd
                0x000098f4       0x16 ./gecko_sdk_4.4.4/util/third_party/freertos/kernel/list.o
                0x000098f4                vListInsertEnd
 .text.vListInsert
                0x0000990a       0x2e ./gecko_sdk_4.4.4/util/third_party/freertos/kernel/list.o
                0x0000990a                vListInsert
 .text.uxListRemove
                0x00009938       0x20 ./gecko_sdk_4.4.4/util/third_party/freertos/kernel/list.o
                0x00009938                uxListRemove
 .text.prvIsQueueEmpty
                0x00009958       0x16 ./gecko_sdk_4.4.4/util/third_party/freertos/kernel/queue.o
 .text.prvCopyDataToQueue
                0x0000996e       0x66 ./gecko_sdk_4.4.4/util/third_party/freertos/kernel/queue.o
 .text.prvCopyDataFromQueue
                0x000099d4       0x2c ./gecko_sdk_4.4.4/util/third_party/freertos/kernel/queue.o
 .text.prvUnlockQueue
                0x00009a00       0x70 ./gecko_sdk_4.4.4/util/third_party/freertos/kernel/queue.o
 .text.xQueueCreateMutexStatic
                0x00009a70       0x2a ./gecko_sdk_4.4.4/util/third_party/freertos/kernel/queue.o
                0x00009a70                xQueueCreateMutexStatic
 .text.xQueueCreateMutex
                0x00009a9a       0x24 ./gecko_sdk_4.4.4/util/third_party/freertos/kernel/queue.o
                0x00009a9a                xQueueCreateMutex
 .text.vQueueWaitForMessageRestricted
                0x00009abe       0x46 ./gecko_sdk_4.4.4/util/third_party/freertos/kernel/queue.o
                0x00009abe                vQueueWaitForMessageRestricted
 .text.prvInitialiseNewTask.constprop.0
                0x00009b04       0x96 ./gecko_sdk_4.4.4/util/third_party/freertos/kernel/tasks.o
 .text.xTaskCreate
                0x00009b9a       0x5c ./gecko_sdk_4.4.4/util/third_party/freertos/kernel/tasks.o
                0x00009b9a                xTaskCreate
 .text.xPortSysTickHandler
                0x00009bf6       0x2c ./gecko_sdk_4.4.4/util/third_party/freertos/kernel/portable/GCC/ARM_CM4F/port.o
                0x00009bf6                xPortSysTickHandler
 .text._fwalk_sglue
                0x00009c22       0x3c e:/siliconlabs/simplicitystudio/v5/developer/toolchains/gnu_arm/12.2.rel1_2023.7/bin/../lib/gcc/arm-none-eabi/12.2.1/thumb/v7e-m+fp/softfp\libc_nano.a(libc_a-fwalk.o)
                0x00009c22                _fwalk_sglue
 .text.__sread  0x00009c5e       0x22 e:/siliconlabs/simplicitystudio/v5/developer/toolchains/gnu_arm/12.2.rel1_2023.7/bin/../lib/gcc/arm-none-eabi/12.2.1/thumb/v7e-m+fp/softfp\libc_nano.a(libc_a-stdio.o)
                0x00009c5e                __sread
 .text.__swrite
                0x00009c80       0x38 e:/siliconlabs/simplicitystudio/v5/developer/toolchains/gnu_arm/12.2.rel1_2023.7/bin/../lib/gcc/arm-none-eabi/12.2.1/thumb/v7e-m+fp/softfp\libc_nano.a(libc_a-stdio.o)
                0x00009c80                __swrite
 .text.__sseek  0x00009cb8       0x24 e:/siliconlabs/simplicitystudio/v5/developer/toolchains/gnu_arm/12.2.rel1_2023.7/bin/../lib/gcc/arm-none-eabi/12.2.1/thumb/v7e-m+fp/softfp\libc_nano.a(libc_a-stdio.o)
                0x00009cb8                __sseek
 .text.__sclose
                0x00009cdc        0x8 e:/siliconlabs/simplicitystudio/v5/developer/toolchains/gnu_arm/12.2.rel1_2023.7/bin/../lib/gcc/arm-none-eabi/12.2.1/thumb/v7e-m+fp/softfp\libc_nano.a(libc_a-stdio.o)
                0x00009cdc                __sclose
 .text.memset   0x00009ce4       0x10 e:/siliconlabs/simplicitystudio/v5/developer/toolchains/gnu_arm/12.2.rel1_2023.7/bin/../lib/gcc/arm-none-eabi/12.2.1/thumb/v7e-m+fp/softfp\libc_nano.a(libc_a-memset.o)
                0x00009ce4                memset
 .text.__strtok_r
                0x00009cf4       0x50 e:/siliconlabs/simplicitystudio/v5/developer/toolchains/gnu_arm/12.2.rel1_2023.7/bin/../lib/gcc/arm-none-eabi/12.2.1/thumb/v7e-m+fp/softfp\libc_nano.a(libc_a-strtok_r.o)
                0x00009cf4                __strtok_r
 .text.__retarget_lock_init_recursive
                0x00009d44        0x2 e:/siliconlabs/simplicitystudio/v5/developer/toolchains/gnu_arm/12.2.rel1_2023.7/bin/../lib/gcc/arm-none-eabi/12.2.1/thumb/v7e-m+fp/softfp\libc_nano.a(libc_a-lock.o)
                0x00009d44                __retarget_lock_init_recursive
 .text.__retarget_lock_acquire_recursive
                0x00009d46        0x2 e:/siliconlabs/simplicitystudio/v5/developer/toolchains/gnu_arm/12.2.rel1_2023.7/bin/../lib/gcc/arm-none-eabi/12.2.1/thumb/v7e-m+fp/softfp\libc_nano.a(libc_a-lock.o)
                0x00009d46                __retarget_lock_acquire_recursive
 .text.__retarget_lock_release_recursive
                0x00009d48        0x2 e:/siliconlabs/simplicitystudio/v5/developer/toolchains/gnu_arm/12.2.rel1_2023.7/bin/../lib/gcc/arm-none-eabi/12.2.1/thumb/v7e-m+fp/softfp\libc_nano.a(libc_a-lock.o)
                0x00009d48                __retarget_lock_release_recursive
 .text          0x00009d4a       0x14 e:/siliconlabs/simplicitystudio/v5/developer/toolchains/gnu_arm/12.2.rel1_2023.7/bin/../lib/gcc/arm-none-eabi/12.2.1/thumb/v7e-m+fp/softfp\libc_nano.a(libc_a-strcmp.o)
                0x00009d4a                strcmp
 .text.memcpy   0x00009d5e       0x1c e:/siliconlabs/simplicitystudio/v5/developer/toolchains/gnu_arm/12.2.rel1_2023.7/bin/../lib/gcc/arm-none-eabi/12.2.1/thumb/v7e-m+fp/softfp\libc_nano.a(libc_a-memcpy-stub.o)
                0x00009d5e                memcpy
 .text.__sflush_r
                0x00009d7a      0x108 e:/siliconlabs/simplicitystudio/v5/developer/toolchains/gnu_arm/12.2.rel1_2023.7/bin/../lib/gcc/arm-none-eabi/12.2.1/thumb/v7e-m+fp/softfp\libc_nano.a(libc_a-fflush.o)
                0x00009d7a                __sflush_r
 .text._fflush_r
                0x00009e82       0x50 e:/siliconlabs/simplicitystudio/v5/developer/toolchains/gnu_arm/12.2.rel1_2023.7/bin/../lib/gcc/arm-none-eabi/12.2.1/thumb/v7e-m+fp/softfp\libc_nano.a(libc_a-fflush.o)
                0x00009e82                _fflush_r
 .text.abort    0x00009ed2        0xe e:/siliconlabs/simplicitystudio/v5/developer/toolchains/gnu_arm/12.2.rel1_2023.7/bin/../lib/gcc/arm-none-eabi/12.2.1/thumb/v7e-m+fp/softfp\libc_nano.a(libc_a-abort.o)
                0x00009ed2                abort
 .text.__sfputc_r
                0x00009ee0       0x2e e:/siliconlabs/simplicitystudio/v5/developer/toolchains/gnu_arm/12.2.rel1_2023.7/bin/../lib/gcc/arm-none-eabi/12.2.1/thumb/v7e-m+fp/softfp\libc_nano.a(libc_a-nano-vfprintf.o)
 .text.__sfputs_r
                0x00009f0e       0x24 e:/siliconlabs/simplicitystudio/v5/developer/toolchains/gnu_arm/12.2.rel1_2023.7/bin/../lib/gcc/arm-none-eabi/12.2.1/thumb/v7e-m+fp/softfp\libc_nano.a(libc_a-nano-vfprintf.o)
                0x00009f0e                __sfputs_r
 .text._printf_common
                0x00009f32       0xda e:/siliconlabs/simplicitystudio/v5/developer/toolchains/gnu_arm/12.2.rel1_2023.7/bin/../lib/gcc/arm-none-eabi/12.2.1/thumb/v7e-m+fp/softfp\libc_nano.a(libc_a-nano-vfprintf_i.o)
                0x00009f32                _printf_common
 .text.__swbuf_r
                0x0000a00c       0x7c e:/siliconlabs/simplicitystudio/v5/developer/toolchains/gnu_arm/12.2.rel1_2023.7/bin/../lib/gcc/arm-none-eabi/12.2.1/thumb/v7e-m+fp/softfp\libc_nano.a(libc_a-wbuf.o)
                0x0000a00c                __swbuf_r
 .text._raise_r
                0x0000a088       0x50 e:/siliconlabs/simplicitystudio/v5/developer/toolchains/gnu_arm/12.2.rel1_2023.7/bin/../lib/gcc/arm-none-eabi/12.2.1/thumb/v7e-m+fp/softfp\libc_nano.a(libc_a-signal.o)
                0x0000a088                _raise_r
 .text._getpid_r
                0x0000a0d8        0x4 e:/siliconlabs/simplicitystudio/v5/developer/toolchains/gnu_arm/12.2.rel1_2023.7/bin/../lib/gcc/arm-none-eabi/12.2.1/thumb/v7e-m+fp/softfp\libc_nano.a(libc_a-signalr.o)
                0x0000a0d8                _getpid_r
 .text.__swhatbuf_r
                0x0000a0dc       0x4c e:/siliconlabs/simplicitystudio/v5/developer/toolchains/gnu_arm/12.2.rel1_2023.7/bin/../lib/gcc/arm-none-eabi/12.2.1/thumb/v7e-m+fp/softfp\libc_nano.a(libc_a-makebuf.o)
                0x0000a0dc                __swhatbuf_r
 .text.__smakebuf_r
                0x0000a128       0x78 e:/siliconlabs/simplicitystudio/v5/developer/toolchains/gnu_arm/12.2.rel1_2023.7/bin/../lib/gcc/arm-none-eabi/12.2.1/thumb/v7e-m+fp/softfp\libc_nano.a(libc_a-makebuf.o)
                0x0000a128                __smakebuf_r
                0x0000a1a0                . = ALIGN (0x20)
                0x0000a1a0                linker_code_end = .
 *(.init)
 .init          0x0000a1a0        0x4 e:/siliconlabs/simplicitystudio/v5/developer/toolchains/gnu_arm/12.2.rel1_2023.7/bin/../lib/gcc/arm-none-eabi/12.2.1/thumb/v7e-m+fp/softfp/crti.o
                0x0000a1a0                _init
 .init          0x0000a1a4        0x8 e:/siliconlabs/simplicitystudio/v5/developer/toolchains/gnu_arm/12.2.rel1_2023.7/bin/../lib/gcc/arm-none-eabi/12.2.1/thumb/v7e-m+fp/softfp/crtn.o
 *(.fini)
 .fini          0x0000a1ac        0x4 e:/siliconlabs/simplicitystudio/v5/developer/toolchains/gnu_arm/12.2.rel1_2023.7/bin/../lib/gcc/arm-none-eabi/12.2.1/thumb/v7e-m+fp/softfp/crti.o
                0x0000a1ac                _fini
 .fini          0x0000a1b0        0x8 e:/siliconlabs/simplicitystudio/v5/developer/toolchains/gnu_arm/12.2.rel1_2023.7/bin/../lib/gcc/arm-none-eabi/12.2.1/thumb/v7e-m+fp/softfp/crtn.o
 *crtbegin.o(.ctors)
 *crtbegin?.o(.ctors)
 *(EXCLUDE_FILE(*crtend.o *crtend?.o) .ctors)
 *(SORT_BY_NAME(.ctors.*))
 *(.ctors)
 *crtbegin.o(.dtors)
 *crtbegin?.o(.dtors)
 *(EXCLUDE_FILE(*crtend.o *crtend?.o) .dtors)
 *(SORT_BY_NAME(.dtors.*))
 *(.dtors)
                0x0000a1b8                __code_classification_validator_start__ = .
                0x0000a1d8                . = (. + 0x20)
 *fill*         0x0000a1b8       0x20 
 *(code_classification_validator)
                0x0000a1e0                . = ALIGN (0x20)
 *fill*         0x0000a1d8        0x8 
                0x0000a1e0                __code_classification_validator_end__ = .
 *(.rodata*)
 .rodata.terminal_task.str1.1
                0x0000a1e0      0x14a ./usb_cdc_acm_app.o
                                0x14e (size before relaxing)
 .rodata.usb_device_cdc_acm_app_init.str1.1
                0x0000a32a       0x1b ./usb_cdc_acm_app.o
 .rodata.str1.1
                0x0000a345       0x1c ./usb_cdc_acm_app.o
 .rodata.sli_usbd_cdc_acm_acm0_init.str1.1
                0x0000a361        0xf ./autogen/sl_usbd_class_cdc_acm_instances.o
 .rodata.sli_usbd_cdc_acm_acm0_callbacks
                0x0000a370       0x10 ./autogen/sl_usbd_class_cdc_acm_instances.o
                0x0000a370                sli_usbd_cdc_acm_acm0_callbacks
 .rodata.sli_usbd_configuration_config0_init.str1.1
                0x0000a380       0x13 ./autogen/sl_usbd_configuration_instances.o
 *fill*         0x0000a393        0x1 
 .rodata.CSWTCH.3
                0x0000a394       0x20 ./gecko_sdk_4.4.4/platform/Device/SiliconLabs/EFM32GG11B/Source/system_efm32gg11b.o
 .rodata.flashWaitStateControl.str1.1
                0x0000a3b4       0x2f ./gecko_sdk_4.4.4/platform/emlib/src/em_cmu.o
 .rodata.CMU_PrescToLog2.str1.1
                0x0000a3e3       0xb2 ./gecko_sdk_4.4.4/platform/emlib/src/em_cmu.o
 *fill*         0x0000a495        0x1 
 .rodata.CSWTCH.93
                0x0000a496        0xc ./gecko_sdk_4.4.4/platform/emlib/src/em_cmu.o
 .rodata.CSWTCH.92
                0x0000a4a2        0xc ./gecko_sdk_4.4.4/platform/emlib/src/em_cmu.o
 .rodata.CSWTCH.91
                0x0000a4ae        0x6 ./gecko_sdk_4.4.4/platform/emlib/src/em_cmu.o
 .rodata.CSWTCH.90
                0x0000a4b4        0x6 ./gecko_sdk_4.4.4/platform/emlib/src/em_cmu.o
 *fill*         0x0000a4ba        0x2 
 .rodata.flashWsTable
                0x0000a4bc       0x38 ./gecko_sdk_4.4.4/platform/emlib/src/em_cmu.o
 .rodata.vmonCalibratedThreshold.str1.1
                0x0000a4f4       0x2f ./gecko_sdk_4.4.4/platform/emlib/src/em_emu.o
 *fill*         0x0000a523        0x1 
 .rodata        0x0000a524       0x10 ./gecko_sdk_4.4.4/platform/service/device_init/src/sl_device_init_dcdc_s1.o
 .rodata        0x0000a534        0xc ./gecko_sdk_4.4.4/platform/service/device_init/src/sl_device_init_hfxo_s1.o
 .rodata        0x0000a540        0x4 ./gecko_sdk_4.4.4/platform/service/device_init/src/sl_device_init_lfxo_s1.o
 .rodata.sl_usbd_cdc_add_to_configuration.str1.1
                0x0000a544       0x31 ./gecko_sdk_4.4.4/protocol/usb/src/sl_usbd_class_cdc.o
 *fill*         0x0000a575        0x3 
 .rodata.usbd_cdc_data_driver
                0x0000a578       0x2c ./gecko_sdk_4.4.4/protocol/usb/src/sl_usbd_class_cdc.o
 .rodata.usbd_cdc_comm_driver
                0x0000a5a4       0x2c ./gecko_sdk_4.4.4/protocol/usb/src/sl_usbd_class_cdc.o
 .rodata.usbd_cdc_acm_driver
                0x0000a5d0       0x18 ./gecko_sdk_4.4.4/protocol/usb/src/sl_usbd_class_cdc_acm.o
 .rodata.sl_usbd_core_init.str1.1
                0x0000a5e8       0x26 ./gecko_sdk_4.4.4/protocol/usb/src/sl_usbd_core.o
 .rodata.sli_usbd_core_os_create_endpoint_signal.str1.1
                0x0000a60e        0xf ./gecko_sdk_4.4.4/protocol/usb/src/sl_usbd_core_os.o
 .rodata.sli_usbd_core_os_create_endpoint_lock.str1.1
                0x0000a61d        0xb ./gecko_sdk_4.4.4/protocol/usb/src/sl_usbd_core_os.o
 .rodata.str1.1
                0x0000a628       0x17 ./gecko_sdk_4.4.4/protocol/usb/src/sl_usbd_core_os.o
 *fill*         0x0000a63f        0x1 
 .rodata.message_queue_attr
                0x0000a640       0x18 ./gecko_sdk_4.4.4/protocol/usb/src/sl_usbd_core_os.o
 .rodata.task_attr
                0x0000a658       0x24 ./gecko_sdk_4.4.4/protocol/usb/src/sl_usbd_core_os.o
 .rodata.usbd_endpoint_info_table
                0x0000a67c       0x34 ./gecko_sdk_4.4.4/protocol/usb/src/sl_usbd_driver_dwc_otg_fs.o
 .rodata.vApplicationStackOverflowHook.str1.1
                0x0000a6b0       0x46 ./gecko_sdk_4.4.4/util/third_party/freertos/cmsis/Source/cmsis_os2.o
 .rodata.xQueueGenericReset.str1.1
                0x0000a6f6       0x3c ./gecko_sdk_4.4.4/util/third_party/freertos/kernel/queue.o
 .rodata.prvTaskIsTaskSuspended.str1.1
                0x0000a732       0x3c ./gecko_sdk_4.4.4/util/third_party/freertos/kernel/tasks.o
 .rodata.vTaskStartScheduler.str1.1
                0x0000a76e        0x5 ./gecko_sdk_4.4.4/util/third_party/freertos/kernel/tasks.o
 .rodata.prvCheckForValidListAndQueue.str1.1
                0x0000a773        0x5 ./gecko_sdk_4.4.4/util/third_party/freertos/kernel/timers.o
 .rodata.xTimerCreateTimerTask.str1.1
                0x0000a778       0x45 ./gecko_sdk_4.4.4/util/third_party/freertos/kernel/timers.o
 .rodata.prvTaskExitError.str1.1
                0x0000a7bd       0x51 ./gecko_sdk_4.4.4/util/third_party/freertos/kernel/portable/GCC/ARM_CM4F/port.o
 .rodata.pvPortMalloc.str1.1
                0x0000a80e       0x4e ./gecko_sdk_4.4.4/util/third_party/freertos/kernel/portable/MemMang/heap_4.o
 .rodata.strtok.str1.1
                0x0000a85c       0x72 e:/siliconlabs/simplicitystudio/v5/developer/toolchains/gnu_arm/12.2.rel1_2023.7/bin/../lib/gcc/arm-none-eabi/12.2.1/thumb/v7e-m+fp/softfp\libc_nano.a(libc_a-strtok.o)
 .rodata.__assert_func.str1.1
                0x0000a8ce       0x3c e:/siliconlabs/simplicitystudio/v5/developer/toolchains/gnu_arm/12.2.rel1_2023.7/bin/../lib/gcc/arm-none-eabi/12.2.1/thumb/v7e-m+fp/softfp\libc_nano.a(libc_a-assert.o)
                                 0x3d (size before relaxing)
 .rodata._vfprintf_r.str1.1
                0x0000a90a       0x11 e:/siliconlabs/simplicitystudio/v5/developer/toolchains/gnu_arm/12.2.rel1_2023.7/bin/../lib/gcc/arm-none-eabi/12.2.1/thumb/v7e-m+fp/softfp\libc_nano.a(libc_a-nano-vfprintf.o)
 .rodata._printf_i.str1.1
                0x0000a91b       0x22 e:/siliconlabs/simplicitystudio/v5/developer/toolchains/gnu_arm/12.2.rel1_2023.7/bin/../lib/gcc/arm-none-eabi/12.2.1/thumb/v7e-m+fp/softfp\libc_nano.a(libc_a-nano-vfprintf_i.o)
 *(.eh_frame*)
 *fill*         0x0000a93d        0x3 
 .eh_frame      0x0000a940        0x0 e:/siliconlabs/simplicitystudio/v5/developer/toolchains/gnu_arm/12.2.rel1_2023.7/bin/../lib/gcc/arm-none-eabi/12.2.1/thumb/v7e-m+fp/softfp/crtbegin.o

.glue_7         0x0000a940        0x0
 .glue_7        0x0000a940        0x0 linker stubs

.glue_7t        0x0000a940        0x0
 .glue_7t       0x0000a940        0x0 linker stubs

.vfp11_veneer   0x0000a940        0x0
 .vfp11_veneer  0x0000a940        0x0 linker stubs

.v4_bx          0x0000a940        0x0
 .v4_bx         0x0000a940        0x0 linker stubs

.iplt           0x0000a940        0x0
 .iplt          0x0000a940        0x0 e:/siliconlabs/simplicitystudio/v5/developer/toolchains/gnu_arm/12.2.rel1_2023.7/bin/../lib/gcc/arm-none-eabi/12.2.1/thumb/v7e-m+fp/softfp/crtbegin.o

.ARM.extab
 *(.ARM.extab* .gnu.linkonce.armextab.*)
                0x0000a940                __exidx_start = .

.ARM.exidx      0x0000a940        0x8
 *(.ARM.exidx* .gnu.linkonce.armexidx.*)
 .ARM.exidx     0x0000a940        0x8 e:/siliconlabs/simplicitystudio/v5/developer/toolchains/gnu_arm/12.2.rel1_2023.7/bin/../lib/gcc/arm-none-eabi/12.2.1/thumb/v7e-m+fp/softfp/crt0.o
                                 0x10 (size before relaxing)
                0x0000a948                __exidx_end = .

.rel.dyn        0x0000a948        0x0
 .rel.iplt      0x0000a948        0x0 e:/siliconlabs/simplicitystudio/v5/developer/toolchains/gnu_arm/12.2.rel1_2023.7/bin/../lib/gcc/arm-none-eabi/12.2.1/thumb/v7e-m+fp/softfp/crtbegin.o

.copy.table     0x0000a948        0xc
                0x0000a948                . = ALIGN (0x4)
                0x0000a948                __copy_table_start__ = .
                0x0000a948        0x4 LONG 0xa954 __etext
                0x0000a94c        0x4 LONG 0x20001000 __data_start__
                0x0000a950        0x4 LONG 0x27 ((__data_end__ - __data_start__) / 0x4)
                0x0000a954                __copy_table_end__ = .

.zero.table     0x0000a954        0x0
                0x0000a954                . = ALIGN (0x4)
                0x0000a954                __zero_table_start__ = .
                0x0000a954                __zero_table_end__ = .
                0x0000a954                __etext = .
                0x20000000                . = ORIGIN (RAM)

.stack          0x20000000     0x1000
                0x20000000                __StackLimit = .
 *(.stack*)
 .stack         0x20000000     0x1000 ./gecko_sdk_4.4.4/platform/common/toolchain/src/sl_memory.o
                0x20001000                . = ALIGN (0x4)
                0x20001000                __StackTop = .
                0x20001000                PROVIDE (__stack = __StackTop)

.noinit
 *(.noinit*)

.data           0x20001000       0x9c load address 0x0000a954
                0x20001000                . = ALIGN (0x4)
                0x20001000                __data_start__ = .
 *(vtable)
 *(SORT_BY_ALIGNMENT(.data*))
 .data.loopback_echo_async_sem_attr
                0x20001000       0x10 ./usb_cdc_acm_app.o
 .data.SystemHfrcoFreq
                0x20001010        0x4 ./gecko_sdk_4.4.4/platform/Device/SiliconLabs/EFM32GG11B/Source/system_efm32gg11b.o
                0x20001010                SystemHfrcoFreq
 .data.SystemCoreClock
                0x20001014        0x4 ./gecko_sdk_4.4.4/platform/Device/SiliconLabs/EFM32GG11B/Source/system_efm32gg11b.o
                0x20001014                SystemCoreClock
 .data.SystemLFXOClock
                0x20001018        0x4 ./gecko_sdk_4.4.4/platform/Device/SiliconLabs/EFM32GG11B/Source/system_efm32gg11b.o
 .data.SystemHFXOClock
                0x2000101c        0x4 ./gecko_sdk_4.4.4/platform/Device/SiliconLabs/EFM32GG11B/Source/system_efm32gg11b.o
 .data.heap_end.0
                0x20001020        0x4 ./gecko_sdk_4.4.4/platform/common/toolchain/src/sl_memory.o
 .data.ushfrcoFreq
                0x20001024        0x4 ./gecko_sdk_4.4.4/platform/emlib/src/em_cmu.o