Archive member included to satisfy reference by file (symbol)

e:/siliconlabs/simplicitystudio/v5/developer/toolchains/gnu_arm/12.2.rel1_2023.7/bin/../lib/gcc/arm-none-eabi/12.2.1/thumb/v7e-m+fp/softfp\libgcc.a(_aeabi_ldivmod.o)
                              ./gecko_sdk_4.4.4/platform/emlib/src/em_usart.o (__aeabi_ldivmod)
e:/siliconlabs/simplicitystudio/v5/developer/toolchains/gnu_arm/12.2.rel1_2023.7/bin/../lib/gcc/arm-none-eabi/12.2.1/thumb/v7e-m+fp/softfp\libgcc.a(_aeabi_uldivmod.o)
                              ./gecko_sdk_4.4.4/platform/emlib/src/em_usart.o (__aeabi_uldivmod)
e:/siliconlabs/simplicitystudio/v5/developer/toolchains/gnu_arm/12.2.rel1_2023.7/bin/../lib/gcc/arm-none-eabi/12.2.1/thumb/v7e-m+fp/softfp\libgcc.a(_udivmoddi4.o)
                              e:/siliconlabs/simplicitystudio/v5/developer/toolchains/gnu_arm/12.2.rel1_2023.7/bin/../lib/gcc/arm-none-eabi/12.2.1/thumb/v7e-m+fp/softfp\libgcc.a(_aeabi_ldivmod.o) (__udivmoddi4)
e:/siliconlabs/simplicitystudio/v5/developer/toolchains/gnu_arm/12.2.rel1_2023.7/bin/../lib/gcc/arm-none-eabi/12.2.1/thumb/v7e-m+fp/softfp\libgcc.a(_dvmd_tls.o)
                              e:/siliconlabs/simplicitystudio/v5/developer/toolchains/gnu_arm/12.2.rel1_2023.7/bin/../lib/gcc/arm-none-eabi/12.2.1/thumb/v7e-m+fp/softfp\libgcc.a(_aeabi_ldivmod.o) (__aeabi_ldiv0)
e:/siliconlabs/simplicitystudio/v5/developer/toolchains/gnu_arm/12.2.rel1_2023.7/bin/../lib/gcc/arm-none-eabi/12.2.1/thumb/v7e-m+fp/softfp\libc_nano.a(libc_a-exit.o)
                              e:/siliconlabs/simplicitystudio/v5/developer/toolchains/gnu_arm/12.2.rel1_2023.7/bin/../lib/gcc/arm-none-eabi/12.2.1/thumb/v7e-m+fp/softfp/crt0.o (exit)
e:/siliconlabs/simplicitystudio/v5/developer/toolchains/gnu_arm/12.2.rel1_2023.7/bin/../lib/gcc/arm-none-eabi/12.2.1/thumb/v7e-m+fp/softfp\libc_nano.a(libc_a-ctype_.o)
                              ./gecko_sdk_4.4.4/platform/common/src/sl_string.o (_ctype_)
e:/siliconlabs/simplicitystudio/v5/developer/toolchains/gnu_arm/12.2.rel1_2023.7/bin/../lib/gcc/arm-none-eabi/12.2.1/thumb/v7e-m+fp/softfp\libc_nano.a(libc_a-findfp.o)
                              e:/siliconlabs/simplicitystudio/v5/developer/toolchains/gnu_arm/12.2.rel1_2023.7/bin/../lib/gcc/arm-none-eabi/12.2.1/thumb/v7e-m+fp/softfp\libc_nano.a(libc_a-exit.o) (__stdio_exit_handler)
e:/siliconlabs/simplicitystudio/v5/developer/toolchains/gnu_arm/12.2.rel1_2023.7/bin/../lib/gcc/arm-none-eabi/12.2.1/thumb/v7e-m+fp/softfp\libc_nano.a(libc_a-fwalk.o)
                              e:/siliconlabs/simplicitystudio/v5/developer/toolchains/gnu_arm/12.2.rel1_2023.7/bin/../lib/gcc/arm-none-eabi/12.2.1/thumb/v7e-m+fp/softfp\libc_nano.a(libc_a-findfp.o) (_fwalk_sglue)
e:/siliconlabs/simplicitystudio/v5/developer/toolchains/gnu_arm/12.2.rel1_2023.7/bin/../lib/gcc/arm-none-eabi/12.2.1/thumb/v7e-m+fp/softfp\libc_nano.a(libc_a-getchar.o)
                              ./app_iostream_usart.o (getchar)
e:/siliconlabs/simplicitystudio/v5/developer/toolchains/gnu_arm/12.2.rel1_2023.7/bin/../lib/gcc/arm-none-eabi/12.2.1/thumb/v7e-m+fp/softfp\libc_nano.a(libc_a-printf.o)
                              ./app_iostream_usart.o (printf)
e:/siliconlabs/simplicitystudio/v5/developer/toolchains/gnu_arm/12.2.rel1_2023.7/bin/../lib/gcc/arm-none-eabi/12.2.1/thumb/v7e-m+fp/softfp\libc_nano.a(libc_a-putchar.o)
                              ./app_iostream_usart.o (putchar)
e:/siliconlabs/simplicitystudio/v5/developer/toolchains/gnu_arm/12.2.rel1_2023.7/bin/../lib/gcc/arm-none-eabi/12.2.1/thumb/v7e-m+fp/softfp\libc_nano.a(libc_a-puts.o)
                              ./app_iostream_usart.o (puts)
e:/siliconlabs/simplicitystudio/v5/developer/toolchains/gnu_arm/12.2.rel1_2023.7/bin/../lib/gcc/arm-none-eabi/12.2.1/thumb/v7e-m+fp/softfp\libc_nano.a(libc_a-setvbuf.o)
                              ./app_iostream_usart.o (setvbuf)
e:/siliconlabs/simplicitystudio/v5/developer/toolchains/gnu_arm/12.2.rel1_2023.7/bin/../lib/gcc/arm-none-eabi/12.2.1/thumb/v7e-m+fp/softfp\libc_nano.a(libc_a-stdio.o)
                              e:/siliconlabs/simplicitystudio/v5/developer/toolchains/gnu_arm/12.2.rel1_2023.7/bin/../lib/gcc/arm-none-eabi/12.2.1/thumb/v7e-m+fp/softfp\libc_nano.a(libc_a-findfp.o) (__sread)
e:/siliconlabs/simplicitystudio/v5/developer/toolchains/gnu_arm/12.2.rel1_2023.7/bin/../lib/gcc/arm-none-eabi/12.2.1/thumb/v7e-m+fp/softfp\libc_nano.a(libc_a-vprintf.o)
                              ./gecko_sdk_4.4.4/platform/service/iostream/src/sl_iostream.o (vprintf)
e:/siliconlabs/simplicitystudio/v5/developer/toolchains/gnu_arm/12.2.rel1_2023.7/bin/../lib/gcc/arm-none-eabi/12.2.1/thumb/v7e-m+fp/softfp\libc_nano.a(libc_a-wbuf.o)
                              e:/siliconlabs/simplicitystudio/v5/developer/toolchains/gnu_arm/12.2.rel1_2023.7/bin/../lib/gcc/arm-none-eabi/12.2.1/thumb/v7e-m+fp/softfp\libc_nano.a(libc_a-puts.o) (__swbuf_r)
[...]
Memory Configuration

Name             Origin             Length             Attributes
FLASH            0x00000000         0x00200000         xr
RAM              0x20000000         0x00080000         xrw
*default*        0x00000000         0xffffffff

Linker script and memory map

LOAD e:/siliconlabs/simplicitystudio/v5/developer/toolchains/gnu_arm/12.2.rel1_2023.7/bin/../lib/gcc/arm-none-eabi/12.2.1/thumb/v7e-m+fp/softfp/crti.o
LOAD e:/siliconlabs/simplicitystudio/v5/developer/toolchains/gnu_arm/12.2.rel1_2023.7/bin/../lib/gcc/arm-none-eabi/12.2.1/thumb/v7e-m+fp/softfp/crtbegin.o
LOAD e:/siliconlabs/simplicitystudio/v5/developer/toolchains/gnu_arm/12.2.rel1_2023.7/bin/../lib/gcc/arm-none-eabi/12.2.1/thumb/v7e-m+fp/softfp/crt0.o
START GROUP
LOAD ./app.o
LOAD ./app_iostream_usart.o
LOAD ./main.o
LOAD ./autogen/sl_board_default_init.o
LOAD ./autogen/sl_device_init_clocks.o
LOAD ./autogen/sl_event_handler.o
LOAD ./autogen/sl_iostream_handles.o
LOAD ./autogen/sl_iostream_init_usart_instances.o
LOAD ./gecko_sdk_4.4.4/hardware/board/src/sl_board_control_gpio.o
LOAD ./gecko_sdk_4.4.4/hardware/board/src/sl_board_init.o
LOAD ./gecko_sdk_4.4.4/hardware/driver/configuration_over_swo/src/sl_cos.o
LOAD ./gecko_sdk_4.4.4/platform/Device/SiliconLabs/EFM32GG11B/Source/startup_efm32gg11b.o
LOAD ./gecko_sdk_4.4.4/platform/Device/SiliconLabs/EFM32GG11B/Source/system_efm32gg11b.o
LOAD ./gecko_sdk_4.4.4/platform/common/src/sl_assert.o
LOAD ./gecko_sdk_4.4.4/platform/common/src/sl_string.o
LOAD ./gecko_sdk_4.4.4/platform/common/src/sl_syscalls.o
LOAD ./gecko_sdk_4.4.4/platform/common/toolchain/src/sl_memory.o
LOAD ./gecko_sdk_4.4.4/platform/driver/debug/src/sl_debug_swo.o
LOAD ./gecko_sdk_4.4.4/platform/emdrv/dmadrv/src/dmadrv.o
LOAD ./gecko_sdk_4.4.4/platform/emlib/src/em_cmu.o
LOAD ./gecko_sdk_4.4.4/platform/emlib/src/em_core.o
LOAD ./gecko_sdk_4.4.4/platform/emlib/src/em_emu.o
LOAD ./gecko_sdk_4.4.4/platform/emlib/src/em_gpio.o
LOAD ./gecko_sdk_4.4.4/platform/emlib/src/em_ldma.o
LOAD ./gecko_sdk_4.4.4/platform/emlib/src/em_msc.o
LOAD ./gecko_sdk_4.4.4/platform/emlib/src/em_system.o
LOAD ./gecko_sdk_4.4.4/platform/emlib/src/em_usart.o
LOAD ./gecko_sdk_4.4.4/platform/service/device_init/src/sl_device_init_dcdc_s1.o
LOAD ./gecko_sdk_4.4.4/platform/service/device_init/src/sl_device_init_emu_s1.o
LOAD ./gecko_sdk_4.4.4/platform/service/device_init/src/sl_device_init_hfxo_s1.o
LOAD ./gecko_sdk_4.4.4/platform/service/device_init/src/sl_device_init_lfxo_s1.o
LOAD ./gecko_sdk_4.4.4/platform/service/device_init/src/sl_device_init_nvic.o
LOAD ./gecko_sdk_4.4.4/platform/service/iostream/src/sl_iostream.o
LOAD ./gecko_sdk_4.4.4/platform/service/iostream/src/sl_iostream_retarget_stdio.o
LOAD ./gecko_sdk_4.4.4/platform/service/iostream/src/sl_iostream_uart.o
LOAD ./gecko_sdk_4.4.4/platform/service/iostream/src/sl_iostream_usart.o
LOAD ./gecko_sdk_4.4.4/platform/service/system/src/sl_system_init.o
LOAD ./gecko_sdk_4.4.4/platform/service/system/src/sl_system_process_action.o
LOAD e:/siliconlabs/simplicitystudio/v5/developer/toolchains/gnu_arm/12.2.rel1_2023.7/bin/../lib/gcc/arm-none-eabi/12.2.1/thumb/v7e-m+fp/softfp\libgcc.a
LOAD e:/siliconlabs/simplicitystudio/v5/developer/toolchains/gnu_arm/12.2.rel1_2023.7/bin/../lib/gcc/arm-none-eabi/12.2.1/thumb/v7e-m+fp/softfp\libc_nano.a
LOAD e:/siliconlabs/simplicitystudio/v5/developer/toolchains/gnu_arm/12.2.rel1_2023.7/bin/../lib/gcc/arm-none-eabi/12.2.1/thumb/v7e-m+fp/softfp\libm.a
LOAD e:/siliconlabs/simplicitystudio/v5/developer/toolchains/gnu_arm/12.2.rel1_2023.7/bin/../lib/gcc/arm-none-eabi/12.2.1/thumb/v7e-m+fp/softfp\libnosys.a
END GROUP
START GROUP
LOAD e:/siliconlabs/simplicitystudio/v5/developer/toolchains/gnu_arm/12.2.rel1_2023.7/bin/../lib/gcc/arm-none-eabi/12.2.1/thumb/v7e-m+fp/softfp\libgcc.a
LOAD e:/siliconlabs/simplicitystudio/v5/developer/toolchains/gnu_arm/12.2.rel1_2023.7/bin/../lib/gcc/arm-none-eabi/12.2.1/thumb/v7e-m+fp/softfp\libc_nano.a
LOAD e:/siliconlabs/simplicitystudio/v5/developer/toolchains/gnu_arm/12.2.rel1_2023.7/bin/../lib/gcc/arm-none-eabi/12.2.1/thumb/v7e-m+fp/softfp\libnosys.a
END GROUP
START GROUP
LOAD e:/siliconlabs/simplicitystudio/v5/developer/toolchains/gnu_arm/12.2.rel1_2023.7/bin/../lib/gcc/arm-none-eabi/12.2.1/thumb/v7e-m+fp/softfp\libgcc.a
LOAD e:/siliconlabs/simplicitystudio/v5/developer/toolchains/gnu_arm/12.2.rel1_2023.7/bin/../lib/gcc/arm-none-eabi/12.2.1/thumb/v7e-m+fp/softfp\libg_nano.a
LOAD e:/siliconlabs/simplicitystudio/v5/developer/toolchains/gnu_arm/12.2.rel1_2023.7/bin/../lib/gcc/arm-none-eabi/12.2.1/thumb/v7e-m+fp/softfp\libc_nano.a
END GROUP
START GROUP
LOAD e:/siliconlabs/simplicitystudio/v5/developer/toolchains/gnu_arm/12.2.rel1_2023.7/bin/../lib/gcc/arm-none-eabi/12.2.1/thumb/v7e-m+fp/softfp\libgcc.a
LOAD e:/siliconlabs/simplicitystudio/v5/developer/toolchains/gnu_arm/12.2.rel1_2023.7/bin/../lib/gcc/arm-none-eabi/12.2.1/thumb/v7e-m+fp/softfp\libc_nano.a
END GROUP
LOAD e:/siliconlabs/simplicitystudio/v5/developer/toolchains/gnu_arm/12.2.rel1_2023.7/bin/../lib/gcc/arm-none-eabi/12.2.1/thumb/v7e-m+fp/softfp/crtend.o
LOAD e:/siliconlabs/simplicitystudio/v5/developer/toolchains/gnu_arm/12.2.rel1_2023.7/bin/../lib/gcc/arm-none-eabi/12.2.1/thumb/v7e-m+fp/softfp/crtn.o

.text           0x00000000     0x5018
                0x00000000                linker_vectors_begin = .
 *(.vectors)
 .vectors       0x00000000      0x158 ./gecko_sdk_4.4.4/platform/Device/SiliconLabs/EFM32GG11B/Source/startup_efm32gg11b.o
                0x00000000                __Vectors
                0x00000158                linker_vectors_end = .
                0x00000158                __Vectors_End = .
                0x00000158                __Vectors_Size = (__Vectors_End - __Vectors)
                0x00000158                linker_code_begin = .
 *(SORT_BY_ALIGNMENT(.text*))
 *fill*         0x00000158        0x8 
 .text          0x00000160       0xa0 e:/siliconlabs/simplicitystudio/v5/developer/toolchains/gnu_arm/12.2.rel1_2023.7/bin/../lib/gcc/arm-none-eabi/12.2.1/thumb/v7e-m+fp/softfp\libc_nano.a(libc_a-memchr.o)
                0x00000160                memchr
 .text.deregister_tm_clones
                0x00000200       0x1c e:/siliconlabs/simplicitystudio/v5/developer/toolchains/gnu_arm/12.2.rel1_2023.7/bin/../lib/gcc/arm-none-eabi/12.2.1/thumb/v7e-m+fp/softfp/crtbegin.o
 .text.register_tm_clones
                0x0000021c       0x24 e:/siliconlabs/simplicitystudio/v5/developer/toolchains/gnu_arm/12.2.rel1_2023.7/bin/../lib/gcc/arm-none-eabi/12.2.1/thumb/v7e-m+fp/softfp/crtbegin.o
 .text.__do_global_dtors_aux
                0x00000240       0x28 e:/siliconlabs/simplicitystudio/v5/developer/toolchains/gnu_arm/12.2.rel1_2023.7/bin/../lib/gcc/arm-none-eabi/12.2.1/thumb/v7e-m+fp/softfp/crtbegin.o
 .text.frame_dummy
                0x00000268       0x24 e:/siliconlabs/simplicitystudio/v5/developer/toolchains/gnu_arm/12.2.rel1_2023.7/bin/../lib/gcc/arm-none-eabi/12.2.1/thumb/v7e-m+fp/softfp/crtbegin.o
 .text          0x0000028c       0x7c e:/siliconlabs/simplicitystudio/v5/developer/toolchains/gnu_arm/12.2.rel1_2023.7/bin/../lib/gcc/arm-none-eabi/12.2.1/thumb/v7e-m+fp/softfp/crt0.o
                0x0000028c                _stack_init
                0x00000294                _start
                0x00000294                _mainCRTStartup
 .text.app_iostream_usart_init
                0x00000308       0xa4 ./app_iostream_usart.o
                0x00000308                app_iostream_usart_init
 .text.app_iostream_usart_process_action
                0x000003ac       0x64 ./app_iostream_usart.o
                0x000003ac                app_iostream_usart_process_action
 .text.sl_device_init_clocks
                0x00000410       0x58 ./autogen/sl_device_init_clocks.o
                0x00000410                sl_device_init_clocks
 .text.sl_platform_init
                0x00000468       0x84 ./autogen/sl_event_handler.o
                0x00000468                sl_platform_init
 .text.sl_iostream_usart_init_vcom
                0x000004ec       0xb4 ./autogen/sl_iostream_init_usart_instances.o
                0x000004ec                sl_iostream_usart_init_vcom
 .text.sl_iostream_usart_init_instances
                0x000005a0       0x1c ./autogen/sl_iostream_init_usart_instances.o
                0x000005a0                sl_iostream_usart_init_instances
 .text.USART4_RX_IRQHandler
                0x000005bc        0xc ./autogen/sl_iostream_init_usart_instances.o
                0x000005bc                USART4_RX_IRQHandler
 .text.sl_board_init
                0x000005c8       0x18 ./gecko_sdk_4.4.4/hardware/board/src/sl_board_init.o
                0x000005c8                sl_board_init
 .text.sl_board_preinit
                0x000005e0        0xc ./gecko_sdk_4.4.4/hardware/board/src/sl_board_init.o
                0x000005e0                sl_board_preinit
 .text.Reset_Handler
                0x000005ec       0x60 ./gecko_sdk_4.4.4/platform/Device/SiliconLabs/EFM32GG11B/Source/startup_efm32gg11b.o
                0x000005ec                Reset_Handler
 .text.SystemMaxCoreClockGet
                0x0000064c        0x8 ./gecko_sdk_4.4.4/platform/Device/SiliconLabs/EFM32GG11B/Source/system_efm32gg11b.o
                0x0000064c                SystemMaxCoreClockGet
 .text.SystemHFClockGet
                0x00000654       0x74 ./gecko_sdk_4.4.4/platform/Device/SiliconLabs/EFM32GG11B/Source/system_efm32gg11b.o
                0x00000654                SystemHFClockGet
 .text.SystemCoreClockGet
                0x000006c8       0x24 ./gecko_sdk_4.4.4/platform/Device/SiliconLabs/EFM32GG11B/Source/system_efm32gg11b.o
                0x000006c8                SystemCoreClockGet
 .text.SystemHFXOClockGet
                0x000006ec        0xc ./gecko_sdk_4.4.4/platform/Device/SiliconLabs/EFM32GG11B/Source/system_efm32gg11b.o
                0x000006ec                SystemHFXOClockGet
 .text.SystemHFXOClockSet
                0x000006f8       0x20 ./gecko_sdk_4.4.4/platform/Device/SiliconLabs/EFM32GG11B/Source/system_efm32gg11b.o
                0x000006f8                SystemHFXOClockSet
 .text.SystemInit
                0x00000718       0x1c ./gecko_sdk_4.4.4/platform/Device/SiliconLabs/EFM32GG11B/Source/system_efm32gg11b.o
                0x00000718                SystemInit
 .text.SystemLFXOClockGet
                0x00000734        0xc ./gecko_sdk_4.4.4/platform/Device/SiliconLabs/EFM32GG11B/Source/system_efm32gg11b.o
                0x00000734                SystemLFXOClockGet
 .text._sbrk    0x00000740       0x20 ./gecko_sdk_4.4.4/platform/common/toolchain/src/sl_memory.o
                0x00000740                _sbrk
 .text.sl_debug_swo_init
                0x00000760       0xcc ./gecko_sdk_4.4.4/platform/driver/debug/src/sl_debug_swo.o
                0x00000760                sl_debug_swo_init
 .text.sl_debug_swo_write_u8
                0x0000082c       0x44 ./gecko_sdk_4.4.4/platform/driver/debug/src/sl_debug_swo.o
                0x0000082c                sl_debug_swo_write_u8
 .text.StartTransfer
                0x00000870      0x178 ./gecko_sdk_4.4.4/platform/emdrv/dmadrv/src/dmadrv.o
 .text.DMADRV_AllocateChannel
                0x000009e8       0x60 ./gecko_sdk_4.4.4/platform/emdrv/dmadrv/src/dmadrv.o
                0x000009e8                DMADRV_AllocateChannel
 .text.DMADRV_DeInit
                0x00000a48       0x44 ./gecko_sdk_4.4.4/platform/emdrv/dmadrv/src/dmadrv.o
                0x00000a48                DMADRV_DeInit
 .text.DMADRV_FreeChannel
                0x00000a8c       0x4c ./gecko_sdk_4.4.4/platform/emdrv/dmadrv/src/dmadrv.o
                0x00000a8c                DMADRV_FreeChannel
 .text.DMADRV_Init
                0x00000ad8       0x60 ./gecko_sdk_4.4.4/platform/emdrv/dmadrv/src/dmadrv.o
                0x00000ad8                DMADRV_Init
 .text.DMADRV_PauseTransfer
                0x00000b38       0x40 ./gecko_sdk_4.4.4/platform/emdrv/dmadrv/src/dmadrv.o
                0x00000b38                DMADRV_PauseTransfer
 .text.DMADRV_ResumeTransfer
                0x00000b78       0x40 ./gecko_sdk_4.4.4/platform/emdrv/dmadrv/src/dmadrv.o
                0x00000b78                DMADRV_ResumeTransfer
 .text.DMADRV_StopTransfer
                0x00000bb8       0x40 ./gecko_sdk_4.4.4/platform/emdrv/dmadrv/src/dmadrv.o
                0x00000bb8                DMADRV_StopTransfer
 .text.DMADRV_TransferCompletePending
                0x00000bf8       0x50 ./gecko_sdk_4.4.4/platform/emdrv/dmadrv/src/dmadrv.o
                0x00000bf8                DMADRV_TransferCompletePending
 .text.DMADRV_TransferDone
                0x00000c48       0x44 ./gecko_sdk_4.4.4/platform/emdrv/dmadrv/src/dmadrv.o
                0x00000c48                DMADRV_TransferDone
 .text.LDMA_IRQHandler
                0x00000c8c       0x74 ./gecko_sdk_4.4.4/platform/emdrv/dmadrv/src/dmadrv.o
                0x00000c8c                LDMA_IRQHandler
 .text.setHfLeConfig
                0x00000d00       0x44 ./gecko_sdk_4.4.4/platform/emlib/src/em_cmu.o
 .text.flashWaitStateControl
                0x00000d44       0x54 ./gecko_sdk_4.4.4/platform/emlib/src/em_cmu.o
 .text.EMU_VScaleWait
                0x00000d98       0x1c ./gecko_sdk_4.4.4/platform/emlib/src/em_cmu.o
 .text.EMU_VScaleGet
                0x00000db4       0x14 ./gecko_sdk_4.4.4/platform/emlib/src/em_cmu.o
 .text.syncReg  0x00000dc8       0x18 ./gecko_sdk_4.4.4/platform/emlib/src/em_cmu.o
 .text.CMU_PrescToLog2
                0x00000de0       0x54 ./gecko_sdk_4.4.4/platform/emlib/src/em_cmu.o
 .text.CMU_UpdateWaitStates
                0x00000e34       0x7c ./gecko_sdk_4.4.4/platform/emlib/src/em_cmu.o
                0x00000e34                CMU_UpdateWaitStates
 .text.CMU_ClockEnable
                0x00000eb0       0xec ./gecko_sdk_4.4.4/platform/emlib/src/em_cmu.o
                0x00000eb0                CMU_ClockEnable
 .text.CMU_ClockPrescGet
                0x00000f9c      0x198 ./gecko_sdk_4.4.4/platform/emlib/src/em_cmu.o
                0x00000f9c                CMU_ClockPrescGet
 .text.CMU_ClockPrescSet
                0x00001134      0x458 ./gecko_sdk_4.4.4/platform/emlib/src/em_cmu.o
                0x00001134                CMU_ClockPrescSet
 .text.hfperClkSafePrescaler
                0x0000158c       0x2c ./gecko_sdk_4.4.4/platform/emlib/src/em_cmu.o
 .text.hfperClkOptimizedPrescaler
                0x000015b8       0x94 ./gecko_sdk_4.4.4/platform/emlib/src/em_cmu.o
 .text.CMU_ClockSelectGet
                0x0000164c      0x14c ./gecko_sdk_4.4.4/platform/emlib/src/em_cmu.o
                0x0000164c                CMU_ClockSelectGet
 .text.lfClkGet
                0x00001798       0xd0 ./gecko_sdk_4.4.4/platform/emlib/src/em_cmu.o
 .text.adcAsyncClkGet
                0x00001868       0x64 ./gecko_sdk_4.4.4/platform/emlib/src/em_cmu.o
 .text.CMU_ClockFreqGet
                0x000018cc      0x340 ./gecko_sdk_4.4.4/platform/emlib/src/em_cmu.o
                0x000018cc                CMU_ClockFreqGet
 .text.CMU_LFXOPrecisionSet
                0x00001c0c        0xc ./gecko_sdk_4.4.4/platform/emlib/src/em_cmu.o
                0x00001c0c                CMU_LFXOPrecisionSet
 .text.CMU_HFXOPrecisionSet
                0x00001c18        0xc ./gecko_sdk_4.4.4/platform/emlib/src/em_cmu.o
                0x00001c18                CMU_HFXOPrecisionSet
 .text.CMU_OscillatorTuningWait
                0x00001c24       0x4c ./gecko_sdk_4.4.4/platform/emlib/src/em_cmu.o
                0x00001c24                CMU_OscillatorTuningWait
 .text.CMU_OscillatorEnable
                0x00001c70      0x128 ./gecko_sdk_4.4.4/platform/emlib/src/em_cmu.o
                0x00001c70                CMU_OscillatorEnable
 .text.sli_em_cmu_HFClockSelectHFXO
                0x00001d98       0x68 ./gecko_sdk_4.4.4/platform/emlib/src/em_cmu.o
                0x00001d98                sli_em_cmu_HFClockSelectHFXO
 .text.CMU_HFXOInit
                0x00001e00       0xa0 ./gecko_sdk_4.4.4/platform/emlib/src/em_cmu.o
                0x00001e00                CMU_HFXOInit
 .text.CMU_LFXOInit
                0x00001ea0       0x58 ./gecko_sdk_4.4.4/platform/emlib/src/em_cmu.o
                0x00001ea0                CMU_LFXOInit
 .text.EMU_LDOStatusGet
                0x00001ef8       0x14 ./gecko_sdk_4.4.4/platform/emlib/src/em_emu.o
 .text.lpGetDevinfoVrefLowHigh
                0x00001f0c       0x74 ./gecko_sdk_4.4.4/platform/emlib/src/em_emu.o
 .text.EMU_VScaleWait
                0x00001f80       0x18 ./gecko_sdk_4.4.4/platform/emlib/src/em_emu.o
 .text.EMU_EM4Init
                0x00001f98       0x40 ./gecko_sdk_4.4.4/platform/emlib/src/em_emu.o
                0x00001f98                EMU_EM4Init
 .text.EMU_VScaleEM01
                0x00001fd8       0x98 ./gecko_sdk_4.4.4/platform/emlib/src/em_emu.o
                0x00001fd8                EMU_VScaleEM01
 .text.EMU_VScaleEM01ByClock
                0x00002070       0x4c ./gecko_sdk_4.4.4/platform/emlib/src/em_emu.o
                0x00002070                EMU_VScaleEM01ByClock
 .text.EMU_DCDCModeSet
                0x000020bc       0x68 ./gecko_sdk_4.4.4/platform/emlib/src/em_emu.o
                0x000020bc                EMU_DCDCModeSet
 .text.EMU_DCDCOutputVoltageSet
                0x00002124      0x1f0 ./gecko_sdk_4.4.4/platform/emlib/src/em_emu.o
                0x00002124                EMU_DCDCOutputVoltageSet
 .text.EMU_DCDCOptimizeSlice
                0x00002314       0xdc ./gecko_sdk_4.4.4/platform/emlib/src/em_emu.o
                0x00002314                EMU_DCDCOptimizeSlice
 .text.EMU_DCDCLnRcoBandSet
                0x000023f0       0x44 ./gecko_sdk_4.4.4/platform/emlib/src/em_emu.o
                0x000023f0                EMU_DCDCLnRcoBandSet
 .text.EMU_DCDCInit
                0x00002434      0x170 ./gecko_sdk_4.4.4/platform/emlib/src/em_emu.o
                0x00002434                EMU_DCDCInit
 .text.GPIO_PinOutSet
                0x000025a4       0x3c ./gecko_sdk_4.4.4/platform/emlib/src/em_gpio.o
 .text.GPIO_PinOutClear
                0x000025e0       0x3c ./gecko_sdk_4.4.4/platform/emlib/src/em_gpio.o
 .text.GPIO_DbgLocationSet
                0x0000261c       0x2c ./gecko_sdk_4.4.4/platform/emlib/src/em_gpio.o
                0x0000261c                GPIO_DbgLocationSet
 .text.GPIO_PinModeSet
                0x00002648       0x8c ./gecko_sdk_4.4.4/platform/emlib/src/em_gpio.o
                0x00002648                GPIO_PinModeSet
 .text.LDMA_DeInit
                0x000026d4       0x28 ./gecko_sdk_4.4.4/platform/emlib/src/em_ldma.o
                0x000026d4                LDMA_DeInit
 .text.LDMA_EnableChannelRequest
                0x000026fc       0x38 ./gecko_sdk_4.4.4/platform/emlib/src/em_ldma.o
                0x000026fc                LDMA_EnableChannelRequest
 .text.LDMA_Init
                0x00002734       0x80 ./gecko_sdk_4.4.4/platform/emlib/src/em_ldma.o
                0x00002734                LDMA_Init
 .text.LDMA_StartTransfer
                0x000027b4      0x10c ./gecko_sdk_4.4.4/platform/emlib/src/em_ldma.o
                0x000027b4                LDMA_StartTransfer
 .text.LDMA_StopTransfer
                0x000028c0       0x40 ./gecko_sdk_4.4.4/platform/emlib/src/em_ldma.o
                0x000028c0                LDMA_StopTransfer
 .text.LDMA_TransferDone
                0x00002900       0x44 ./gecko_sdk_4.4.4/platform/emlib/src/em_ldma.o
                0x00002900                LDMA_TransferDone
 .text.USART_BaudrateAsyncSet
                0x00002944       0xf4 ./gecko_sdk_4.4.4/platform/emlib/src/em_usart.o
                0x00002944                USART_BaudrateAsyncSet
 .text.USART_Enable
                0x00002a38       0x64 ./gecko_sdk_4.4.4/platform/emlib/src/em_usart.o
                0x00002a38                USART_Enable
 .text.USART_Reset
                0x00002a9c       0xb4 ./gecko_sdk_4.4.4/platform/emlib/src/em_usart.o
                0x00002a9c                USART_Reset
 .text.USART_InitAsync
                0x00002b50       0xd0 ./gecko_sdk_4.4.4/platform/emlib/src/em_usart.o
                0x00002b50                USART_InitAsync
 .text.sl_device_init_dcdc
                0x00002c20       0x2c ./gecko_sdk_4.4.4/platform/service/device_init/src/sl_device_init_dcdc_s1.o
                0x00002c20                sl_device_init_dcdc
 .text.sl_device_init_hfxo
                0x00002c4c       0x60 ./gecko_sdk_4.4.4/platform/service/device_init/src/sl_device_init_hfxo_s1.o
                0x00002c4c                sl_device_init_hfxo
 .text.sl_device_init_lfxo
                0x00002cac       0x28 ./gecko_sdk_4.4.4/platform/service/device_init/src/sl_device_init_lfxo_s1.o
                0x00002cac                sl_device_init_lfxo
 .text.sl_device_init_nvic
                0x00002cd4       0x3c ./gecko_sdk_4.4.4/platform/service/device_init/src/sl_device_init_nvic.o
                0x00002cd4                sl_device_init_nvic
 .text.sl_iostream_set_default
                0x00002d10       0x18 ./gecko_sdk_4.4.4/platform/service/iostream/src/sl_iostream.o
                0x00002d10                sl_iostream_set_default
 .text.sl_iostream_get_default
                0x00002d28       0x18 ./gecko_sdk_4.4.4/platform/service/iostream/src/sl_iostream.o
                0x00002d28                sl_iostream_get_default
 .text._write   0x00002d40       0x20 ./gecko_sdk_4.4.4/platform/service/iostream/src/sl_iostream_retarget_stdio.o
                0x00002d40                _write
 .text.get_write_ptr
                0x00002d60       0x40 ./gecko_sdk_4.4.4/platform/service/iostream/src/sl_iostream_uart.o
 .text.dma_irq_handler
                0x00002da0       0x74 ./gecko_sdk_4.4.4/platform/service/iostream/src/sl_iostream_uart.o
 .text.uart_read
                0x00002e14      0x1f4 ./gecko_sdk_4.4.4/platform/service/iostream/src/sl_iostream_uart.o
 .text.uart_deinit
                0x00003008       0x98 ./gecko_sdk_4.4.4/platform/service/iostream/src/sl_iostream_uart.o
 .text.uart_write
                0x000030a0       0xbc ./gecko_sdk_4.4.4/platform/service/iostream/src/sl_iostream_uart.o
 .text.sli_iostream_uart_context_init
                0x0000315c       0xf8 ./gecko_sdk_4.4.4/platform/service/iostream/src/sl_iostream_uart.o
                0x0000315c                sli_iostream_uart_context_init
 .text.sl_iostream_usart_init
                0x00003254      0x168 ./gecko_sdk_4.4.4/platform/service/iostream/src/sl_iostream_usart.o
                0x00003254                sl_iostream_usart_init
 .text.exit     0x000033bc       0x24 e:/siliconlabs/simplicitystudio/v5/developer/toolchains/gnu_arm/12.2.rel1_2023.7/bin/../lib/gcc/arm-none-eabi/12.2.1/thumb/v7e-m+fp/softfp\libc_nano.a(libc_a-exit.o)
                0x000033bc                exit
 .text.std      0x000033e0       0x6c e:/siliconlabs/simplicitystudio/v5/developer/toolchains/gnu_arm/12.2.rel1_2023.7/bin/../lib/gcc/arm-none-eabi/12.2.1/thumb/v7e-m+fp/softfp\libc_nano.a(libc_a-findfp.o)
 .text.stdio_exit_handler
                0x0000344c       0x18 e:/siliconlabs/simplicitystudio/v5/developer/toolchains/gnu_arm/12.2.rel1_2023.7/bin/../lib/gcc/arm-none-eabi/12.2.1/thumb/v7e-m+fp/softfp\libc_nano.a(libc_a-findfp.o)
 .text.cleanup_stdio
                0x00003464       0x40 e:/siliconlabs/simplicitystudio/v5/developer/toolchains/gnu_arm/12.2.rel1_2023.7/bin/../lib/gcc/arm-none-eabi/12.2.1/thumb/v7e-m+fp/softfp\libc_nano.a(libc_a-findfp.o)
 .text.global_stdio_init.part.0
                0x000034a4       0x3c e:/siliconlabs/simplicitystudio/v5/developer/toolchains/gnu_arm/12.2.rel1_2023.7/bin/../lib/gcc/arm-none-eabi/12.2.1/thumb/v7e-m+fp/softfp\libc_nano.a(libc_a-findfp.o)
 .text.__sfp_lock_acquire
                0x000034e0        0xc e:/siliconlabs/simplicitystudio/v5/developer/toolchains/gnu_arm/12.2.rel1_2023.7/bin/../lib/gcc/arm-none-eabi/12.2.1/thumb/v7e-m+fp/softfp\libc_nano.a(libc_a-findfp.o)
                0x000034e0                __sfp_lock_acquire
 .text.__sfp_lock_release
                0x000034ec        0xc e:/siliconlabs/simplicitystudio/v5/developer/toolchains/gnu_arm/12.2.rel1_2023.7/bin/../lib/gcc/arm-none-eabi/12.2.1/thumb/v7e-m+fp/softfp\libc_nano.a(libc_a-findfp.o)
                0x000034ec                __sfp_lock_release
 .text.__sinit  0x000034f8       0x30 e:/siliconlabs/simplicitystudio/v5/developer/toolchains/gnu_arm/12.2.rel1_2023.7/bin/../lib/gcc/arm-none-eabi/12.2.1/thumb/v7e-m+fp/softfp\libc_nano.a(libc_a-findfp.o)
                0x000034f8                __sinit
 .text.getchar  0x00003528       0x10 e:/siliconlabs/simplicitystudio/v5/developer/toolchains/gnu_arm/12.2.rel1_2023.7/bin/../lib/gcc/arm-none-eabi/12.2.1/thumb/v7e-m+fp/softfp\libc_nano.a(libc_a-getchar.o)
                0x00003528                getchar
 .text.printf   0x00003538       0x24 e:/siliconlabs/simplicitystudio/v5/developer/toolchains/gnu_arm/12.2.rel1_2023.7/bin/../lib/gcc/arm-none-eabi/12.2.1/thumb/v7e-m+fp/softfp\libc_nano.a(libc_a-printf.o)
                0x00003538                iprintf
                0x00003538                printf
 .text.putchar  0x0000355c       0x10 e:/siliconlabs/simplicitystudio/v5/developer/toolchains/gnu_arm/12.2.rel1_2023.7/bin/../lib/gcc/arm-none-eabi/12.2.1/thumb/v7e-m+fp/softfp\libc_nano.a(libc_a-putchar.o)
                0x0000355c                putchar
 .text.puts     0x0000356c       0x10 e:/siliconlabs/simplicitystudio/v5/developer/toolchains/gnu_arm/12.2.rel1_2023.7/bin/../lib/gcc/arm-none-eabi/12.2.1/thumb/v7e-m+fp/softfp\libc_nano.a(libc_a-puts.o)
                0x0000356c                puts
 .text.setvbuf  0x0000357c      0x168 e:/siliconlabs/simplicitystudio/v5/developer/toolchains/gnu_arm/12.2.rel1_2023.7/bin/../lib/gcc/arm-none-eabi/12.2.1/thumb/v7e-m+fp/softfp\libc_nano.a(libc_a-setvbuf.o)
                0x0000357c                setvbuf
 .text.__swsetup_r
                0x000036e4       0xac e:/siliconlabs/simplicitystudio/v5/developer/toolchains/gnu_arm/12.2.rel1_2023.7/bin/../lib/gcc/arm-none-eabi/12.2.1/thumb/v7e-m+fp/softfp\libc_nano.a(libc_a-wsetup.o)
                0x000036e4                __swsetup_r
 .text._close_r
                0x00003790       0x20 e:/siliconlabs/simplicitystudio/v5/developer/toolchains/gnu_arm/12.2.rel1_2023.7/bin/../lib/gcc/arm-none-eabi/12.2.1/thumb/v7e-m+fp/softfp\libc_nano.a(libc_a-closer.o)
                0x00003790                _close_r
 .text._lseek_r
                0x000037b0       0x24 e:/siliconlabs/simplicitystudio/v5/developer/toolchains/gnu_arm/12.2.rel1_2023.7/bin/../lib/gcc/arm-none-eabi/12.2.1/thumb/v7e-m+fp/softfp\libc_nano.a(libc_a-lseekr.o)
                0x000037b0                _lseek_r
 .text._read_r  0x000037d4       0x24 e:/siliconlabs/simplicitystudio/v5/developer/toolchains/gnu_arm/12.2.rel1_2023.7/bin/../lib/gcc/arm-none-eabi/12.2.1/thumb/v7e-m+fp/softfp\libc_nano.a(libc_a-readr.o)
                0x000037d4                _read_r
 .text._write_r
                0x000037f8       0x24 e:/siliconlabs/simplicitystudio/v5/developer/toolchains/gnu_arm/12.2.rel1_2023.7/bin/../lib/gcc/arm-none-eabi/12.2.1/thumb/v7e-m+fp/softfp\libc_nano.a(libc_a-writer.o)
                0x000037f8                _write_r
 .text.__libc_init_array
                0x0000381c       0x48 e:/siliconlabs/simplicitystudio/v5/developer/toolchains/gnu_arm/12.2.rel1_2023.7/bin/../lib/gcc/arm-none-eabi/12.2.1/thumb/v7e-m+fp/softfp\libc_nano.a(libc_a-init.o)
                0x0000381c                __libc_init_array
 .text._free_r  0x00003864       0x94 e:/siliconlabs/simplicitystudio/v5/developer/toolchains/gnu_arm/12.2.rel1_2023.7/bin/../lib/gcc/arm-none-eabi/12.2.1/thumb/v7e-m+fp/softfp\libc_nano.a(libc_a-freer.o)
                0x00003864                _free_r
 .text.malloc   0x000038f8       0x10 e:/siliconlabs/simplicitystudio/v5/developer/toolchains/gnu_arm/12.2.rel1_2023.7/bin/../lib/gcc/arm-none-eabi/12.2.1/thumb/v7e-m+fp/softfp\libc_nano.a(libc_a-malloc.o)
                0x000038f8                malloc
 .text.sbrk_aligned
                0x00003908       0x44 e:/siliconlabs/simplicitystudio/v5/developer/toolchains/gnu_arm/12.2.rel1_2023.7/bin/../lib/gcc/arm-none-eabi/12.2.1/thumb/v7e-m+fp/softfp\libc_nano.a(libc_a-mallocr.o)
 .text._malloc_r
                0x0000394c       0xf0 e:/siliconlabs/simplicitystudio/v5/developer/toolchains/gnu_arm/12.2.rel1_2023.7/bin/../lib/gcc/arm-none-eabi/12.2.1/thumb/v7e-m+fp/softfp\libc_nano.a(libc_a-mallocr.o)
                0x0000394c                _malloc_r
 .text.__malloc_lock
                0x00003a3c        0xc e:/siliconlabs/simplicitystudio/v5/developer/toolchains/gnu_arm/12.2.rel1_2023.7/bin/../lib/gcc/arm-none-eabi/12.2.1/thumb/v7e-m+fp/softfp\libc_nano.a(libc_a-mlock.o)
                0x00003a3c                __malloc_lock
 .text.__malloc_unlock
                0x00003a48        0xc e:/siliconlabs/simplicitystudio/v5/developer/toolchains/gnu_arm/12.2.rel1_2023.7/bin/../lib/gcc/arm-none-eabi/12.2.1/thumb/v7e-m+fp/softfp\libc_nano.a(libc_a-mlock.o)
                0x00003a48                __malloc_unlock
 .text._vfprintf_r
                0x00003a54      0x230 e:/siliconlabs/simplicitystudio/v5/developer/toolchains/gnu_arm/12.2.rel1_2023.7/bin/../lib/gcc/arm-none-eabi/12.2.1/thumb/v7e-m+fp/softfp\libc_nano.a(libc_a-nano-vfprintf.o)
                0x00003a54                _vfprintf_r
                0x00003a54                _vfiprintf_r
 .text._printf_i
                0x00003c84      0x258 e:/siliconlabs/simplicitystudio/v5/developer/toolchains/gnu_arm/12.2.rel1_2023.7/bin/../lib/gcc/arm-none-eabi/12.2.1/thumb/v7e-m+fp/softfp\libc_nano.a(libc_a-nano-vfprintf_i.o)
                0x00003c84                _printf_i
 .text._fstat_r
                0x00003edc       0x24 e:/siliconlabs/simplicitystudio/v5/developer/toolchains/gnu_arm/12.2.rel1_2023.7/bin/../lib/gcc/arm-none-eabi/12.2.1/thumb/v7e-m+fp/softfp\libc_nano.a(libc_a-fstatr.o)
                0x00003edc                _fstat_r
 .text._isatty_r
                0x00003f00       0x20 e:/siliconlabs/simplicitystudio/v5/developer/toolchains/gnu_arm/12.2.rel1_2023.7/bin/../lib/gcc/arm-none-eabi/12.2.1/thumb/v7e-m+fp/softfp\libc_nano.a(libc_a-isattyr.o)
                0x00003f00                _isatty_r
 .text._sbrk_r  0x00003f20       0x20 e:/siliconlabs/simplicitystudio/v5/developer/toolchains/gnu_arm/12.2.rel1_2023.7/bin/../lib/gcc/arm-none-eabi/12.2.1/thumb/v7e-m+fp/softfp\libc_nano.a(libc_a-sbrkr.o)
                0x00003f20                _sbrk_r
 .text.lflush   0x00003f40       0x1c e:/siliconlabs/simplicitystudio/v5/developer/toolchains/gnu_arm/12.2.rel1_2023.7/bin/../lib/gcc/arm-none-eabi/12.2.1/thumb/v7e-m+fp/softfp\libc_nano.a(libc_a-refill.o)
 .text.__srefill_r
                0x00003f5c       0xe8 e:/siliconlabs/simplicitystudio/v5/developer/toolchains/gnu_arm/12.2.rel1_2023.7/bin/../lib/gcc/arm-none-eabi/12.2.1/thumb/v7e-m+fp/softfp\libc_nano.a(libc_a-refill.o)
                0x00003f5c                __srefill_r
 .text.app_init
                0x00004044        0x4 ./app.o
                0x00004044                app_init
 .text.app_process_action
                0x00004048        0x4 ./app.o
                0x00004048                app_process_action
 .text.startup.main
                0x0000404c       0x14 ./main.o
                0x0000404c                main
 .text.sl_board_default_init
                0x00004060        0x2 ./autogen/sl_board_default_init.o
                0x00004060                sl_board_default_init
 .text.sl_driver_init
                0x00004062        0xe ./autogen/sl_event_handler.o
                0x00004062                sl_driver_init
 .text.sl_service_init
                0x00004070        0xe ./autogen/sl_event_handler.o
                0x00004070                sl_service_init
 .text.sl_stack_init
                0x0000407e        0x2 ./autogen/sl_event_handler.o
                0x0000407e                sl_stack_init
 .text.sl_internal_app_init
                0x00004080        0x2 ./autogen/sl_event_handler.o
                0x00004080                sl_internal_app_init
 .text.sl_platform_process_action
                0x00004082        0x2 ./autogen/sl_event_handler.o
                0x00004082                sl_platform_process_action
 .text.sl_service_process_action
                0x00004084        0x2 ./autogen/sl_event_handler.o
                0x00004084                sl_service_process_action
 .text.sl_stack_process_action
                0x00004086        0x2 ./autogen/sl_event_handler.o
                0x00004086                sl_stack_process_action
 .text.sl_internal_app_process_action
                0x00004088        0x2 ./autogen/sl_event_handler.o
                0x00004088                sl_internal_app_process_action
 .text.USART4_TX_IRQHandler
                0x0000408a        0x4 ./autogen/sl_iostream_init_usart_instances.o
                0x0000408a                USART4_TX_IRQHandler
 .text.sl_board_enable_vcom
                0x0000408e       0x12 ./gecko_sdk_4.4.4/hardware/board/src/sl_board_control_gpio.o
                0x0000408e                sl_board_enable_vcom
 .text.sl_board_configure_vcom
                0x000040a0        0x4 ./gecko_sdk_4.4.4/hardware/board/src/sl_board_control_gpio.o
                0x000040a0                sl_board_configure_vcom
 .text.sli_cos_swo_itm_8_write.constprop.0.isra.0
                0x000040a4       0x78 ./gecko_sdk_4.4.4/hardware/driver/configuration_over_swo/src/sl_cos.o
 .text.sl_cos_send_config
                0x0000411c       0x12 ./gecko_sdk_4.4.4/hardware/driver/configuration_over_swo/src/sl_cos.o
                0x0000411c                sl_cos_send_config
 .text.sl_cos_config_vcom
                0x0000412e       0x1e ./gecko_sdk_4.4.4/hardware/driver/configuration_over_swo/src/sl_cos.o
                0x0000412e                sl_cos_config_vcom
 .text.Default_Handler
                0x0000414c        0x2 ./gecko_sdk_4.4.4/platform/Device/SiliconLabs/EFM32GG11B/Source/startup_efm32gg11b.o
                0x0000414c                TIMER2_IRQHandler
                0x0000414c                DebugMon_Handler
                0x0000414c                TIMER5_IRQHandler
                0x0000414c                USART0_TX_IRQHandler
                0x0000414c                USART5_RX_IRQHandler
                0x0000414c                I2C0_IRQHandler
                0x0000414c                HardFault_Handler
                0x0000414c                LEUART1_IRQHandler
                0x0000414c                SysTick_Handler
                0x0000414c                SDIO_IRQHandler
                0x0000414c                USART1_RX_IRQHandler
                0x0000414c                PendSV_Handler
                0x0000414c                NMI_Handler
                0x0000414c                I2C1_IRQHandler
                0x0000414c                CAN1_IRQHandler
                0x0000414c                WTIMER0_IRQHandler
                0x0000414c                WTIMER3_IRQHandler
                0x0000414c                CRYPTO0_IRQHandler
                0x0000414c                WDOG0_IRQHandler
                0x0000414c                TIMER3_IRQHandler
                0x0000414c                USART1_TX_IRQHandler
                0x0000414c                SMU_IRQHandler
                0x0000414c                MSC_IRQHandler
                0x0000414c                ADC0_IRQHandler
                0x0000414c                UsageFault_Handler
                0x0000414c                WDOG1_IRQHandler
                0x0000414c                LEUART0_IRQHandler
                0x0000414c                TIMER4_IRQHandler
                0x0000414c                FPUEH_IRQHandler
                0x0000414c                WTIMER1_IRQHandler
                0x0000414c                GPIO_EVEN_IRQHandler
                0x0000414c                UART0_TX_IRQHandler
                0x0000414c                UART1_TX_IRQHandler
                0x0000414c                VDAC0_IRQHandler
                0x0000414c                QSPI0_IRQHandler
                0x0000414c                TIMER6_IRQHandler
                0x0000414c                CSEN_IRQHandler
                0x0000414c                ADC1_IRQHandler
                0x0000414c                I2C2_IRQHandler
                0x0000414c                RTC_IRQHandler
                0x0000414c                TIMER0_IRQHandler
                0x0000414c                LCD_IRQHandler
                0x0000414c                PCNT2_IRQHandler
                0x0000414c                UART0_RX_IRQHandler
                0x0000414c                LETIMER0_IRQHandler
                0x0000414c                WTIMER2_IRQHandler
                0x0000414c                TIMER1_IRQHandler
                0x0000414c                TRNG0_IRQHandler
                0x0000414c                USART2_RX_IRQHandler
                0x0000414c                Default_Handler
                0x0000414c                EMU_IRQHandler
                0x0000414c                CRYOTIMER_IRQHandler
                0x0000414c                PCNT0_IRQHandler
                0x0000414c                sl_app_properties
                0x0000414c                USB_IRQHandler
                0x0000414c                PCNT1_IRQHandler
                0x0000414c                ACMP0_IRQHandler
                0x0000414c                USART0_RX_IRQHandler
                0x0000414c                USART5_TX_IRQHandler
                0x0000414c                MemManage_Handler
                0x0000414c                SVC_Handler
                0x0000414c                USART3_RX_IRQHandler
                0x0000414c                RTCC_IRQHandler
                0x0000414c                UART1_RX_IRQHandler
                0x0000414c                ETH_IRQHandler
                0x0000414c                CMU_IRQHandler
                0x0000414c                EBI_IRQHandler
                0x0000414c                CAN0_IRQHandler
                0x0000414c                GPIO_ODD_IRQHandler
                0x0000414c                LESENSE_IRQHandler
                0x0000414c                USART3_TX_IRQHandler
                0x0000414c                LETIMER1_IRQHandler
                0x0000414c                ACMP2_IRQHandler
                0x0000414c                BusFault_Handler
                0x0000414c                USART2_TX_IRQHandler
                0x0000414c                IDAC0_IRQHandler
 .text.SystemLFRCOClockGet
                0x0000414e        0x6 ./gecko_sdk_4.4.4/platform/Device/SiliconLabs/EFM32GG11B/Source/system_efm32gg11b.o
                0x0000414e                SystemLFRCOClockGet
 .text.SystemULFRCOClockGet
                0x00004154        0x6 ./gecko_sdk_4.4.4/platform/Device/SiliconLabs/EFM32GG11B/Source/system_efm32gg11b.o
                0x00004154                SystemULFRCOClockGet
 .text.assertEFM
                0x0000415a        0x2 ./gecko_sdk_4.4.4/platform/common/src/sl_assert.o
                0x0000415a                assertEFM
 .text.sl_debug_swo_enable_itm
                0x0000415c       0x16 ./gecko_sdk_4.4.4/platform/driver/debug/src/sl_debug_swo.o
                0x0000415c                sl_debug_swo_enable_itm
 .text.sl_debug_swo_disable_itm
                0x00004172       0x18 ./gecko_sdk_4.4.4/platform/driver/debug/src/sl_debug_swo.o
                0x00004172                sl_debug_swo_disable_itm
 .text.DMADRV_PeripheralMemory
                0x0000418a       0x34 ./gecko_sdk_4.4.4/platform/emdrv/dmadrv/src/dmadrv.o
                0x0000418a                DMADRV_PeripheralMemory
 .text.flashWaitStateMax
                0x000041be       0x22 ./gecko_sdk_4.4.4/platform/emlib/src/em_cmu.o
 .text.CMU_ClockDivGet
                0x000041e0        0xa ./gecko_sdk_4.4.4/platform/emlib/src/em_cmu.o
                0x000041e0                CMU_ClockDivGet
 .text.CORE_EnterCritical
                0x000041ea        0x8 ./gecko_sdk_4.4.4/platform/emlib/src/em_core.o
                0x000041ea                CORE_EnterCritical
 .text.CORE_ExitCritical
                0x000041f2        0x6 ./gecko_sdk_4.4.4/platform/emlib/src/em_core.o
                0x000041f2                CORE_ExitCritical
 .text.CORE_EnterAtomic
                0x000041f8        0xc ./gecko_sdk_4.4.4/platform/emlib/src/em_core.o
                0x000041f8                CORE_EnterAtomic
 .text.CORE_ExitAtomic
                0x00004204        0x6 ./gecko_sdk_4.4.4/platform/emlib/src/em_core.o
                0x00004204                CORE_ExitAtomic
 .text.BUS_RegMaskedWrite
                0x0000420a       0x1e ./gecko_sdk_4.4.4/platform/emlib/src/em_gpio.o
 .text.USART_Tx
                0x00004228        0xa ./gecko_sdk_4.4.4/platform/emlib/src/em_usart.o
                0x00004228                USART_Tx
 .text.sl_device_init_emu
                0x00004232       0x1c ./gecko_sdk_4.4.4/platform/service/device_init/src/sl_device_init_emu_s1.o
                0x00004232                sl_device_init_emu
 .text.sl_iostream_write
                0x0000424e       0x22 ./gecko_sdk_4.4.4/platform/service/iostream/src/sl_iostream.o
                0x0000424e                sl_iostream_write
 .text.sl_iostream_read
                0x00004270       0x30 ./gecko_sdk_4.4.4/platform/service/iostream/src/sl_iostream.o
                0x00004270                sl_iostream_read
 .text._close   0x000042a0        0x4 ./gecko_sdk_4.4.4/platform/service/iostream/src/sl_iostream_retarget_stdio.o
                0x000042a0                _close
 .text._exit    0x000042a4        0x2 ./gecko_sdk_4.4.4/platform/service/iostream/src/sl_iostream_retarget_stdio.o
                0x000042a4                _exit
 .text._fstat   0x000042a6        0xa ./gecko_sdk_4.4.4/platform/service/iostream/src/sl_iostream_retarget_stdio.o
                0x000042a6                _fstat
 .text._isatty  0x000042b0        0x4 ./gecko_sdk_4.4.4/platform/service/iostream/src/sl_iostream_retarget_stdio.o
                0x000042b0                _isatty
 .text._lseek   0x000042b4        0x4 ./gecko_sdk_4.4.4/platform/service/iostream/src/sl_iostream_retarget_stdio.o
                0x000042b4                _lseek
 .text._read    0x000042b8       0x1c ./gecko_sdk_4.4.4/platform/service/iostream/src/sl_iostream_retarget_stdio.o
                0x000042b8                _read
 .text.set_auto_cr_lf
                0x000042d4        0x6 ./gecko_sdk_4.4.4/platform/service/iostream/src/sl_iostream_uart.o
 .text.get_auto_cr_lf
                0x000042da        0x6 ./gecko_sdk_4.4.4/platform/service/iostream/src/sl_iostream_uart.o
 .text.usart_set_next_byte_detect
                0x000042e0        0xc ./gecko_sdk_4.4.4/platform/service/iostream/src/sl_iostream_usart.o
 .text.usart_deinit
                0x000042ec       0x78 ./gecko_sdk_4.4.4/platform/service/iostream/src/sl_iostream_usart.o
 .text.usart_tx
                0x00004364        0xc ./gecko_sdk_4.4.4/platform/service/iostream/src/sl_iostream_usart.o
 .text.sl_iostream_usart_irq_handler
                0x00004370       0x72 ./gecko_sdk_4.4.4/platform/service/iostream/src/sl_iostream_usart.o
                0x00004370                sl_iostream_usart_irq_handler
 .text.sl_system_init
                0x000043e2       0x1a ./gecko_sdk_4.4.4/platform/service/system/src/sl_system_init.o
                0x000043e2                sl_system_init
 .text.sl_system_process_action
                0x000043fc       0x16 ./gecko_sdk_4.4.4/platform/service/system/src/sl_system_process_action.o
                0x000043fc                sl_system_process_action
 .text._fwalk_sglue
                0x00004412       0x3c e:/siliconlabs/simplicitystudio/v5/developer/toolchains/gnu_arm/12.2.rel1_2023.7/bin/../lib/gcc/arm-none-eabi/12.2.1/thumb/v7e-m+fp/softfp\libc_nano.a(libc_a-fwalk.o)
                0x00004412                _fwalk_sglue
 .text._puts_r  0x0000444e       0xaa e:/siliconlabs/simplicitystudio/v5/developer/toolchains/gnu_arm/12.2.rel1_2023.7/bin/../lib/gcc/arm-none-eabi/12.2.1/thumb/v7e-m+fp/softfp\libc_nano.a(libc_a-puts.o)
                0x0000444e                _puts_r
 .text.__sread  0x000044f8       0x22 e:/siliconlabs/simplicitystudio/v5/developer/toolchains/gnu_arm/12.2.rel1_2023.7/bin/../lib/gcc/arm-none-eabi/12.2.1/thumb/v7e-m+fp/softfp\libc_nano.a(libc_a-stdio.o)
                0x000044f8                __sread
 .text.__swrite
                0x0000451a       0x38 e:/siliconlabs/simplicitystudio/v5/developer/toolchains/gnu_arm/12.2.rel1_2023.7/bin/../lib/gcc/arm-none-eabi/12.2.1/thumb/v7e-m+fp/softfp\libc_nano.a(libc_a-stdio.o)
                0x0000451a                __swrite
 .text.__sseek  0x00004552       0x24 e:/siliconlabs/simplicitystudio/v5/developer/toolchains/gnu_arm/12.2.rel1_2023.7/bin/../lib/gcc/arm-none-eabi/12.2.1/thumb/v7e-m+fp/softfp\libc_nano.a(libc_a-stdio.o)
                0x00004552                __sseek
 .text.__sclose
                0x00004576        0x8 e:/siliconlabs/simplicitystudio/v5/developer/toolchains/gnu_arm/12.2.rel1_2023.7/bin/../lib/gcc/arm-none-eabi/12.2.1/thumb/v7e-m+fp/softfp\libc_nano.a(libc_a-stdio.o)
                0x00004576                __sclose
 .text.__swbuf_r
                0x0000457e       0x7c e:/siliconlabs/simplicitystudio/v5/developer/toolchains/gnu_arm/12.2.rel1_2023.7/bin/../lib/gcc/arm-none-eabi/12.2.1/thumb/v7e-m+fp/softfp\libc_nano.a(libc_a-wbuf.o)
                0x0000457e                __swbuf_r
 .text.memset   0x000045fa       0x10 e:/siliconlabs/simplicitystudio/v5/developer/toolchains/gnu_arm/12.2.rel1_2023.7/bin/../lib/gcc/arm-none-eabi/12.2.1/thumb/v7e-m+fp/softfp\libc_nano.a(libc_a-memset.o)
                0x000045fa                memset
 .text.__retarget_lock_init_recursive
                0x0000460a        0x2 e:/siliconlabs/simplicitystudio/v5/developer/toolchains/gnu_arm/12.2.rel1_2023.7/bin/../lib/gcc/arm-none-eabi/12.2.1/thumb/v7e-m+fp/softfp\libc_nano.a(libc_a-lock.o)
                0x0000460a                __retarget_lock_init_recursive
 .text.__retarget_lock_acquire_recursive
                0x0000460c        0x2 e:/siliconlabs/simplicitystudio/v5/developer/toolchains/gnu_arm/12.2.rel1_2023.7/bin/../lib/gcc/arm-none-eabi/12.2.1/thumb/v7e-m+fp/softfp\libc_nano.a(libc_a-lock.o)
                0x0000460c                __retarget_lock_acquire_recursive
 .text.__retarget_lock_release_recursive
                0x0000460e        0x2 e:/siliconlabs/simplicitystudio/v5/developer/toolchains/gnu_arm/12.2.rel1_2023.7/bin/../lib/gcc/arm-none-eabi/12.2.1/thumb/v7e-m+fp/softfp\libc_nano.a(libc_a-lock.o)
                0x0000460e                __retarget_lock_release_recursive
 .text.memcpy   0x00004610       0x1c e:/siliconlabs/simplicitystudio/v5/developer/toolchains/gnu_arm/12.2.rel1_2023.7/bin/../lib/gcc/arm-none-eabi/12.2.1/thumb/v7e-m+fp/softfp\libc_nano.a(libc_a-memcpy-stub.o)
                0x00004610                memcpy
 .text.__sfputc_r
                0x0000462c       0x2e e:/siliconlabs/simplicitystudio/v5/developer/toolchains/gnu_arm/12.2.rel1_2023.7/bin/../lib/gcc/arm-none-eabi/12.2.1/thumb/v7e-m+fp/softfp\libc_nano.a(libc_a-nano-vfprintf.o)
 .text.__sfputs_r
                0x0000465a       0x24 e:/siliconlabs/simplicitystudio/v5/developer/toolchains/gnu_arm/12.2.rel1_2023.7/bin/../lib/gcc/arm-none-eabi/12.2.1/thumb/v7e-m+fp/softfp\libc_nano.a(libc_a-nano-vfprintf.o)
                0x0000465a                __sfputs_r
 .text._printf_common
                0x0000467e       0xda e:/siliconlabs/simplicitystudio/v5/developer/toolchains/gnu_arm/12.2.rel1_2023.7/bin/../lib/gcc/arm-none-eabi/12.2.1/thumb/v7e-m+fp/softfp\libc_nano.a(libc_a-nano-vfprintf_i.o)
                0x0000467e                _printf_common
 .text.__sflush_r
                0x00004758      0x108 e:/siliconlabs/simplicitystudio/v5/developer/toolchains/gnu_arm/12.2.rel1_2023.7/bin/../lib/gcc/arm-none-eabi/12.2.1/thumb/v7e-m+fp/softfp\libc_nano.a(libc_a-fflush.o)
                0x00004758                __sflush_r
 .text._fflush_r
                0x00004860       0x50 e:/siliconlabs/simplicitystudio/v5/developer/toolchains/gnu_arm/12.2.rel1_2023.7/bin/../lib/gcc/arm-none-eabi/12.2.1/thumb/v7e-m+fp/softfp\libc_nano.a(libc_a-fflush.o)
                0x00004860                _fflush_r
 .text._getc_r  0x000048b0       0x56 e:/siliconlabs/simplicitystudio/v5/developer/toolchains/gnu_arm/12.2.rel1_2023.7/bin/../lib/gcc/arm-none-eabi/12.2.1/thumb/v7e-m+fp/softfp\libc_nano.a(libc_a-getc.o)
                0x000048b0                _getc_r
 .text.__swhatbuf_r
                0x00004906       0x4c e:/siliconlabs/simplicitystudio/v5/developer/toolchains/gnu_arm/12.2.rel1_2023.7/bin/../lib/gcc/arm-none-eabi/12.2.1/thumb/v7e-m+fp/softfp\libc_nano.a(libc_a-makebuf.o)
                0x00004906                __swhatbuf_r
 .text.__smakebuf_r
                0x00004952       0x78 e:/siliconlabs/simplicitystudio/v5/developer/toolchains/gnu_arm/12.2.rel1_2023.7/bin/../lib/gcc/arm-none-eabi/12.2.1/thumb/v7e-m+fp/softfp\libc_nano.a(libc_a-makebuf.o)
                0x00004952                __smakebuf_r
 .text._putc_r  0x000049ca       0x68 e:/siliconlabs/simplicitystudio/v5/developer/toolchains/gnu_arm/12.2.rel1_2023.7/bin/../lib/gcc/arm-none-eabi/12.2.1/thumb/v7e-m+fp/softfp\libc_nano.a(libc_a-putc.o)
                0x000049ca                _putc_r
 .text.__srget_r
                0x00004a32       0x30 e:/siliconlabs/simplicitystudio/v5/developer/toolchains/gnu_arm/12.2.rel1_2023.7/bin/../lib/gcc/arm-none-eabi/12.2.1/thumb/v7e-m+fp/softfp\libc_nano.a(libc_a-rget.o)
                0x00004a32                __srget_r
                0x00004a80                . = ALIGN (0x20)
 *fill*         0x00004a62       0x1e 
                0x00004a80                linker_code_end = .
 *(.init)
 .init          0x00004a80        0x4 e:/siliconlabs/simplicitystudio/v5/developer/toolchains/gnu_arm/12.2.rel1_2023.7/bin/../lib/gcc/arm-none-eabi/12.2.1/thumb/v7e-m+fp/softfp/crti.o
                0x00004a80                _init
 .init          0x00004a84        0x8 e:/siliconlabs/simplicitystudio/v5/developer/toolchains/gnu_arm/12.2.rel1_2023.7/bin/../lib/gcc/arm-none-eabi/12.2.1/thumb/v7e-m+fp/softfp/crtn.o
 *(.fini)
 .fini          0x00004a8c        0x4 e:/siliconlabs/simplicitystudio/v5/developer/toolchains/gnu_arm/12.2.rel1_2023.7/bin/../lib/gcc/arm-none-eabi/12.2.1/thumb/v7e-m+fp/softfp/crti.o
                0x00004a8c                _fini
 .fini          0x00004a90        0x8 e:/siliconlabs/simplicitystudio/v5/developer/toolchains/gnu_arm/12.2.rel1_2023.7/bin/../lib/gcc/arm-none-eabi/12.2.1/thumb/v7e-m+fp/softfp/crtn.o
 *crtbegin.o(.ctors)
 *crtbegin?.o(.ctors)
 *(EXCLUDE_FILE(*crtend.o *crtend?.o) .ctors)
 *(SORT_BY_NAME(.ctors.*))
 *(.ctors)
 *crtbegin.o(.dtors)
 *crtbegin?.o(.dtors)
 *(EXCLUDE_FILE(*crtend.o *crtend?.o) .dtors)
 *(SORT_BY_NAME(.dtors.*))
 *(.dtors)
                0x00004a98                __code_classification_validator_start__ = .
                0x00004ab8                . = (. + 0x20)
 *fill*         0x00004a98       0x20 
 *(code_classification_validator)
                0x00004ac0                . = ALIGN (0x20)
 *fill*         0x00004ab8        0x8 
                0x00004ac0                __code_classification_validator_end__ = .
 *(.rodata*)
 .rodata.app_iostream_usart_init.str1.1
                0x00004ac0       0x93 ./app_iostream_usart.o
 .rodata.app_iostream_usart_process_action.str1.1
                0x00004b53       0x14 ./app_iostream_usart.o
                                 0x17 (size before relaxing)
 .rodata.sl_iostream_usart_init_vcom.str1.1
                0x00004b67       0x2e ./autogen/sl_iostream_init_usart_instances.o
 *fill*         0x00004b95        0x3 
 .rodata        0x00004b98       0x1c ./autogen/sl_iostream_init_usart_instances.o
 .rodata.CSWTCH.3
                0x00004bb4       0x20 ./gecko_sdk_4.4.4/platform/Device/SiliconLabs/EFM32GG11B/Source/system_efm32gg11b.o
 .rodata        0x00004bd4        0x4 ./gecko_sdk_4.4.4/platform/emdrv/dmadrv/src/dmadrv.o
 .rodata.flashWaitStateControl.str1.1
                0x00004bd8       0x2f ./gecko_sdk_4.4.4/platform/emlib/src/em_cmu.o
 .rodata.CMU_PrescToLog2.str1.1
                0x00004c07      0x108 ./gecko_sdk_4.4.4/platform/emlib/src/em_cmu.o
 *fill*         0x00004d0f        0x1 
 .rodata.CSWTCH.93
                0x00004d10        0xc ./gecko_sdk_4.4.4/platform/emlib/src/em_cmu.o
 .rodata.CSWTCH.92
                0x00004d1c        0xc ./gecko_sdk_4.4.4/platform/emlib/src/em_cmu.o
 .rodata.CSWTCH.91
                0x00004d28        0x6 ./gecko_sdk_4.4.4/platform/emlib/src/em_cmu.o
 .rodata.CSWTCH.90
                0x00004d2e        0x6 ./gecko_sdk_4.4.4/platform/emlib/src/em_cmu.o
 .rodata.flashWsTable
                0x00004d34       0x38 ./gecko_sdk_4.4.4/platform/emlib/src/em_cmu.o
 .rodata.vmonCalibratedThreshold.str1.1
                0x00004d6c       0x2f ./gecko_sdk_4.4.4/platform/emlib/src/em_emu.o
 .rodata.GPIO_PinOutSet.str1.1
                0x00004d9b       0x83 ./gecko_sdk_4.4.4/platform/emlib/src/em_gpio.o
 .rodata.GPIO_DbgLocationSet.str1.1
                0x00004e1e       0x30 ./gecko_sdk_4.4.4/platform/emlib/src/em_gpio.o
 .rodata.LDMA_EnableChannelRequest.str1.1
                0x00004e4e       0xb2 ./gecko_sdk_4.4.4/platform/emlib/src/em_ldma.o
 .rodata.USART_BaudrateAsyncSet.str1.1
                0x00004f00       0x31 ./gecko_sdk_4.4.4/platform/emlib/src/em_usart.o
 *fill*         0x00004f31        0x1 
 .rodata        0x00004f32       0x10 ./gecko_sdk_4.4.4/platform/service/device_init/src/sl_device_init_dcdc_s1.o
 .rodata        0x00004f42        0xc ./gecko_sdk_4.4.4/platform/service/device_init/src/sl_device_init_hfxo_s1.o
 .rodata        0x00004f4e        0x4 ./gecko_sdk_4.4.4/platform/service/device_init/src/sl_device_init_lfxo_s1.o
 .rodata._write.str1.1
                0x00004f52       0x4e ./gecko_sdk_4.4.4/platform/service/iostream/src/sl_iostream_retarget_stdio.o
 .rodata.get_write_ptr.str1.1
                0x00004fa0       0x44 ./gecko_sdk_4.4.4/platform/service/iostream/src/sl_iostream_uart.o
 .rodata._vfprintf_r.str1.1
                0x00004fe4       0x11 e:/siliconlabs/simplicitystudio/v5/developer/toolchains/gnu_arm/12.2.rel1_2023.7/bin/../lib/gcc/arm-none-eabi/12.2.1/thumb/v7e-m+fp/softfp\libc_nano.a(libc_a-nano-vfprintf.o)
 .rodata._printf_i.str1.1
                0x00004ff5       0x22 e:/siliconlabs/simplicitystudio/v5/developer/toolchains/gnu_arm/12.2.rel1_2023.7/bin/../lib/gcc/arm-none-eabi/12.2.1/thumb/v7e-m+fp/softfp\libc_nano.a(libc_a-nano-vfprintf_i.o)
 *(.eh_frame*)
 *fill*         0x00005017        0x1 
 .eh_frame      0x00005018        0x0 e:/siliconlabs/simplicitystudio/v5/developer/toolchains/gnu_arm/12.2.rel1_2023.7/bin/../lib/gcc/arm-none-eabi/12.2.1/thumb/v7e-m+fp/softfp/crtbegin.o

.glue_7         0x00005018        0x0
 .glue_7        0x00005018        0x0 linker stubs

.glue_7t        0x00005018        0x0
 .glue_7t       0x00005018        0x0 linker stubs

.vfp11_veneer   0x00005018        0x0
 .vfp11_veneer  0x00005018        0x0 linker stubs

.v4_bx          0x00005018        0x0
 .v4_bx         0x00005018        0x0 linker stubs

.iplt           0x00005018        0x0
 .iplt          0x00005018        0x0 e:/siliconlabs/simplicitystudio/v5/developer/toolchains/gnu_arm/12.2.rel1_2023.7/bin/../lib/gcc/arm-none-eabi/12.2.1/thumb/v7e-m+fp/softfp/crtbegin.o

.ARM.extab
 *(.ARM.extab* .gnu.linkonce.armextab.*)
                0x00005018                __exidx_start = .

.ARM.exidx      0x00005018        0x8
 *(.ARM.exidx* .gnu.linkonce.armexidx.*)
 .ARM.exidx     0x00005018        0x8 e:/siliconlabs/simplicitystudio/v5/developer/toolchains/gnu_arm/12.2.rel1_2023.7/bin/../lib/gcc/arm-none-eabi/12.2.1/thumb/v7e-m+fp/softfp/crt0.o
                                 0x10 (size before relaxing)
                0x00005020                __exidx_end = .

.rel.dyn        0x00005020        0x0
 .rel.iplt      0x00005020        0x0 e:/siliconlabs/simplicitystudio/v5/developer/toolchains/gnu_arm/12.2.rel1_2023.7/bin/../lib/gcc/arm-none-eabi/12.2.1/thumb/v7e-m+fp/softfp/crtbegin.o

.copy.table     0x00005020        0xc
                0x00005020                . = ALIGN (0x4)
                0x00005020                __copy_table_start__ = .
                0x00005020        0x4 LONG 0x502c __etext
                0x00005024        0x4 LONG 0x20001000 __data_start__
                0x00005028        0x4 LONG 0x23 ((__data_end__ - __data_start__) / 0x4)
                0x0000502c                __copy_table_end__ = .

.zero.table     0x0000502c        0x0
                0x0000502c                . = ALIGN (0x4)
                0x0000502c                __zero_table_start__ = .
                0x0000502c                __zero_table_end__ = .
                0x0000502c                __etext = .
                0x20000000                . = ORIGIN (RAM)

.stack          0x20000000     0x1000
                0x20000000                __StackLimit = .
 *(.stack*)
 .stack         0x20000000     0x1000 ./gecko_sdk_4.4.4/platform/common/toolchain/src/sl_memory.o
                0x20001000                . = ALIGN (0x4)
                0x20001000                __StackTop = .
                0x20001000                PROVIDE (__stack = __StackTop)

.noinit
 *(.noinit*)

.data           0x20001000       0x8c load address 0x0000502c
                0x20001000                . = ALIGN (0x4)
                0x20001000                __data_start__ = .
 *(vtable)
 *(SORT_BY_ALIGNMENT(.data*))
 .data.sl_iostream_vcom_handle
                0x20001000        0x4 ./autogen/sl_iostream_init_usart_instances.o
                0x20001000                sl_iostream_vcom_handle
 .data.SystemHfrcoFreq
                0x20001004        0x4 ./gecko_sdk_4.4.4/platform/Device/SiliconLabs/EFM32GG11B/Source/system_efm32gg11b.o
                0x20001004                SystemHfrcoFreq
 .data.SystemCoreClock
                0x20001008        0x4 ./gecko_sdk_4.4.4/platform/Device/SiliconLabs/EFM32GG11B/Source/system_efm32gg11b.o
                0x20001008                SystemCoreClock
 .data.SystemLFXOClock
                0x2000100c        0x4 ./gecko_sdk_4.4.4/platform/Device/SiliconLabs/EFM32GG11B/Source/system_efm32gg11b.o
 .data.SystemHFXOClock
                0x20001010        0x4 ./gecko_sdk_4.4.4/platform/Device/SiliconLabs/EFM32GG11B/Source/system_efm32gg11b.o
 .data.heap_end.0
                0x20001014        0x4 ./gecko_sdk_4.4.4/platform/common/toolchain/src/sl_memory.o
 .data.ushfrcoFreq
                0x20001018        0x4 ./gecko_sdk_4.4.4/platform/emlib/src/em_cmu.o
 .data.auxHfrcoFreq
                0x2000101c        0x4 ./gecko_sdk_4.4.4/platform/emlib/src/em_cmu.o
 .data.__sglue  0x20001020        0xc e:/siliconlabs/simplicitystudio/v5/developer/toolchains/gnu_arm/12.2.rel1_2023.7/bin/../lib/gcc/arm-none-eabi/12.2.1/thumb/v7e-m+fp/softfp\libc_nano.a(libc_a-findfp.o)
                0x20001020                __sglue
 .data._impure_ptr
                0x2000102c        0x4 e:/siliconlabs/simplicitystudio/v5/developer/toolchains/gnu_arm/12.2.rel1_2023.7/bin/../lib/gcc/arm-none-eabi/12.2.1/thumb/v7e-m+fp/softfp\libc_nano.a(libc_a-impure.o)
                0x2000102c                _impure_ptr
 .data._impure_data
                0x20001030       0x4c e:/siliconlabs/simplicitystudio/v5/developer/toolchains/gnu_arm/12.2.rel1_2023.7/bin/../lib/gcc/arm-none-eabi/12.2.1/thumb/v7e-m+fp/softfp\libc_nano.a(libc_a-impure.o)
                0x20001030                _impure_data
 .data.hfxo_precision
                0x2000107c        0x2 ./gecko_sdk_4.4.4/platform/emlib/src/em_cmu.o
 .data.lfxo_precision
                0x2000107e        0x2 ./gecko_sdk_4.4.4/platform/emlib/src/em_cmu.o
 .data.print_welcome.1
                0x20001080        0x1 ./app_iostream_usart.o
                0x20001084                . = ALIGN (0x4)
 *fill*         0x20001081        0x3 
                [!provide]                PROVIDE (__ram_func_section_start = .)
 *(.ram)
                [!provide]                PROVIDE (__ram_func_section_end = .)
                0x20001084                . = ALIGN (0x4)
                0x20001084                PROVIDE (__preinit_array_start = .)
 *(.preinit_array)
                0x20001084                PROVIDE (__preinit_array_end = .)
                0x20001084                . = ALIGN (0x4)
                0x20001084                PROVIDE (__init_array_start = .)
 *(SORT_BY_NAME(.init_array.*))
 *(.init_array)
 .init_array    0x20001084        0x4 e:/siliconlabs/simplicitystudio/v5/developer/toolchains/gnu_arm/12.2.rel1_2023.7/bin/../lib/gcc/arm-none-eabi/12.2.1/thumb/v7e-m+fp/softfp/crtbegin.o
                0x20001088                PROVIDE (__init_array_end = .)
                0x20001088                . = ALIGN (0x4)
                [!provide]                PROVIDE (__fini_array_start = .)
 *(SORT_BY_NAME(.fini_array.*))
 *(.fini_array)
 .fini_array    0x20001088        0x4 e:/siliconlabs/simplicitystudio/v5/developer/toolchains/gnu_arm/12.2.rel1_2023.7/bin/../lib/gcc/arm-none-eabi/12.2.1/thumb/v7e-m+fp/softfp/crtbegin.o
                [!provide]                PROVIDE (__fini_array_end = .)
                0x2000108c                . = ALIGN (0x4)
                0x2000108c                __data_end__ = .

.tm_clone_table
                0x2000108c        0x0 load address 0x000050b8
 .tm_clone_table
                0x2000108c        0x0 e:/siliconlabs/simplicitystudio/v5/developer/toolchains/gnu_arm/12.2.rel1_2023.7/bin/../lib/gcc/arm-none-eabi/12.2.1/thumb/v7e-m+fp/softfp/crtbegin.o
 .tm_clone_table
                0x2000108c        0x0 e:/siliconlabs/simplicitystudio/v5/developer/toolchains/gnu_arm/12.2.rel1_2023.7/bin/../lib/gcc/arm-none-eabi/12.2.1/thumb/v7e-m+fp/softfp/crtend.o

.igot.plt       0x2000108c        0x0 load address 0x000050b8
 .igot.plt      0x2000108c        0x0 e:/siliconlabs/simplicitystudio/v5/developer/toolchains/gnu_arm/12.2.rel1_2023.7/bin/../lib/gcc/arm-none-eabi/12.2.1/thumb/v7e-m+fp/softfp/crtbegin.o

.bss            0x2000108c      0x6f4 load address 0x000050b8
                0x2000108c                . = ALIGN (0x4)
                0x2000108c                __bss_start__ = .
 *(SORT_BY_ALIGNMENT(.bss*))
 .bss.object.0  0x2000108c       0x18 e:/siliconlabs/simplicitystudio/v5/developer/toolchains/gnu_arm/12.2.rel1_2023.7/bin/../lib/gcc/arm-none-eabi/12.2.1/thumb/v7e-m+fp/softfp/crtbegin.o
 .bss.context_vcom
                0x200010a4       0x4c ./autogen/sl_iostream_init_usart_instances.o
 .bss.sl_iostream_vcom
                0x200010f0       0x18 ./autogen/sl_iostream_init_usart_instances.o
 .bss.dmaXfer   0x20001108      0x300 ./gecko_sdk_4.4.4/platform/emdrv/dmadrv/src/dmadrv.o
 .bss.chTable   0x20001408      0x180 ./gecko_sdk_4.4.4/platform/emdrv/dmadrv/src/dmadrv.o
 .bss.sli_iostream_default
                0x20001588        0x4 ./gecko_sdk_4.4.4/platform/service/iostream/src/sl_iostream.o
 .bss.__sf      0x2000158c      0x138 e:/siliconlabs/simplicitystudio/v5/developer/toolchains/gnu_arm/12.2.rel1_2023.7/bin/../lib/gcc/arm-none-eabi/12.2.1/thumb/v7e-m+fp/softfp\libc_nano.a(libc_a-findfp.o)
                0x2000158c                __sf
 .bss.__stdio_exit_handler
                0x200016c4        0x4 e:/siliconlabs/simplicitystudio/v5/developer/toolchains/gnu_arm/12.2.rel1_2023.7/bin/../lib/gcc/arm-none-eabi/12.2.1/thumb/v7e-m+fp/softfp\libc_nano.a(libc_a-findfp.o)
                0x200016c4                __stdio_exit_handler
 .bss.errno     0x200016c8        0x4 e:/siliconlabs/simplicitystudio/v5/developer/toolchains/gnu_arm/12.2.rel1_2023.7/bin/../lib/gcc/arm-none-eabi/12.2.1/thumb/v7e-m+fp/softfp\libc_nano.a(libc_a-reent.o)
                0x200016c8                errno
 .bss.__malloc_sbrk_start
                0x200016cc        0x4 e:/siliconlabs/simplicitystudio/v5/developer/toolchains/gnu_arm/12.2.rel1_2023.7/bin/../lib/gcc/arm-none-eabi/12.2.1/thumb/v7e-m+fp/softfp\libc_nano.a(libc_a-mallocr.o)
                0x200016cc                __malloc_sbrk_start
 .bss.__malloc_free_list
                0x200016d0        0x4 e:/siliconlabs/simplicitystudio/v5/developer/toolchains/gnu_arm/12.2.rel1_2023.7/bin/../lib/gcc/arm-none-eabi/12.2.1/thumb/v7e-m+fp/softfp\libc_nano.a(libc_a-mallocr.o)
                0x200016d0                __malloc_free_list
 .bss.dcdcReverseCurrentControl
                0x200016d4        0x2 ./gecko_sdk_4.4.4/platform/emlib/src/em_emu.o
 .bss.dcdcEm01LoadCurrent_mA
                0x200016d6        0x2 ./gecko_sdk_4.4.4/platform/emlib/src/em_emu.o
 .bss.dcdcMaxCurrent_mA
                0x200016d8        0x2 ./gecko_sdk_4.4.4/platform/emlib/src/em_emu.o
 .bss.completed.1
                0x200016da        0x1 e:/siliconlabs/simplicitystudio/v5/developer/toolchains/gnu_arm/12.2.rel1_2023.7/bin/../lib/gcc/arm-none-eabi/12.2.1/thumb/v7e-m+fp/softfp/crtbegin.o
 .bss.index.0   0x200016db        0x1 ./app_iostream_usart.o
 .bss.buffer    0x200016dc       0x50 ./app_iostream_usart.o
 .bss.rx_buffer_vcom
                0x2000172c       0x50 ./autogen/sl_iostream_init_usart_instances.o
 .bss.initialized
                0x2000177c        0x1 ./gecko_sdk_4.4.4/platform/emdrv/dmadrv/src/dmadrv.o
 .bss.vScaleEM01Config
                0x2000177d        0x1 ./gecko_sdk_4.4.4/platform/emlib/src/em_emu.o
 .bss.__lock___malloc_recursive_mutex
                0x2000177e        0x1 e:/siliconlabs/simplicitystudio/v5/developer/toolchains/gnu_arm/12.2.rel1_2023.7/bin/../lib/gcc/arm-none-eabi/12.2.1/thumb/v7e-m+fp/softfp\libc_nano.a(libc_a-lock.o)
                0x2000177e                __lock___malloc_recursive_mutex
 .bss.__lock___sfp_recursive_mutex
                0x2000177f        0x1 e:/siliconlabs/simplicitystudio/v5/developer/toolchains/gnu_arm/12.2.rel1_2023.7/bin/../lib/gcc/arm-none-eabi/12.2.1/thumb/v7e-m+fp/softfp\libc_nano.a(libc_a-lock.o)
                0x2000177f                __lock___sfp_recursive_mutex
 *(COMMON)
                0x20001780                . = ALIGN (0x4)
                0x20001780                __bss_end__ = .
                0x20001780                __ramfuncs_start__ = .
                0x20001780                __vma_ramfuncs_start__ = .
                0x000050b8                __lma_ramfuncs_start__ = (__etext + SIZEOF (.data))
                0x00000000                __text_application_ram_offset__ = (. - __vma_ramfuncs_start__)

text_application_ram
                0x20001780        0x0 load address 0x000050b8
                0x20001780                . = ALIGN (0x4)
                0x20001780                __text_application_ram_start__ = .
 *(text_application_ram)
                0x20001780                . = ALIGN (0x4)
                0x20001780                __text_application_ram_end__ = .
                0x20001780                . = ALIGN (0x4)
                0x20001780                __vma_ramfuncs_end__ = .
                0x000050b8                __lma_ramfuncs_end__ = ((__lma_ramfuncs_start__ + __text_application_ram_offset__) + SIZEOF (text_application_ram))
                0x20001780                __ramfuncs_end__ = .

.heap           0x20001780      0x800
                0x20001780                __HeapBase = .
                0x20001780                __end__ = .
                0x20001780                end = __end__
                0x20001780                _end = __end__
 *(.heap*)
 .heap          0x20001780      0x800 ./gecko_sdk_4.4.4/platform/common/toolchain/src/sl_memory.o
                0x20080000                __HeapLimit = (ORIGIN (RAM) + LENGTH (RAM))
                0x0007e880                __heap_size = (__HeapLimit - __HeapBase)
                0x20080000                __ram_end__ = 0x20080000
                0x00200000                __main_flash_end__ = 0x200000

.internal_storage
 *(.internal_storage*)

.nvm
 *(.simee*)
                0x00200000                linker_nvm_end = __main_flash_end__
                0x00200000                linker_nvm_begin = (linker_nvm_end - SIZEOF (.nvm))
                0x00000000                linker_nvm_size = SIZEOF (.nvm)
                0x00200000                linker_storage_end = linker_nvm_begin
                0x00200000                __nvm3Base = linker_nvm_begin
                0x00200000                linker_storage_begin = (linker_storage_end - SIZEOF (.internal_storage))
                0x00000000                linker_storage_size = SIZEOF (.internal_storage)
                0x00000001                ASSERT ((linker_storage_begin >= (__etext + SIZEOF (.data))), FLASH memory overflowed !)
OUTPUT(iostream_usart_baremetal_skyworks.axf elf32-littlearm)
LOAD linker stubs

.ARM.attributes
                0x00000000       0x2e
 .ARM.attributes
                0x00000000       0x22 e:/siliconlabs/simplicitystudio/v5/developer/toolchains/gnu_arm/12.2.rel1_2023.7/bin/../lib/gcc/arm-none-eabi/12.2.1/thumb/v7e-m+fp/softfp/crti.o
 .ARM.attributes
                0x00000022       0x32 e:/siliconlabs/simplicitystudio/v5/developer/toolchains/gnu_arm/12.2.rel1_2023.7/bin/../lib/gcc/arm-none-eabi/12.2.1/thumb/v7e-m+fp/softfp/crtbegin.o
 .ARM.attributes
                0x00000054       0x20 e:/siliconlabs/simplicitystudio/v5/developer/toolchains/gnu_arm/12.2.rel1_2023.7/bin/../lib/gcc/arm-none-eabi/12.2.1/thumb/v7e-m+fp/softfp/crt0.o
 .ARM.attributes
                0x00000074       0x32 ./app.o
 .ARM.attributes
                0x000000a6       0x32 ./app_iostream_usart.o
 .ARM.attributes
                0x000000d8       0x32 ./main.o
 .ARM.attributes
                0x0000010a       0x32 ./autogen/sl_board_default_init.o
 .ARM.attributes
                0x0000013c       0x32 ./autogen/sl_device_init_clocks.o
 .ARM.attributes
                0x0000016e       0x32 ./autogen/sl_event_handler.o
 .ARM.attributes
                0x000001a0       0x32 ./autogen/sl_iostream_init_usart_instances.o
 .ARM.attributes
                0x000001d2       0x32 ./gecko_sdk_4.4.4/hardware/board/src/sl_board_control_gpio.o
 .ARM.attributes
                0x00000204       0x32 ./gecko_sdk_4.4.4/hardware/board/src/sl_board_init.o
 .ARM.attributes
                0x00000236       0x32 ./gecko_sdk_4.4.4/hardware/driver/configuration_over_swo/src/sl_cos.o
 .ARM.attributes
                0x00000268       0x32 ./gecko_sdk_4.4.4/platform/Device/SiliconLabs/EFM32GG11B/Source/startup_efm32gg11b.o
 .ARM.attributes
                0x0000029a       0x32 ./gecko_sdk_4.4.4/platform/Device/SiliconLabs/EFM32GG11B/Source/system_efm32gg11b.o
 .ARM.attributes
                0x000002cc       0x32 ./gecko_sdk_4.4.4/platform/common/src/sl_assert.o
 .ARM.attributes
                0x000002fe       0x32 ./gecko_sdk_4.4.4/platform/common/toolchain/src/sl_memory.o
 .ARM.attributes
                0x00000330       0x32 ./gecko_sdk_4.4.4/platform/driver/debug/src/sl_debug_swo.o
 .ARM.attributes
                0x00000362       0x32 ./gecko_sdk_4.4.4/platform/emdrv/dmadrv/src/dmadrv.o
 .ARM.attributes
                0x00000394       0x32 ./gecko_sdk_4.4.4/platform/emlib/src/em_cmu.o
 .ARM.attributes
                0x000003c6       0x32 ./gecko_sdk_4.4.4/platform/emlib/src/em_core.o
 .ARM.attributes
                0x000003f8       0x32 ./gecko_sdk_4.4.4/platform/emlib/src/em_emu.o
 .ARM.attributes
                0x0000042a       0x32 ./gecko_sdk_4.4.4/platform/emlib/src/em_gpio.o
 .ARM.attributes
                0x0000045c       0x32 ./gecko_sdk_4.4.4/platform/emlib/src/em_ldma.o
 .ARM.attributes
                0x0000048e       0x32 ./gecko_sdk_4.4.4/platform/emlib/src/em_usart.o
 .ARM.attributes
                0x000004c0       0x32 ./gecko_sdk_4.4.4/platform/service/device_init/src/sl_device_init_dcdc_s1.o
 .ARM.attributes
                0x000004f2       0x32 ./gecko_sdk_4.4.4/platform/service/device_init/src/sl_device_init_emu_s1.o
 .ARM.attributes
                0x00000524       0x32 ./gecko_sdk_4.4.4/platform/service/device_init/src/sl_device_init_hfxo_s1.o
 .ARM.attributes
                0x00000556       0x32 ./gecko_sdk_4.4.4/platform/service/device_init/src/sl_device_init_lfxo_s1.o
 .ARM.attributes
                0x00000588       0x32 ./gecko_sdk_4.4.4/platform/service/device_init/src/sl_device_init_nvic.o
 .ARM.attributes
                0x000005ba       0x32 ./gecko_sdk_4.4.4/platform/service/iostream/src/sl_iostream.o
 .ARM.attributes
                0x000005ec       0x32 ./gecko_sdk_4.4.4/platform/service/iostream/src/sl_iostream_retarget_stdio.o
 .ARM.attributes
                0x0000061e       0x32 ./gecko_sdk_4.4.4/platform/service/iostream/src/sl_iostream_uart.o
 .ARM.attributes
                0x00000650       0x32 ./gecko_sdk_4.4.4/platform/service/iostream/src/sl_iostream_usart.o
 .ARM.attributes
                0x00000682       0x32 ./gecko_sdk_4.4.4/platform/service/system/src/sl_system_init.o
 .ARM.attributes
                0x000006b4       0x32 ./gecko_sdk_4.4.4/platform/service/system/src/sl_system_process_action.o
 .ARM.attributes
                0x000006e6       0x32 e:/siliconlabs/simplicitystudio/v5/developer/toolchains/gnu_arm/12.2.rel1_2023.7/bin/../lib/gcc/arm-none-eabi/12.2.1/thumb/v7e-m+fp/softfp\libc_nano.a(libc_a-exit.o)
 .ARM.attributes
                0x00000718       0x32 e:/siliconlabs/simplicitystudio/v5/developer/toolchains/gnu_arm/12.2.rel1_2023.7/bin/../lib/gcc/arm-none-eabi/12.2.1/thumb/v7e-m+fp/softfp\libc_nano.a(libc_a-findfp.o)
 .ARM.attributes
                0x0000074a       0x32 e:/siliconlabs/simplicitystudio/v5/developer/toolchains/gnu_arm/12.2.rel1_2023.7/bin/../lib/gcc/arm-none-eabi/12.2.1/thumb/v7e-m+fp/softfp\libc_nano.a(libc_a-fwalk.o)
 .ARM.attributes
                0x0000077c       0x32 e:/siliconlabs/simplicitystudio/v5/developer/toolchains/gnu_arm/12.2.rel1_2023.7/bin/../lib/gcc/arm-none-eabi/12.2.1/thumb/v7e-m+fp/softfp\libc_nano.a(libc_a-getchar.o)
 .ARM.attributes
                0x000007ae       0x32 e:/siliconlabs/simplicitystudio/v5/developer/toolchains/gnu_arm/12.2.rel1_2023.7/bin/../lib/gcc/arm-none-eabi/12.2.1/thumb/v7e-m+fp/softfp\libc_nano.a(libc_a-printf.o)
 .ARM.attributes
                0x000007e0       0x32 e:/siliconlabs/simplicitystudio/v5/developer/toolchains/gnu_arm/12.2.rel1_2023.7/bin/../lib/gcc/arm-none-eabi/12.2.1/thumb/v7e-m+fp/softfp\libc_nano.a(libc_a-putchar.o)
 .ARM.attributes
                0x00000812       0x32 e:/siliconlabs/simplicitystudio/v5/developer/toolchains/gnu_arm/12.2.rel1_2023.7/bin/../lib/gcc/arm-none-eabi/12.2.1/thumb/v7e-m+fp/softfp\libc_nano.a(libc_a-puts.o)
 .ARM.attributes
                0x00000844       0x32 e:/siliconlabs/simplicitystudio/v5/developer/toolchains/gnu_arm/12.2.rel1_2023.7/bin/../lib/gcc/arm-none-eabi/12.2.1/thumb/v7e-m+fp/softfp\libc_nano.a(libc_a-setvbuf.o)
 .ARM.attributes
                0x00000876       0x32 e:/siliconlabs/simplicitystudio/v5/developer/toolchains/gnu_arm/12.2.rel1_2023.7/bin/../lib/gcc/arm-none-eabi/12.2.1/thumb/v7e-m+fp/softfp\libc_nano.a(libc_a-stdio.o)
 .ARM.attributes
                0x000008a8       0x32 e:/siliconlabs/simplicitystudio/v5/developer/toolchains/gnu_arm/12.2.rel1_2023.7/bin/../lib/gcc/arm-none-eabi/12.2.1/thumb/v7e-m+fp/softfp\libc_nano.a(libc_a-wbuf.o)
 .ARM.attributes
                0x000008da       0x32 e:/siliconlabs/simplicitystudio/v5/developer/toolchains/gnu_arm/12.2.rel1_2023.7/bin/../lib/gcc/arm-none-eabi/12.2.1/thumb/v7e-m+fp/softfp\libc_nano.a(libc_a-wsetup.o)
 .ARM.attributes
                0x0000090c       0x32 e:/siliconlabs/simplicitystudio/v5/developer/toolchains/gnu_arm/12.2.rel1_2023.7/bin/../lib/gcc/arm-none-eabi/12.2.1/thumb/v7e-m+fp/softfp\libc_nano.a(libc_a-memset.o)
 .ARM.attributes
                0x0000093e       0x32 e:/siliconlabs/simplicitystudio/v5/developer/toolchains/gnu_arm/12.2.rel1_2023.7/bin/../lib/gcc/arm-none-eabi/12.2.1/thumb/v7e-m+fp/softfp\libc_nano.a(libc_a-closer.o)
 .ARM.attributes
                0x00000970       0x32 e:/siliconlabs/simplicitystudio/v5/developer/toolchains/gnu_arm/12.2.rel1_2023.7/bin/../lib/gcc/arm-none-eabi/12.2.1/thumb/v7e-m+fp/softfp\libc_nano.a(libc_a-reent.o)
 .ARM.attributes
                0x000009a2       0x32 e:/siliconlabs/simplicitystudio/v5/developer/toolchains/gnu_arm/12.2.rel1_2023.7/bin/../lib/gcc/arm-none-eabi/12.2.1/thumb/v7e-m+fp/softfp\libc_nano.a(libc_a-impure.o)
 .ARM.attributes
                0x000009d4       0x32 e:/siliconlabs/simplicitystudio/v5/developer/toolchains/gnu_arm/12.2.rel1_2023.7/bin/../lib/gcc/arm-none-eabi/12.2.1/thumb/v7e-m+fp/softfp\libc_nano.a(libc_a-lseekr.o)
 .ARM.attributes
                0x00000a06       0x32 e:/siliconlabs/simplicitystudio/v5/developer/toolchains/gnu_arm/12.2.rel1_2023.7/bin/../lib/gcc/arm-none-eabi/12.2.1/thumb/v7e-m+fp/softfp\libc_nano.a(libc_a-readr.o)
 .ARM.attributes
                0x00000a38       0x32 e:/siliconlabs/simplicitystudio/v5/developer/toolchains/gnu_arm/12.2.rel1_2023.7/bin/../lib/gcc/arm-none-eabi/12.2.1/thumb/v7e-m+fp/softfp\libc_nano.a(libc_a-writer.o)
 .ARM.attributes
                0x00000a6a       0x32 e:/siliconlabs/simplicitystudio/v5/developer/toolchains/gnu_arm/12.2.rel1_2023.7/bin/../lib/gcc/arm-none-eabi/12.2.1/thumb/v7e-m+fp/softfp\libc_nano.a(libc_a-init.o)
 .ARM.attributes
                0x00000a9c       0x32 e:/siliconlabs/simplicitystudio/v5/developer/toolchains/gnu_arm/12.2.rel1_2023.7/bin/../lib/gcc/arm-none-eabi/12.2.1/thumb/v7e-m+fp/softfp\libc_nano.a(libc_a-lock.o)
 .ARM.attributes
                0x00000ace       0x32 e:/siliconlabs/simplicitystudio/v5/developer/toolchains/gnu_arm/12.2.rel1_2023.7/bin/../lib/gcc/arm-none-eabi/12.2.1/thumb/v7e-m+fp/softfp\libc_nano.a(libc_a-memcpy-stub.o)
 .ARM.attributes
                0x00000b00       0x32 e:/siliconlabs/simplicitystudio/v5/developer/toolchains/gnu_arm/12.2.rel1_2023.7/bin/../lib/gcc/arm-none-eabi/12.2.1/thumb/v7e-m+fp/softfp\libc_nano.a(libc_a-freer.o)
 .ARM.attributes
                0x00000b32       0x32 e:/siliconlabs/simplicitystudio/v5/developer/toolchains/gnu_arm/12.2.rel1_2023.7/bin/../lib/gcc/arm-none-eabi/12.2.1/thumb/v7e-m+fp/softfp\libc_nano.a(libc_a-malloc.o)
 .ARM.attributes
                0x00000b64       0x32 e:/siliconlabs/simplicitystudio/v5/developer/toolchains/gnu_arm/12.2.rel1_2023.7/bin/../lib/gcc/arm-none-eabi/12.2.1/thumb/v7e-m+fp/softfp\libc_nano.a(libc_a-mallocr.o)
 .ARM.attributes
                0x00000b96       0x32 e:/siliconlabs/simplicitystudio/v5/developer/toolchains/gnu_arm/12.2.rel1_2023.7/bin/../lib/gcc/arm-none-eabi/12.2.1/thumb/v7e-m+fp/softfp\libc_nano.a(libc_a-mlock.o)
 .ARM.attributes
                0x00000bc8       0x32 e:/siliconlabs/simplicitystudio/v5/developer/toolchains/gnu_arm/12.2.rel1_2023.7/bin/../lib/gcc/arm-none-eabi/12.2.1/thumb/v7e-m+fp/softfp\libc_nano.a(libc_a-nano-vfprintf.o)
 .ARM.attributes
                0x00000bfa       0x32 e:/siliconlabs/simplicitystudio/v5/developer/toolchains/gnu_arm/12.2.rel1_2023.7/bin/../lib/gcc/arm-none-eabi/12.2.1/thumb/v7e-m+fp/softfp\libc_nano.a(libc_a-nano-vfprintf_i.o)
 .ARM.attributes
                0x00000c2c       0x32 e:/siliconlabs/simplicitystudio/v5/developer/toolchains/gnu_arm/12.2.rel1_2023.7/bin/../lib/gcc/arm-none-eabi/12.2.1/thumb/v7e-m+fp/softfp\libc_nano.a(libc_a-fflush.o)
 .ARM.attributes
                0x00000c5e       0x32 e:/siliconlabs/simplicitystudio/v5/developer/toolchains/gnu_arm/12.2.rel1_2023.7/bin/../lib/gcc/arm-none-eabi/12.2.1/thumb/v7e-m+fp/softfp\libc_nano.a(libc_a-getc.o)
 .ARM.attributes
                0x00000c90       0x32 e:/siliconlabs/simplicitystudio/v5/developer/toolchains/gnu_arm/12.2.rel1_2023.7/bin/../lib/gcc/arm-none-eabi/12.2.1/thumb/v7e-m+fp/softfp\libc_nano.a(libc_a-makebuf.o)
 .ARM.attributes
                0x00000cc2       0x32 e:/siliconlabs/simplicitystudio/v5/developer/toolchains/gnu_arm/12.2.rel1_2023.7/bin/../lib/gcc/arm-none-eabi/12.2.1/thumb/v7e-m+fp/softfp\libc_nano.a(libc_a-putc.o)
 .ARM.attributes
                0x00000cf4       0x32 e:/siliconlabs/simplicitystudio/v5/developer/toolchains/gnu_arm/12.2.rel1_2023.7/bin/../lib/gcc/arm-none-eabi/12.2.1/thumb/v7e-m+fp/softfp\libc_nano.a(libc_a-rget.o)
 .ARM.attributes
                0x00000d26       0x32 e:/siliconlabs/simplicitystudio/v5/developer/toolchains/gnu_arm/12.2.rel1_2023.7/bin/../lib/gcc/arm-none-eabi/12.2.1/thumb/v7e-m+fp/softfp\libc_nano.a(libc_a-fstatr.o)
 .ARM.attributes
                0x00000d58       0x32 e:/siliconlabs/simplicitystudio/v5/developer/toolchains/gnu_arm/12.2.rel1_2023.7/bin/../lib/gcc/arm-none-eabi/12.2.1/thumb/v7e-m+fp/softfp\libc_nano.a(libc_a-isattyr.o)
 .ARM.attributes
                0x00000d8a       0x32 e:/siliconlabs/simplicitystudio/v5/developer/toolchains/gnu_arm/12.2.rel1_2023.7/bin/../lib/gcc/arm-none-eabi/12.2.1/thumb/v7e-m+fp/softfp\libc_nano.a(libc_a-sbrkr.o)
 .ARM.attributes
                0x00000dbc       0x1c e:/siliconlabs/simplicitystudio/v5/developer/toolchains/gnu_arm/12.2.rel1_2023.7/bin/../lib/gcc/arm-none-eabi/12.2.1/thumb/v7e-m+fp/softfp\libc_nano.a(libc_a-memchr.o)
 .ARM.attributes
                0x00000dd8       0x32 e:/siliconlabs/simplicitystudio/v5/developer/toolchains/gnu_arm/12.2.rel1_2023.7/bin/../lib/gcc/arm-none-eabi/12.2.1/thumb/v7e-m+fp/softfp\libc_nano.a(libc_a-refill.o)
 .ARM.attributes
                0x00000e0a       0x32 e:/siliconlabs/simplicitystudio/v5/developer/toolchains/gnu_arm/12.2.rel1_2023.7/bin/../lib/gcc/arm-none-eabi/12.2.1/thumb/v7e-m+fp/softfp/crtend.o
 .ARM.attributes
                0x00000e3c       0x22 e:/siliconlabs/simplicitystudio/v5/developer/toolchains/gnu_arm/12.2.rel1_2023.7/bin/../lib/gcc/arm-none-eabi/12.2.1/thumb/v7e-m+fp/softfp/crtn.o

.comment        0x00000000       0x45
 .comment       0x00000000       0x45 ./app.o
                                 0x46 (size before relaxing)
 .comment       0x00000045       0x46 ./app_iostream_usart.o
 .comment       0x00000045       0x46 ./main.o
 .comment       0x00000045       0x46 ./autogen/sl_board_default_init.o
 .comment       0x00000045       0x46 ./autogen/sl_device_init_clocks.o
 .comment       0x00000045       0x46 ./autogen/sl_event_handler.o
 .comment       0x00000045       0x46 ./autogen/sl_iostream_init_usart_instances.o
 .comment       0x00000045       0x46 ./gecko_sdk_4.4.4/hardware/board/src/sl_board_control_gpio.o
 .comment       0x00000045       0x46 ./gecko_sdk_4.4.4/hardware/board/src/sl_board_init.o
 .comment       0x00000045       0x46 ./gecko_sdk_4.4.4/hardware/driver/configuration_over_swo/src/sl_cos.o
 .comment       0x00000045       0x46 ./gecko_sdk_4.4.4/platform/Device/SiliconLabs/EFM32GG11B/Source/startup_efm32gg11b.o
 .comment       0x00000045       0x46 ./gecko_sdk_4.4.4/platform/Device/SiliconLabs/EFM32GG11B/Source/system_efm32gg11b.o
 .comment       0x00000045       0x46 ./gecko_sdk_4.4.4/platform/common/src/sl_assert.o
 .comment       0x00000045       0x46 ./gecko_sdk_4.4.4/platform/common/toolchain/src/sl_memory.o
 .comment       0x00000045       0x46 ./gecko_sdk_4.4.4/platform/driver/debug/src/sl_debug_swo.o
 .comment       0x00000045       0x46 ./gecko_sdk_4.4.4/platform/emdrv/dmadrv/src/dmadrv.o
 .comment       0x00000045       0x46 ./gecko_sdk_4.4.4/platform/emlib/src/em_cmu.o
 .comment       0x00000045       0x46 ./gecko_sdk_4.4.4/platform/emlib/src/em_core.o
 .comment       0x00000045       0x46 ./gecko_sdk_4.4.4/platform/emlib/src/em_emu.o
 .comment       0x00000045       0x46 ./gecko_sdk_4.4.4/platform/emlib/src/em_gpio.o
 .comment       0x00000045       0x46 ./gecko_sdk_4.4.4/platform/emlib/src/em_ldma.o
 .comment       0x00000045       0x46 ./gecko_sdk_4.4.4/platform/emlib/src/em_usart.o
 .comment       0x00000045       0x46 ./gecko_sdk_4.4.4/platform/service/device_init/src/sl_device_init_dcdc_s1.o
 .comment       0x00000045       0x46 ./gecko_sdk_4.4.4/platform/service/device_init/src/sl_device_init_emu_s1.o
 .comment       0x00000045       0x46 ./gecko_sdk_4.4.4/platform/service/device_init/src/sl_device_init_hfxo_s1.o
 .comment       0x00000045       0x46 ./gecko_sdk_4.4.4/platform/service/device_init/src/sl_device_init_lfxo_s1.o
 .comment       0x00000045       0x46 ./gecko_sdk_4.4.4/platform/service/device_init/src/sl_device_init_nvic.o
 .comment       0x00000045       0x46 ./gecko_sdk_4.4.4/platform/service/iostream/src/sl_iostream.o
 .comment       0x00000045       0x46 ./gecko_sdk_4.4.4/platform/service/iostream/src/sl_iostream_retarget_stdio.o
 .comment       0x00000045       0x46 ./gecko_sdk_4.4.4/platform/service/iostream/src/sl_iostream_uart.o
 .comment       0x00000045       0x46 ./gecko_sdk_4.4.4/platform/service/iostream/src/sl_iostream_usart.o
 .comment       0x00000045       0x46 ./gecko_sdk_4.4.4/platform/service/system/src/sl_system_init.o
 .comment       0x00000045       0x46 ./gecko_sdk_4.4.4/platform/service/system/src/sl_system_process_action.o

.debug_line_str
                0x00000000      0x1c8
 .debug_line_str
                0x00000000       0xe5 e:/siliconlabs/simplicitystudio/v5/developer/toolchains/gnu_arm/12.2.rel1_2023.7/bin/../lib/gcc/arm-none-eabi/12.2.1/thumb/v7e-m+fp/softfp/crt0.o
 .debug_line_str
                0x000000e5       0xe3 e:/siliconlabs/simplicitystudio/v5/developer/toolchains/gnu_arm/12.2.rel1_2023.7/bin/../lib/gcc/arm-none-eabi/12.2.1/thumb/v7e-m+fp/softfp\libc_nano.a(libc_a-memchr.o)

.debug_info     0x00000000    0x1cbde
 .debug_info    0x00000000       0x86 ./app.o
 .debug_info    0x00000086      0xb7b ./app_iostream_usart.o
 .debug_info    0x00000c01       0xa1 ./main.o
 .debug_info    0x00000ca2       0x86 ./autogen/sl_board_default_init.o
 .debug_info    0x00000d28      0xa62 ./autogen/sl_device_init_clocks.o
 .debug_info    0x0000178a      0xa61 ./autogen/sl_event_handler.o
 .debug_info    0x000021eb     0x1746 ./autogen/sl_iostream_init_usart_instances.o
 .debug_info    0x00003931      0x5e6 ./gecko_sdk_4.4.4/hardware/board/src/sl_board_control_gpio.o
 .debug_info    0x00003f17      0x408 ./gecko_sdk_4.4.4/hardware/board/src/sl_board_init.o
 .debug_info    0x0000431f      0x4d4 ./gecko_sdk_4.4.4/hardware/driver/configuration_over_swo/src/sl_cos.o
 .debug_info    0x000047f3      0x322 ./gecko_sdk_4.4.4/platform/Device/SiliconLabs/EFM32GG11B/Source/startup_efm32gg11b.o
 .debug_info    0x00004b15      0xa54 ./gecko_sdk_4.4.4/platform/Device/SiliconLabs/EFM32GG11B/Source/system_efm32gg11b.o
 .debug_info    0x00005569       0x86 ./gecko_sdk_4.4.4/platform/common/src/sl_assert.o
 .debug_info    0x000055ef      0x205 ./gecko_sdk_4.4.4/platform/common/toolchain/src/sl_memory.o
 .debug_info    0x000057f4     0x112a ./gecko_sdk_4.4.4/platform/driver/debug/src/sl_debug_swo.o
 .debug_info    0x0000691e     0x1a11 ./gecko_sdk_4.4.4/platform/emdrv/dmadrv/src/dmadrv.o
 .debug_info    0x0000832f     0x582b ./gecko_sdk_4.4.4/platform/emlib/src/em_cmu.o
 .debug_info    0x0000db5a     0x123c ./gecko_sdk_4.4.4/platform/emlib/src/em_core.o
 .debug_info    0x0000ed96     0x4719 ./gecko_sdk_4.4.4/platform/emlib/src/em_emu.o
 .debug_info    0x000134af     0x1069 ./gecko_sdk_4.4.4/platform/emlib/src/em_gpio.o
 .debug_info    0x00014518     0x1996 ./gecko_sdk_4.4.4/platform/emlib/src/em_ldma.o
 .debug_info    0x00015eae     0x16a6 ./gecko_sdk_4.4.4/platform/emlib/src/em_usart.o
 .debug_info    0x00017554      0x281 ./gecko_sdk_4.4.4/platform/service/device_init/src/sl_device_init_dcdc_s1.o
 .debug_info    0x000177d5      0x1ed ./gecko_sdk_4.4.4/platform/service/device_init/src/sl_device_init_emu_s1.o
 .debug_info    0x000179c2      0xa04 ./gecko_sdk_4.4.4/platform/service/device_init/src/sl_device_init_hfxo_s1.o
 .debug_info    0x000183c6      0x1dd ./gecko_sdk_4.4.4/platform/service/device_init/src/sl_device_init_lfxo_s1.o
 .debug_info    0x000185a3      0x66d ./gecko_sdk_4.4.4/platform/service/device_init/src/sl_device_init_nvic.o
 .debug_info    0x00018c10      0x64c ./gecko_sdk_4.4.4/platform/service/iostream/src/sl_iostream.o
 .debug_info    0x0001925c      0x68b ./gecko_sdk_4.4.4/platform/service/iostream/src/sl_iostream_retarget_stdio.o
 .debug_info    0x000198e7     0x193e ./gecko_sdk_4.4.4/platform/service/iostream/src/sl_iostream_uart.o
 .debug_info    0x0001b225     0x187f ./gecko_sdk_4.4.4/platform/service/iostream/src/sl_iostream_usart.o
 .debug_info    0x0001caa4       0xa7 ./gecko_sdk_4.4.4/platform/service/system/src/sl_system_init.o
 .debug_info    0x0001cb4b       0x93 ./gecko_sdk_4.4.4/platform/service/system/src/sl_system_process_action.o

.debug_abbrev   0x00000000     0x4682
 .debug_abbrev  0x00000000       0x6d ./app.o
 .debug_abbrev  0x0000006d      0x232 ./app_iostream_usart.o
 .debug_abbrev  0x0000029f       0x5d ./main.o
 .debug_abbrev  0x000002fc       0x46 ./autogen/sl_board_default_init.o
 .debug_abbrev  0x00000342      0x145 ./autogen/sl_device_init_clocks.o
 .debug_abbrev  0x00000487      0x177 ./autogen/sl_event_handler.o
 .debug_abbrev  0x000005fe      0x280 ./autogen/sl_iostream_init_usart_instances.o
 .debug_abbrev  0x0000087e      0x1b4 ./gecko_sdk_4.4.4/hardware/board/src/sl_board_control_gpio.o
 .debug_abbrev  0x00000a32      0x114 ./gecko_sdk_4.4.4/hardware/board/src/sl_board_init.o
 .debug_abbrev  0x00000b46      0x20f ./gecko_sdk_4.4.4/hardware/driver/configuration_over_swo/src/sl_cos.o
 .debug_abbrev  0x00000d55      0x1c8 ./gecko_sdk_4.4.4/platform/Device/SiliconLabs/EFM32GG11B/Source/startup_efm32gg11b.o
 .debug_abbrev  0x00000f1d      0x231 ./gecko_sdk_4.4.4/platform/Device/SiliconLabs/EFM32GG11B/Source/system_efm32gg11b.o
 .debug_abbrev  0x0000114e       0x6c ./gecko_sdk_4.4.4/platform/common/src/sl_assert.o
 .debug_abbrev  0x000011ba      0x11e ./gecko_sdk_4.4.4/platform/common/toolchain/src/sl_memory.o
 .debug_abbrev  0x000012d8      0x2fc ./gecko_sdk_4.4.4/platform/driver/debug/src/sl_debug_swo.o
 .debug_abbrev  0x000015d4      0x3cd ./gecko_sdk_4.4.4/platform/emdrv/dmadrv/src/dmadrv.o
 .debug_abbrev  0x000019a1      0x5c7 ./gecko_sdk_4.4.4/platform/emlib/src/em_cmu.o
 .debug_abbrev  0x00001f68      0x33e ./gecko_sdk_4.4.4/platform/emlib/src/em_core.o
 .debug_abbrev  0x000022a6      0x60b ./gecko_sdk_4.4.4/platform/emlib/src/em_emu.o
 .debug_abbrev  0x000028b1      0x32e ./gecko_sdk_4.4.4/platform/emlib/src/em_gpio.o
 .debug_abbrev  0x00002bdf      0x42d ./gecko_sdk_4.4.4/platform/emlib/src/em_ldma.o
 .debug_abbrev  0x0000300c      0x336 ./gecko_sdk_4.4.4/platform/emlib/src/em_usart.o
 .debug_abbrev  0x00003342      0x10b ./gecko_sdk_4.4.4/platform/service/device_init/src/sl_device_init_dcdc_s1.o
 .debug_abbrev  0x0000344d      0x109 ./gecko_sdk_4.4.4/platform/service/device_init/src/sl_device_init_emu_s1.o
 .debug_abbrev  0x00003556      0x178 ./gecko_sdk_4.4.4/platform/service/device_init/src/sl_device_init_hfxo_s1.o
 .debug_abbrev  0x000036ce      0x105 ./gecko_sdk_4.4.4/platform/service/device_init/src/sl_device_init_lfxo_s1.o
 .debug_abbrev  0x000037d3      0x15a ./gecko_sdk_4.4.4/platform/service/device_init/src/sl_device_init_nvic.o
 .debug_abbrev  0x0000392d      0x2a5 ./gecko_sdk_4.4.4/platform/service/iostream/src/sl_iostream.o
 .debug_abbrev  0x00003bd2      0x1f9 ./gecko_sdk_4.4.4/platform/service/iostream/src/sl_iostream_retarget_stdio.o
 .debug_abbrev  0x00003dcb      0x48e ./gecko_sdk_4.4.4/platform/service/iostream/src/sl_iostream_uart.o
 .debug_abbrev  0x00004259      0x371 ./gecko_sdk_4.4.4/platform/service/iostream/src/sl_iostream_usart.o
 .debug_abbrev  0x000045ca       0x5c ./gecko_sdk_4.4.4/platform/service/system/src/sl_system_init.o
 .debug_abbrev  0x00004626       0x5c ./gecko_sdk_4.4.4/platform/service/system/src/sl_system_process_action.o

.debug_aranges  0x00000000      0xc40
 .debug_aranges
                0x00000000       0x28 ./app.o
 .debug_aranges
                0x00000028       0x28 ./app_iostream_usart.o
 .debug_aranges
                0x00000050       0x20 ./main.o
 .debug_aranges
                0x00000070       0x20 ./autogen/sl_board_default_init.o
 .debug_aranges
                0x00000090       0x20 ./autogen/sl_device_init_clocks.o
 .debug_aranges
                0x000000b0       0x68 ./autogen/sl_event_handler.o
 .debug_aranges
                0x00000118       0x38 ./autogen/sl_iostream_init_usart_instances.o
 .debug_aranges
                0x00000150       0x70 ./gecko_sdk_4.4.4/hardware/board/src/sl_board_control_gpio.o
 .debug_aranges
                0x000001c0       0x28 ./gecko_sdk_4.4.4/hardware/board/src/sl_board_init.o
 .debug_aranges
                0x000001e8       0x38 ./gecko_sdk_4.4.4/hardware/driver/configuration_over_swo/src/sl_cos.o
 .debug_aranges
                0x00000220       0x28 ./gecko_sdk_4.4.4/platform/Device/SiliconLabs/EFM32GG11B/Source/startup_efm32gg11b.o
 .debug_aranges
                0x00000248       0x68 ./gecko_sdk_4.4.4/platform/Device/SiliconLabs/EFM32GG11B/Source/system_efm32gg11b.o
 .debug_aranges
                0x000002b0       0x20 ./gecko_sdk_4.4.4/platform/common/src/sl_assert.o
 .debug_aranges
                0x000002d0       0x30 ./gecko_sdk_4.4.4/platform/common/toolchain/src/sl_memory.o
 .debug_aranges
                0x00000300       0x48 ./gecko_sdk_4.4.4/platform/driver/debug/src/sl_debug_swo.o
 .debug_aranges
                0x00000348       0xa8 ./gecko_sdk_4.4.4/platform/emdrv/dmadrv/src/dmadrv.o
 .debug_aranges
                0x000003f0      0x1f0 ./gecko_sdk_4.4.4/platform/emlib/src/em_cmu.o
 .debug_aranges
                0x000005e0       0xe8 ./gecko_sdk_4.4.4/platform/emlib/src/em_core.o
 .debug_aranges
                0x000006c8      0x1d0 ./gecko_sdk_4.4.4/platform/emlib/src/em_emu.o
 .debug_aranges
                0x00000898       0x70 ./gecko_sdk_4.4.4/platform/emlib/src/em_gpio.o
 .debug_aranges
                0x00000908       0x50 ./gecko_sdk_4.4.4/platform/emlib/src/em_ldma.o
 .debug_aranges
                0x00000958       0xb8 ./gecko_sdk_4.4.4/platform/emlib/src/em_usart.o
 .debug_aranges
                0x00000a10       0x20 ./gecko_sdk_4.4.4/platform/service/device_init/src/sl_device_init_dcdc_s1.o
 .debug_aranges
                0x00000a30       0x20 ./gecko_sdk_4.4.4/platform/service/device_init/src/sl_device_init_emu_s1.o
 .debug_aranges
                0x00000a50       0x20 ./gecko_sdk_4.4.4/platform/service/device_init/src/sl_device_init_hfxo_s1.o
 .debug_aranges
                0x00000a70       0x20 ./gecko_sdk_4.4.4/platform/service/device_init/src/sl_device_init_lfxo_s1.o
 .debug_aranges
                0x00000a90       0x20 ./gecko_sdk_4.4.4/platform/service/device_init/src/sl_device_init_nvic.o
 .debug_aranges
                0x00000ab0       0x58 ./gecko_sdk_4.4.4/platform/service/iostream/src/sl_iostream.o
 .debug_aranges
                0x00000b08       0x60 ./gecko_sdk_4.4.4/platform/service/iostream/src/sl_iostream_retarget_stdio.o