Archive member included to satisfy reference by file (symbol)

e:/siliconlabs/simplicitystudio/v5/developer/toolchains/gnu_arm/12.2.rel1_2023.7/bin/../lib/gcc/arm-none-eabi/12.2.1/thumb/v7e-m+fp/softfp\libc_nano.a(libc_a-calloc.o)
                              ./gecko_sdk_4.4.3/util/silicon_labs/silabs_core/memory_manager/sl_malloc.o (calloc)
e:/siliconlabs/simplicitystudio/v5/developer/toolchains/gnu_arm/12.2.rel1_2023.7/bin/../lib/gcc/arm-none-eabi/12.2.1/thumb/v7e-m+fp/softfp\libc_nano.a(libc_a-callocr.o)
                              e:/siliconlabs/simplicitystudio/v5/developer/toolchains/gnu_arm/12.2.rel1_2023.7/bin/../lib/gcc/arm-none-eabi/12.2.1/thumb/v7e-m+fp/softfp\libc_nano.a(libc_a-calloc.o) (_calloc_r)
e:/siliconlabs/simplicitystudio/v5/developer/toolchains/gnu_arm/12.2.rel1_2023.7/bin/../lib/gcc/arm-none-eabi/12.2.1/thumb/v7e-m+fp/softfp\libc_nano.a(libc_a-exit.o)
                              e:/siliconlabs/simplicitystudio/v5/developer/toolchains/gnu_arm/12.2.rel1_2023.7/bin/../lib/gcc/arm-none-eabi/12.2.1/thumb/v7e-m+fp/softfp/crt0.o (exit)
e:/siliconlabs/simplicitystudio/v5/developer/toolchains/gnu_arm/12.2.rel1_2023.7/bin/../lib/gcc/arm-none-eabi/12.2.1/thumb/v7e-m+fp/softfp\libc_nano.a(libc_a-malloc.o)
                              ./gecko_sdk_4.4.3/util/silicon_labs/silabs_core/memory_manager/sl_malloc.o (malloc)
e:/siliconlabs/simplicitystudio/v5/developer/toolchains/gnu_arm/12.2.rel1_2023.7/bin/../lib/gcc/arm-none-eabi/12.2.1/thumb/v7e-m+fp/softfp\libc_nano.a(libc_a-mallocr.o)
                              e:/siliconlabs/simplicitystudio/v5/developer/toolchains/gnu_arm/12.2.rel1_2023.7/bin/../lib/gcc/arm-none-eabi/12.2.1/thumb/v7e-m+fp/softfp\libc_nano.a(libc_a-callocr.o) (_malloc_r)
e:/siliconlabs/simplicitystudio/v5/developer/toolchains/gnu_arm/12.2.rel1_2023.7/bin/../lib/gcc/arm-none-eabi/12.2.1/thumb/v7e-m+fp/softfp\libc_nano.a(libc_a-mlock.o)
                              e:/siliconlabs/simplicitystudio/v5/developer/toolchains/gnu_arm/12.2.rel1_2023.7/bin/../lib/gcc/arm-none-eabi/12.2.1/thumb/v7e-m+fp/softfp\libc_nano.a(libc_a-mallocr.o) (__malloc_lock)
e:/siliconlabs/simplicitystudio/v5/developer/toolchains/gnu_arm/12.2.rel1_2023.7/bin/../lib/gcc/arm-none-eabi/12.2.1/thumb/v7e-m+fp/softfp\libc_nano.a(libc_a-realloc.o)
                              ./gecko_sdk_4.4.3/util/silicon_labs/silabs_core/memory_manager/sl_malloc.o (realloc)
e:/siliconlabs/simplicitystudio/v5/developer/toolchains/gnu_arm/12.2.rel1_2023.7/bin/../lib/gcc/arm-none-eabi/12.2.1/thumb/v7e-m+fp/softfp\libc_nano.a(libc_a-reallocr.o)
                              e:/siliconlabs/simplicitystudio/v5/developer/toolchains/gnu_arm/12.2.rel1_2023.7/bin/../lib/gcc/arm-none-eabi/12.2.1/thumb/v7e-m+fp/softfp\libc_nano.a(libc_a-realloc.o) (_realloc_r)
e:/siliconlabs/simplicitystudio/v5/developer/toolchains/gnu_arm/12.2.rel1_2023.7/bin/../lib/gcc/arm-none-eabi/12.2.1/thumb/v7e-m+fp/softfp\libc_nano.a(libc_a-ctype_.o)
                              ./gecko_sdk_4.4.3/platform/common/src/sl_string.o (_ctype_)
e:/siliconlabs/simplicitystudio/v5/developer/toolchains/gnu_arm/12.2.rel1_2023.7/bin/../lib/gcc/arm-none-eabi/12.2.1/thumb/v7e-m+fp/softfp\libc_nano.a(libc_a-findfp.o)
                              e:/siliconlabs/simplicitystudio/v5/developer/toolchains/gnu_arm/12.2.rel1_2023.7/bin/../lib/gcc/arm-none-eabi/12.2.1/thumb/v7e-m+fp/softfp\libc_nano.a(libc_a-exit.o) (__stdio_exit_handler)
e:/siliconlabs/simplicitystudio/v5/developer/toolchains/gnu_arm/12.2.rel1_2023.7/bin/../lib/gcc/arm-none-eabi/12.2.1/thumb/v7e-m+fp/softfp\libc_nano.a(libc_a-fwalk.o)
                              e:/siliconlabs/simplicitystudio/v5/developer/toolchains/gnu_arm/12.2.rel1_2023.7/bin/../lib/gcc/arm-none-eabi/12.2.1/thumb/v7e-m+fp/softfp\libc_nano.a(libc_a-findfp.o) (_fwalk_sglue)
e:/siliconlabs/simplicitystudio/v5/developer/toolchains/gnu_arm/12.2.rel1_2023.7/bin/../lib/gcc/arm-none-eabi/12.2.1/thumb/v7e-m+fp/softfp\libc_nano.a(libc_a-stdio.o)
                              e:/siliconlabs/simplicitystudio/v5/developer/toolchains/gnu_arm/12.2.rel1_2023.7/bin/../lib/gcc/arm-none-eabi/12.2.1/thumb/v7e-m+fp/softfp\libc_nano.a(libc_a-findfp.o) (__sread)
e:/siliconlabs/simplicitystudio/v5/developer/toolchains/gnu_arm/12.2.rel1_2023.7/bin/../lib/gcc/arm-none-eabi/12.2.1/thumb/v7e-m+fp/softfp\libc_nano.a(libc_a-memset.o)
                              e:/siliconlabs/simplicitystudio/v5/developer/toolchains/gnu_arm/12.2.rel1_2023.7/bin/../lib/gcc/arm-none-eabi/12.2.1/thumb/v7e-m+fp/softfp/crt0.o (memset)
e:/siliconlabs/simplicitystudio/v5/developer/toolchains/gnu_arm/12.2.rel1_2023.7/bin/../lib/gcc/arm-none-eabi/12.2.1/thumb/v7e-m+fp/softfp\libc_nano.a(libc_a-strtok.o)
                              ./autogen/sl_usbd_class_cdc_acm_instances.o (strtok)
e:/siliconlabs/simplicitystudio/v5/developer/toolchains/gnu_arm/12.2.rel1_2023.7/bin/../lib/gcc/arm-none-eabi/12.2.1/thumb/v7e-m+fp/softfp\libc_nano.a(libc_a-strtok_r.o)
[...]
Memory Configuration

Name             Origin             Length             Attributes
FLASH            0x00000000         0x00200000         xr
RAM              0x20000000         0x00080000         xrw
*default*        0x00000000         0xffffffff

Linker script and memory map

LOAD e:/siliconlabs/simplicitystudio/v5/developer/toolchains/gnu_arm/12.2.rel1_2023.7/bin/../lib/gcc/arm-none-eabi/12.2.1/thumb/v7e-m+fp/softfp/crti.o
LOAD e:/siliconlabs/simplicitystudio/v5/developer/toolchains/gnu_arm/12.2.rel1_2023.7/bin/../lib/gcc/arm-none-eabi/12.2.1/thumb/v7e-m+fp/softfp/crtbegin.o
LOAD e:/siliconlabs/simplicitystudio/v5/developer/toolchains/gnu_arm/12.2.rel1_2023.7/bin/../lib/gcc/arm-none-eabi/12.2.1/thumb/v7e-m+fp/softfp/crt0.o
START GROUP
LOAD ./app.o
LOAD ./main.o
LOAD ./usb_composite_app.o
LOAD ./autogen/sl_board_default_init.o
LOAD ./autogen/sl_device_init_clocks.o
LOAD ./autogen/sl_event_handler.o
LOAD ./autogen/sl_usbd_class_cdc_acm_instances.o
LOAD ./autogen/sl_usbd_class_vendor_instances.o
LOAD ./autogen/sl_usbd_configuration_instances.o
LOAD ./autogen/sl_usbd_init.o
LOAD ./gecko_sdk_4.4.3/hardware/board/src/sl_board_control_gpio.o
LOAD ./gecko_sdk_4.4.3/hardware/board/src/sl_board_init.o
LOAD ./gecko_sdk_4.4.3/platform/CMSIS/RTOS2/Source/os_systick.o
LOAD ./gecko_sdk_4.4.3/platform/Device/SiliconLabs/EFM32GG11B/Source/startup_efm32gg11b.o
LOAD ./gecko_sdk_4.4.3/platform/Device/SiliconLabs/EFM32GG11B/Source/system_efm32gg11b.o
LOAD ./gecko_sdk_4.4.3/platform/common/src/sl_assert.o
LOAD ./gecko_sdk_4.4.3/platform/common/src/sl_string.o
LOAD ./gecko_sdk_4.4.3/platform/common/src/sl_syscalls.o
LOAD ./gecko_sdk_4.4.3/platform/common/toolchain/src/sl_memory.o
LOAD ./gecko_sdk_4.4.3/platform/emlib/src/em_cmu.o
LOAD ./gecko_sdk_4.4.3/platform/emlib/src/em_core.o
LOAD ./gecko_sdk_4.4.3/platform/emlib/src/em_emu.o
LOAD ./gecko_sdk_4.4.3/platform/emlib/src/em_gpio.o
LOAD ./gecko_sdk_4.4.3/platform/emlib/src/em_msc.o
LOAD ./gecko_sdk_4.4.3/platform/emlib/src/em_system.o
LOAD ./gecko_sdk_4.4.3/platform/service/device_init/src/sl_device_init_dcdc_s1.o
LOAD ./gecko_sdk_4.4.3/platform/service/device_init/src/sl_device_init_emu_s1.o
LOAD ./gecko_sdk_4.4.3/platform/service/device_init/src/sl_device_init_hfxo_s1.o
LOAD ./gecko_sdk_4.4.3/platform/service/device_init/src/sl_device_init_lfxo_s1.o
LOAD ./gecko_sdk_4.4.3/platform/service/device_init/src/sl_device_init_nvic.o
LOAD ./gecko_sdk_4.4.3/platform/service/system/src/sl_system_init.o
LOAD ./gecko_sdk_4.4.3/platform/service/system/src/sl_system_kernel.o
LOAD ./gecko_sdk_4.4.3/platform/service/udelay/src/sl_udelay.o
LOAD ./gecko_sdk_4.4.3/platform/service/udelay/src/sl_udelay_armv6m_gcc.o
LOAD ./gecko_sdk_4.4.3/protocol/usb/src/sl_usbd_class_cdc.o
LOAD ./gecko_sdk_4.4.3/protocol/usb/src/sl_usbd_class_cdc_acm.o
LOAD ./gecko_sdk_4.4.3/protocol/usb/src/sl_usbd_class_vendor.o
LOAD ./gecko_sdk_4.4.3/protocol/usb/src/sl_usbd_core.o
LOAD ./gecko_sdk_4.4.3/protocol/usb/src/sl_usbd_core_ep.o
LOAD ./gecko_sdk_4.4.3/protocol/usb/src/sl_usbd_core_os.o
LOAD ./gecko_sdk_4.4.3/protocol/usb/src/sl_usbd_driver_dwc_otg_fs.o
LOAD ./gecko_sdk_4.4.3/util/silicon_labs/silabs_core/memory_manager/sl_malloc.o
LOAD ./gecko_sdk_4.4.3/util/third_party/freertos/cmsis/Source/cmsis_os2.o
LOAD ./gecko_sdk_4.4.3/util/third_party/freertos/kernel/croutine.o
LOAD ./gecko_sdk_4.4.3/util/third_party/freertos/kernel/event_groups.o
LOAD ./gecko_sdk_4.4.3/util/third_party/freertos/kernel/list.o
LOAD ./gecko_sdk_4.4.3/util/third_party/freertos/kernel/queue.o
LOAD ./gecko_sdk_4.4.3/util/third_party/freertos/kernel/stream_buffer.o
LOAD ./gecko_sdk_4.4.3/util/third_party/freertos/kernel/tasks.o
LOAD ./gecko_sdk_4.4.3/util/third_party/freertos/kernel/timers.o
LOAD ./gecko_sdk_4.4.3/util/third_party/freertos/kernel/portable/GCC/ARM_CM4F/port.o
LOAD ./gecko_sdk_4.4.3/util/third_party/freertos/kernel/portable/MemMang/heap_4.o
LOAD e:/siliconlabs/simplicitystudio/v5/developer/toolchains/gnu_arm/12.2.rel1_2023.7/bin/../lib/gcc/arm-none-eabi/12.2.1/thumb/v7e-m+fp/softfp\libgcc.a
LOAD e:/siliconlabs/simplicitystudio/v5/developer/toolchains/gnu_arm/12.2.rel1_2023.7/bin/../lib/gcc/arm-none-eabi/12.2.1/thumb/v7e-m+fp/softfp\libc_nano.a
LOAD e:/siliconlabs/simplicitystudio/v5/developer/toolchains/gnu_arm/12.2.rel1_2023.7/bin/../lib/gcc/arm-none-eabi/12.2.1/thumb/v7e-m+fp/softfp\libm.a
LOAD e:/siliconlabs/simplicitystudio/v5/developer/toolchains/gnu_arm/12.2.rel1_2023.7/bin/../lib/gcc/arm-none-eabi/12.2.1/thumb/v7e-m+fp/softfp\libnosys.a
END GROUP
START GROUP
LOAD e:/siliconlabs/simplicitystudio/v5/developer/toolchains/gnu_arm/12.2.rel1_2023.7/bin/../lib/gcc/arm-none-eabi/12.2.1/thumb/v7e-m+fp/softfp\libgcc.a
LOAD e:/siliconlabs/simplicitystudio/v5/developer/toolchains/gnu_arm/12.2.rel1_2023.7/bin/../lib/gcc/arm-none-eabi/12.2.1/thumb/v7e-m+fp/softfp\libc_nano.a
LOAD e:/siliconlabs/simplicitystudio/v5/developer/toolchains/gnu_arm/12.2.rel1_2023.7/bin/../lib/gcc/arm-none-eabi/12.2.1/thumb/v7e-m+fp/softfp\libnosys.a
END GROUP
START GROUP
LOAD e:/siliconlabs/simplicitystudio/v5/developer/toolchains/gnu_arm/12.2.rel1_2023.7/bin/../lib/gcc/arm-none-eabi/12.2.1/thumb/v7e-m+fp/softfp\libgcc.a
LOAD e:/siliconlabs/simplicitystudio/v5/developer/toolchains/gnu_arm/12.2.rel1_2023.7/bin/../lib/gcc/arm-none-eabi/12.2.1/thumb/v7e-m+fp/softfp\libg_nano.a
LOAD e:/siliconlabs/simplicitystudio/v5/developer/toolchains/gnu_arm/12.2.rel1_2023.7/bin/../lib/gcc/arm-none-eabi/12.2.1/thumb/v7e-m+fp/softfp\libc_nano.a
END GROUP
START GROUP
LOAD e:/siliconlabs/simplicitystudio/v5/developer/toolchains/gnu_arm/12.2.rel1_2023.7/bin/../lib/gcc/arm-none-eabi/12.2.1/thumb/v7e-m+fp/softfp\libgcc.a
LOAD e:/siliconlabs/simplicitystudio/v5/developer/toolchains/gnu_arm/12.2.rel1_2023.7/bin/../lib/gcc/arm-none-eabi/12.2.1/thumb/v7e-m+fp/softfp\libc_nano.a
END GROUP
LOAD e:/siliconlabs/simplicitystudio/v5/developer/toolchains/gnu_arm/12.2.rel1_2023.7/bin/../lib/gcc/arm-none-eabi/12.2.1/thumb/v7e-m+fp/softfp/crtend.o
LOAD e:/siliconlabs/simplicitystudio/v5/developer/toolchains/gnu_arm/12.2.rel1_2023.7/bin/../lib/gcc/arm-none-eabi/12.2.1/thumb/v7e-m+fp/softfp/crtn.o

.text           0x00000000     0xa5fc
                0x00000000                linker_vectors_begin = .
 *(.vectors)
 .vectors       0x00000000      0x158 ./gecko_sdk_4.4.3/platform/Device/SiliconLabs/EFM32GG11B/Source/startup_efm32gg11b.o
                0x00000000                __Vectors
                0x00000158                linker_vectors_end = .
                0x00000158                __Vectors_End = .
                0x00000158                __Vectors_Size = (__Vectors_End - __Vectors)
                0x00000158                linker_code_begin = .
 *(SORT_BY_ALIGNMENT(.text*))
 *fill*         0x00000158        0x8 
 .text          0x00000160        0x8 ./gecko_sdk_4.4.3/platform/service/udelay/src/sl_udelay_armv6m_gcc.o
                0x00000160                sli_delay_loop
 *fill*         0x00000168        0x8 
 .text.SVC_Handler
                0x00000170       0x24 ./gecko_sdk_4.4.3/util/third_party/freertos/kernel/portable/GCC/ARM_CM4F/port.o
                0x00000170                SVC_Handler
 *fill*         0x00000194        0xc 
 .text.PendSV_Handler
                0x000001a0       0x64 ./gecko_sdk_4.4.3/util/third_party/freertos/kernel/portable/GCC/ARM_CM4F/port.o
                0x000001a0                PendSV_Handler
 *fill*         0x00000204        0xc 
 .text          0x00000210       0xa0 e:/siliconlabs/simplicitystudio/v5/developer/toolchains/gnu_arm/12.2.rel1_2023.7/bin/../lib/gcc/arm-none-eabi/12.2.1/thumb/v7e-m+fp/softfp\libc_nano.a(libc_a-memchr.o)
                0x00000210                memchr
 .text.deregister_tm_clones
                0x000002b0       0x1c e:/siliconlabs/simplicitystudio/v5/developer/toolchains/gnu_arm/12.2.rel1_2023.7/bin/../lib/gcc/arm-none-eabi/12.2.1/thumb/v7e-m+fp/softfp/crtbegin.o
 .text.register_tm_clones
                0x000002cc       0x24 e:/siliconlabs/simplicitystudio/v5/developer/toolchains/gnu_arm/12.2.rel1_2023.7/bin/../lib/gcc/arm-none-eabi/12.2.1/thumb/v7e-m+fp/softfp/crtbegin.o
 .text.__do_global_dtors_aux
                0x000002f0       0x28 e:/siliconlabs/simplicitystudio/v5/developer/toolchains/gnu_arm/12.2.rel1_2023.7/bin/../lib/gcc/arm-none-eabi/12.2.1/thumb/v7e-m+fp/softfp/crtbegin.o
 .text.frame_dummy
                0x00000318       0x24 e:/siliconlabs/simplicitystudio/v5/developer/toolchains/gnu_arm/12.2.rel1_2023.7/bin/../lib/gcc/arm-none-eabi/12.2.1/thumb/v7e-m+fp/softfp/crtbegin.o
 .text          0x0000033c       0x7c e:/siliconlabs/simplicitystudio/v5/developer/toolchains/gnu_arm/12.2.rel1_2023.7/bin/../lib/gcc/arm-none-eabi/12.2.1/thumb/v7e-m+fp/softfp/crt0.o
                0x0000033c                _stack_init
                0x00000344                _start
                0x00000344                _mainCRTStartup
 .text.sl_device_init_clocks
                0x000003b8       0x58 ./autogen/sl_device_init_clocks.o
                0x000003b8                sl_device_init_clocks
 .text.sl_platform_init
                0x00000410       0x88 ./autogen/sl_event_handler.o
                0x00000410                sl_platform_init
 .text.sli_usbd_cdc_acm_acm0_init
                0x00000498       0x78 ./autogen/sl_usbd_class_cdc_acm_instances.o
                0x00000498                sli_usbd_cdc_acm_acm0_init
 .text.sli_usbd_vendor_winusb_init
                0x00000510       0xf8 ./autogen/sl_usbd_class_vendor_instances.o
                0x00000510                sli_usbd_vendor_winusb_init
 .text.sli_usbd_configuration_config0_init
                0x00000608       0x30 ./autogen/sl_usbd_configuration_instances.o
                0x00000608                sli_usbd_configuration_config0_init
 .text.sl_board_init
                0x00000638       0x18 ./gecko_sdk_4.4.3/hardware/board/src/sl_board_init.o
                0x00000638                sl_board_init
 .text.sl_board_preinit
                0x00000650        0xc ./gecko_sdk_4.4.3/hardware/board/src/sl_board_init.o
                0x00000650                sl_board_preinit
 .text.Reset_Handler
                0x0000065c       0x60 ./gecko_sdk_4.4.3/platform/Device/SiliconLabs/EFM32GG11B/Source/startup_efm32gg11b.o
                0x0000065c                Reset_Handler
 .text.SystemMaxCoreClockGet
                0x000006bc        0x8 ./gecko_sdk_4.4.3/platform/Device/SiliconLabs/EFM32GG11B/Source/system_efm32gg11b.o
                0x000006bc                SystemMaxCoreClockGet
 .text.SystemHFClockGet
                0x000006c4       0x74 ./gecko_sdk_4.4.3/platform/Device/SiliconLabs/EFM32GG11B/Source/system_efm32gg11b.o
                0x000006c4                SystemHFClockGet
 .text.SystemCoreClockGet
                0x00000738       0x24 ./gecko_sdk_4.4.3/platform/Device/SiliconLabs/EFM32GG11B/Source/system_efm32gg11b.o
                0x00000738                SystemCoreClockGet
 .text.SystemHFXOClockGet
                0x0000075c        0xc ./gecko_sdk_4.4.3/platform/Device/SiliconLabs/EFM32GG11B/Source/system_efm32gg11b.o
                0x0000075c                SystemHFXOClockGet
 .text.SystemHFXOClockSet
                0x00000768       0x20 ./gecko_sdk_4.4.3/platform/Device/SiliconLabs/EFM32GG11B/Source/system_efm32gg11b.o
                0x00000768                SystemHFXOClockSet
 .text.SystemInit
                0x00000788       0x1c ./gecko_sdk_4.4.3/platform/Device/SiliconLabs/EFM32GG11B/Source/system_efm32gg11b.o
                0x00000788                SystemInit
 .text.SystemLFXOClockGet
                0x000007a4        0xc ./gecko_sdk_4.4.3/platform/Device/SiliconLabs/EFM32GG11B/Source/system_efm32gg11b.o
                0x000007a4                SystemLFXOClockGet
 .text._sbrk    0x000007b0       0x20 ./gecko_sdk_4.4.3/platform/common/toolchain/src/sl_memory.o
                0x000007b0                _sbrk
 .text.setHfLeConfig
                0x000007d0       0x44 ./gecko_sdk_4.4.3/platform/emlib/src/em_cmu.o
 .text.flashWaitStateControl
                0x00000814       0x54 ./gecko_sdk_4.4.3/platform/emlib/src/em_cmu.o
 .text.EMU_VScaleWait
                0x00000868       0x1c ./gecko_sdk_4.4.3/platform/emlib/src/em_cmu.o
 .text.EMU_VScaleGet
                0x00000884       0x14 ./gecko_sdk_4.4.3/platform/emlib/src/em_cmu.o
 .text.syncReg  0x00000898       0x18 ./gecko_sdk_4.4.3/platform/emlib/src/em_cmu.o
 .text.CMU_PrescToLog2
                0x000008b0       0x54 ./gecko_sdk_4.4.3/platform/emlib/src/em_cmu.o
 .text.CMU_UpdateWaitStates
                0x00000904       0x7c ./gecko_sdk_4.4.3/platform/emlib/src/em_cmu.o
                0x00000904                CMU_UpdateWaitStates
 .text.CMU_ClockEnable
                0x00000980       0xec ./gecko_sdk_4.4.3/platform/emlib/src/em_cmu.o
                0x00000980                CMU_ClockEnable
 .text.CMU_ClockPrescGet
                0x00000a6c      0x198 ./gecko_sdk_4.4.3/platform/emlib/src/em_cmu.o
                0x00000a6c                CMU_ClockPrescGet
 .text.CMU_ClockPrescSet
                0x00000c04      0x458 ./gecko_sdk_4.4.3/platform/emlib/src/em_cmu.o
                0x00000c04                CMU_ClockPrescSet
 .text.hfperClkSafePrescaler
                0x0000105c       0x2c ./gecko_sdk_4.4.3/platform/emlib/src/em_cmu.o
 .text.hfperClkOptimizedPrescaler
                0x00001088       0x94 ./gecko_sdk_4.4.3/platform/emlib/src/em_cmu.o
 .text.CMU_ClockSelectGet
                0x0000111c      0x14c ./gecko_sdk_4.4.3/platform/emlib/src/em_cmu.o
                0x0000111c                CMU_ClockSelectGet
 .text.lfClkGet
                0x00001268       0xd0 ./gecko_sdk_4.4.3/platform/emlib/src/em_cmu.o
 .text.adcAsyncClkGet
                0x00001338       0x64 ./gecko_sdk_4.4.3/platform/emlib/src/em_cmu.o
 .text.CMU_ClockFreqGet
                0x0000139c      0x340 ./gecko_sdk_4.4.3/platform/emlib/src/em_cmu.o
                0x0000139c                CMU_ClockFreqGet
 .text.CMU_USHFRCOBandSet
                0x000016dc       0x88 ./gecko_sdk_4.4.3/platform/emlib/src/em_cmu.o
                0x000016dc                CMU_USHFRCOBandSet
 .text.CMU_LFXOPrecisionSet
                0x00001764        0xc ./gecko_sdk_4.4.3/platform/emlib/src/em_cmu.o
                0x00001764                CMU_LFXOPrecisionSet
 .text.CMU_HFXOPrecisionSet
                0x00001770        0xc ./gecko_sdk_4.4.3/platform/emlib/src/em_cmu.o
                0x00001770                CMU_HFXOPrecisionSet
 .text.CMU_OscillatorTuningWait
                0x0000177c       0x4c ./gecko_sdk_4.4.3/platform/emlib/src/em_cmu.o
                0x0000177c                CMU_OscillatorTuningWait
 .text.CMU_OscillatorEnable
                0x000017c8      0x128 ./gecko_sdk_4.4.3/platform/emlib/src/em_cmu.o
                0x000017c8                CMU_OscillatorEnable
 .text.sli_em_cmu_HFClockSelectHFXO
                0x000018f0       0x68 ./gecko_sdk_4.4.3/platform/emlib/src/em_cmu.o
                0x000018f0                sli_em_cmu_HFClockSelectHFXO
 .text.CMU_HFXOInit
                0x00001958       0xa0 ./gecko_sdk_4.4.3/platform/emlib/src/em_cmu.o
                0x00001958                CMU_HFXOInit
 .text.CMU_LFXOInit
                0x000019f8       0x58 ./gecko_sdk_4.4.3/platform/emlib/src/em_cmu.o
                0x000019f8                CMU_LFXOInit
 .text.EMU_LDOStatusGet
                0x00001a50       0x14 ./gecko_sdk_4.4.3/platform/emlib/src/em_emu.o
 .text.lpGetDevinfoVrefLowHigh
                0x00001a64       0x74 ./gecko_sdk_4.4.3/platform/emlib/src/em_emu.o
 .text.EMU_VScaleWait
                0x00001ad8       0x18 ./gecko_sdk_4.4.3/platform/emlib/src/em_emu.o
 .text.EMU_EM4Init
                0x00001af0       0x40 ./gecko_sdk_4.4.3/platform/emlib/src/em_emu.o
                0x00001af0                EMU_EM4Init
 .text.EMU_VScaleEM01
                0x00001b30       0x98 ./gecko_sdk_4.4.3/platform/emlib/src/em_emu.o
                0x00001b30                EMU_VScaleEM01
 .text.EMU_VScaleEM01ByClock
                0x00001bc8       0x4c ./gecko_sdk_4.4.3/platform/emlib/src/em_emu.o
                0x00001bc8                EMU_VScaleEM01ByClock
 .text.EMU_DCDCModeSet
                0x00001c14       0x68 ./gecko_sdk_4.4.3/platform/emlib/src/em_emu.o
                0x00001c14                EMU_DCDCModeSet
 .text.EMU_DCDCOutputVoltageSet
                0x00001c7c      0x1f0 ./gecko_sdk_4.4.3/platform/emlib/src/em_emu.o
                0x00001c7c                EMU_DCDCOutputVoltageSet
 .text.EMU_DCDCOptimizeSlice
                0x00001e6c       0xdc ./gecko_sdk_4.4.3/platform/emlib/src/em_emu.o
                0x00001e6c                EMU_DCDCOptimizeSlice
 .text.EMU_DCDCLnRcoBandSet
                0x00001f48       0x44 ./gecko_sdk_4.4.3/platform/emlib/src/em_emu.o
                0x00001f48                EMU_DCDCLnRcoBandSet
 .text.EMU_DCDCInit
                0x00001f8c      0x170 ./gecko_sdk_4.4.3/platform/emlib/src/em_emu.o
                0x00001f8c                EMU_DCDCInit
 .text.sl_device_init_dcdc
                0x000020fc       0x2c ./gecko_sdk_4.4.3/platform/service/device_init/src/sl_device_init_dcdc_s1.o
                0x000020fc                sl_device_init_dcdc
 .text.sl_device_init_hfxo
                0x00002128       0x60 ./gecko_sdk_4.4.3/platform/service/device_init/src/sl_device_init_hfxo_s1.o
                0x00002128                sl_device_init_hfxo
 .text.sl_device_init_lfxo
                0x00002188       0x28 ./gecko_sdk_4.4.3/platform/service/device_init/src/sl_device_init_lfxo_s1.o
                0x00002188                sl_device_init_lfxo
 .text.sl_device_init_nvic
                0x000021b0       0x3c ./gecko_sdk_4.4.3/platform/service/device_init/src/sl_device_init_nvic.o
                0x000021b0                sl_device_init_nvic
 .text.sl_udelay_wait
                0x000021ec       0x54 ./gecko_sdk_4.4.3/platform/service/udelay/src/sl_udelay.o
                0x000021ec                sl_udelay_wait
 .text.sl_usbd_cdc_init
                0x00002240       0x98 ./gecko_sdk_4.4.3/protocol/usb/src/sl_usbd_class_cdc.o
                0x00002240                sl_usbd_cdc_init
 .text.sl_usbd_cdc_create_instance
                0x000022d8       0x84 ./gecko_sdk_4.4.3/protocol/usb/src/sl_usbd_class_cdc.o
                0x000022d8                sl_usbd_cdc_create_instance
 .text.sl_usbd_cdc_add_to_configuration
                0x0000235c      0x208 ./gecko_sdk_4.4.3/protocol/usb/src/sl_usbd_class_cdc.o
                0x0000235c                sl_usbd_cdc_add_to_configuration
 .text.sl_usbd_cdc_add_data_interface
                0x00002564       0xa0 ./gecko_sdk_4.4.3/protocol/usb/src/sl_usbd_class_cdc.o
                0x00002564                sl_usbd_cdc_add_data_interface
 .text.sl_usbd_cdc_notify_host
                0x00002604       0xa8 ./gecko_sdk_4.4.3/protocol/usb/src/sl_usbd_class_cdc.o
                0x00002604                sl_usbd_cdc_notify_host
 .text.sl_usbd_cdc_acm_init
                0x000026ac       0x60 ./gecko_sdk_4.4.3/protocol/usb/src/sl_usbd_class_cdc_acm.o
                0x000026ac                sl_usbd_cdc_acm_init
 .text.sl_usbd_cdc_acm_create_instance
                0x0000270c       0x98 ./gecko_sdk_4.4.3/protocol/usb/src/sl_usbd_class_cdc_acm.o
                0x0000270c                sl_usbd_cdc_acm_create_instance
 .text.sl_usbd_cdc_acm_add_to_configuration
                0x000027a4       0x28 ./gecko_sdk_4.4.3/protocol/usb/src/sl_usbd_class_cdc_acm.o
                0x000027a4                sl_usbd_cdc_acm_add_to_configuration
 .text.usbd_vendor_get_microsoft_ext_property_table
                0x000027cc       0x34 ./gecko_sdk_4.4.3/protocol/usb/src/sl_usbd_class_vendor.o
 .text.sl_usbd_vendor_init
                0x00002800       0xa4 ./gecko_sdk_4.4.3/protocol/usb/src/sl_usbd_class_vendor.o
                0x00002800                sl_usbd_vendor_init
 .text.sl_usbd_vendor_create_instance
                0x000028a4       0x64 ./gecko_sdk_4.4.3/protocol/usb/src/sl_usbd_class_vendor.o
                0x000028a4                sl_usbd_vendor_create_instance
 .text.sl_usbd_vendor_add_to_configuration
                0x00002908      0x158 ./gecko_sdk_4.4.3/protocol/usb/src/sl_usbd_class_vendor.o
                0x00002908                sl_usbd_vendor_add_to_configuration
 .text.sl_usbd_vendor_add_microsoft_ext_property
                0x00002a60       0x68 ./gecko_sdk_4.4.3/protocol/usb/src/sl_usbd_class_vendor.o
                0x00002a60                sl_usbd_vendor_add_microsoft_ext_property
 .text.usbd_core_write_to_descriptor_buf
                0x00002ac8       0xa0 ./gecko_sdk_4.4.3/protocol/usb/src/sl_usbd_core.o
 .text.usbd_core_add_string
                0x00002b68       0x60 ./gecko_sdk_4.4.3/protocol/usb/src/sl_usbd_core.o
 .text.usbd_core_stop_descriptor_write
                0x00002bc8       0x48 ./gecko_sdk_4.4.3/protocol/usb/src/sl_usbd_core.o
 .text.usbd_core_send_string_descriptor
                0x00002c10       0xd0 ./gecko_sdk_4.4.3/protocol/usb/src/sl_usbd_core.o
 .text.usbd_core_add_endpoint
                0x00002ce0      0x16c ./gecko_sdk_4.4.3/protocol/usb/src/sl_usbd_core.o
 .text.sl_usbd_core_init
                0x00002e4c      0x280 ./gecko_sdk_4.4.3/protocol/usb/src/sl_usbd_core.o
                0x00002e4c                sl_usbd_core_init
 .text.sl_usbd_core_start_device
                0x000030cc       0x3c ./gecko_sdk_4.4.3/protocol/usb/src/sl_usbd_core.o
                0x000030cc                sl_usbd_core_start_device
 .text.sl_usbd_core_stop_device
                0x00003108       0x30 ./gecko_sdk_4.4.3/protocol/usb/src/sl_usbd_core.o
                0x00003108                sl_usbd_core_stop_device
 .text.sl_usbd_core_add_configuration
                0x00003138       0xc4 ./gecko_sdk_4.4.3/protocol/usb/src/sl_usbd_core.o
                0x00003138                sl_usbd_core_add_configuration
 .text.sl_usbd_core_get_device_state
                0x000031fc       0x18 ./gecko_sdk_4.4.3/protocol/usb/src/sl_usbd_core.o
                0x000031fc                sl_usbd_core_get_device_state
 .text.sl_usbd_core_add_interface
                0x00003214      0x164 ./gecko_sdk_4.4.3/protocol/usb/src/sl_usbd_core.o
                0x00003214                sl_usbd_core_add_interface
 .text.sl_usbd_core_add_interface_group
                0x00003378      0x13c ./gecko_sdk_4.4.3/protocol/usb/src/sl_usbd_core.o
                0x00003378                sl_usbd_core_add_interface_group
 .text.sl_usbd_core_write_08b_to_descriptor_buf
                0x000034b4       0x24 ./gecko_sdk_4.4.3/protocol/usb/src/sl_usbd_core.o
                0x000034b4                sl_usbd_core_write_08b_to_descriptor_buf
 .text.sl_usbd_core_write_16b_to_descriptor_buf
                0x000034d8       0x24 ./gecko_sdk_4.4.3/protocol/usb/src/sl_usbd_core.o
                0x000034d8                sl_usbd_core_write_16b_to_descriptor_buf
 .text.sl_usbd_core_write_32b_to_descriptor_buf
                0x000034fc       0x24 ./gecko_sdk_4.4.3/protocol/usb/src/sl_usbd_core.o
                0x000034fc                sl_usbd_core_write_32b_to_descriptor_buf
 .text.sl_usbd_core_write_buf_to_descriptor_buf
                0x00003520       0x24 ./gecko_sdk_4.4.3/protocol/usb/src/sl_usbd_core.o
                0x00003520                sl_usbd_core_write_buf_to_descriptor_buf
 .text.sl_usbd_core_add_bulk_endpoint
                0x00003544       0x50 ./gecko_sdk_4.4.3/protocol/usb/src/sl_usbd_core.o
                0x00003544                sl_usbd_core_add_bulk_endpoint
 .text.sli_usbd_core_setup_event
                0x00003594       0x3c ./gecko_sdk_4.4.3/protocol/usb/src/sl_usbd_core.o
                0x00003594                sli_usbd_core_setup_event
 .text.sli_usbd_core_task_handler
                0x000035d0      0x880 ./gecko_sdk_4.4.3/protocol/usb/src/sl_usbd_core.o
                0x000035d0                sli_usbd_core_task_handler
 .text.usbd_core_get_urb
                0x00003e50       0x40 ./gecko_sdk_4.4.3/protocol/usb/src/sl_usbd_core_ep.o
 .text.usbd_core_free_urb.constprop.0
                0x00003e90       0x28 ./gecko_sdk_4.4.3/protocol/usb/src/sl_usbd_core_ep.o
 .text.sl_usbd_core_write_interrupt_async
                0x00003eb8       0xa0 ./gecko_sdk_4.4.3/protocol/usb/src/sl_usbd_core_ep.o
                0x00003eb8                sl_usbd_core_write_interrupt_async
 .text.sl_usbd_core_read_control_sync
                0x00003f58       0x90 ./gecko_sdk_4.4.3/protocol/usb/src/sl_usbd_core_ep.o
                0x00003f58                sl_usbd_core_read_control_sync
 .text.sl_usbd_core_write_control_sync
                0x00003fe8       0x9c ./gecko_sdk_4.4.3/protocol/usb/src/sl_usbd_core_ep.o
                0x00003fe8                sl_usbd_core_write_control_sync
 .text.sli_usbd_core_stall_control_endpoint
                0x00004084       0x74 ./gecko_sdk_4.4.3/protocol/usb/src/sl_usbd_core_ep.o
                0x00004084                sli_usbd_core_stall_control_endpoint
 .text.sli_usbd_core_init_endpoint
                0x000040f8       0xa4 ./gecko_sdk_4.4.3/protocol/usb/src/sl_usbd_core_ep.o
                0x000040f8                sli_usbd_core_init_endpoint
 .text.sl_usbd_core_endpoint_transfer_async
                0x0000419c       0xfc ./gecko_sdk_4.4.3/protocol/usb/src/sl_usbd_core_ep.o
                0x0000419c                sl_usbd_core_endpoint_transfer_async
 .text.sli_usbd_core_open_endpoint
                0x00004298      0x110 ./gecko_sdk_4.4.3/protocol/usb/src/sl_usbd_core_ep.o
                0x00004298                sli_usbd_core_open_endpoint
 .text.sli_usbd_core_close_endpoint
                0x000043a8       0xc0 ./gecko_sdk_4.4.3/protocol/usb/src/sl_usbd_core_ep.o
                0x000043a8                sli_usbd_core_close_endpoint
 .text.sl_usbd_core_stall_endpoint
                0x00004468       0x8c ./gecko_sdk_4.4.3/protocol/usb/src/sl_usbd_core_ep.o
                0x00004468                sl_usbd_core_stall_endpoint
 .text.sl_usbd_core_is_endpoint_stalled
                0x000044f4       0x30 ./gecko_sdk_4.4.3/protocol/usb/src/sl_usbd_core_ep.o
                0x000044f4                sl_usbd_core_is_endpoint_stalled
 .text.sl_usbd_core_endpoint_read_complete
                0x00004524       0x44 ./gecko_sdk_4.4.3/protocol/usb/src/sl_usbd_core_ep.o
                0x00004524                sl_usbd_core_endpoint_read_complete
 .text.sl_usbd_core_endpoint_write_complete
                0x00004568       0x3c ./gecko_sdk_4.4.3/protocol/usb/src/sl_usbd_core_ep.o
                0x00004568                sl_usbd_core_endpoint_write_complete
 .text.sl_usbd_core_endpoint_write_zlp
                0x000045a4       0xc4 ./gecko_sdk_4.4.3/protocol/usb/src/sl_usbd_core_ep.o
                0x000045a4                sl_usbd_core_endpoint_write_zlp
 .text.sl_usbd_core_endpoint_read_zlp
                0x00004668       0xdc ./gecko_sdk_4.4.3/protocol/usb/src/sl_usbd_core_ep.o
                0x00004668                sl_usbd_core_endpoint_read_zlp
 .text.sli_usbd_core_os_create_task
                0x00004744       0x38 ./gecko_sdk_4.4.3/protocol/usb/src/sl_usbd_core_os.o
                0x00004744                sli_usbd_core_os_create_task
 .text.sli_usbd_core_os_create_endpoint_signal
                0x0000477c       0x44 ./gecko_sdk_4.4.3/protocol/usb/src/sl_usbd_core_os.o
                0x0000477c                sli_usbd_core_os_create_endpoint_signal
 .text.sli_usbd_core_os_delete_endpoint_signal
                0x000047c0       0x24 ./gecko_sdk_4.4.3/protocol/usb/src/sl_usbd_core_os.o
                0x000047c0                sli_usbd_core_os_delete_endpoint_signal
 .text.sli_usbd_core_os_pend_endpoint_signal
                0x000047e4       0x48 ./gecko_sdk_4.4.3/protocol/usb/src/sl_usbd_core_os.o
                0x000047e4                sli_usbd_core_os_pend_endpoint_signal
 .text.sli_usbd_core_os_abort_endpoint_signal
                0x0000482c       0x20 ./gecko_sdk_4.4.3/protocol/usb/src/sl_usbd_core_os.o
                0x0000482c                sli_usbd_core_os_abort_endpoint_signal
 .text.sli_usbd_core_os_create_endpoint_lock
                0x0000484c       0x40 ./gecko_sdk_4.4.3/protocol/usb/src/sl_usbd_core_os.o
                0x0000484c                sli_usbd_core_os_create_endpoint_lock
 .text.sli_usbd_core_os_delete_endpoint_lock
                0x0000488c       0x24 ./gecko_sdk_4.4.3/protocol/usb/src/sl_usbd_core_os.o
                0x0000488c                sli_usbd_core_os_delete_endpoint_lock
 .text.sli_usbd_core_os_acquire_endpoint_lock
                0x000048b0       0x24 ./gecko_sdk_4.4.3/protocol/usb/src/sl_usbd_core_os.o
                0x000048b0                sli_usbd_core_os_acquire_endpoint_lock
 .text.sli_usbd_core_os_release_endpoint_lock
                0x000048d4       0x20 ./gecko_sdk_4.4.3/protocol/usb/src/sl_usbd_core_os.o
                0x000048d4                sli_usbd_core_os_release_endpoint_lock
 .text.sli_usbd_core_os_get_core_event
                0x000048f4       0x24 ./gecko_sdk_4.4.3/protocol/usb/src/sl_usbd_core_os.o
                0x000048f4                sli_usbd_core_os_get_core_event
 .text.sli_usbd_core_os_put_core_event
                0x00004918       0x1c ./gecko_sdk_4.4.3/protocol/usb/src/sl_usbd_core_os.o
                0x00004918                sli_usbd_core_os_put_core_event
 .text.sli_usbd_driver_init
                0x00004934      0x1e4 ./gecko_sdk_4.4.3/protocol/usb/src/sl_usbd_driver_dwc_otg_fs.o
                0x00004934                sli_usbd_driver_init
 .text.sli_usbd_driver_get_endpoint_info
                0x00004b18       0x14 ./gecko_sdk_4.4.3/protocol/usb/src/sl_usbd_driver_dwc_otg_fs.o
                0x00004b18                sli_usbd_driver_get_endpoint_info
 .text.sli_usbd_driver_start
                0x00004b2c       0xa8 ./gecko_sdk_4.4.3/protocol/usb/src/sl_usbd_driver_dwc_otg_fs.o
                0x00004b2c                sli_usbd_driver_start
 .text.sli_usbd_driver_stop
                0x00004bd4       0xc0 ./gecko_sdk_4.4.3/protocol/usb/src/sl_usbd_driver_dwc_otg_fs.o
                0x00004bd4                sli_usbd_driver_stop
 .text.sli_usbd_driver_set_address
                0x00004c94       0x24 ./gecko_sdk_4.4.3/protocol/usb/src/sl_usbd_driver_dwc_otg_fs.o
                0x00004c94                sli_usbd_driver_set_address
 .text.sli_usbd_driver_open_endpoint
                0x00004cb8       0xc8 ./gecko_sdk_4.4.3/protocol/usb/src/sl_usbd_driver_dwc_otg_fs.o
                0x00004cb8                sli_usbd_driver_open_endpoint
 .text.sli_usbd_driver_close_endpoint
                0x00004d80       0x68 ./gecko_sdk_4.4.3/protocol/usb/src/sl_usbd_driver_dwc_otg_fs.o
                0x00004d80                sli_usbd_driver_close_endpoint
 .text.sli_usbd_driver_endpoint_rx_start
                0x00004de8       0xec ./gecko_sdk_4.4.3/protocol/usb/src/sl_usbd_driver_dwc_otg_fs.o
                0x00004de8                sli_usbd_driver_endpoint_rx_start
 .text.sli_usbd_driver_endpoint_rx
                0x00004ed4       0x2c ./gecko_sdk_4.4.3/protocol/usb/src/sl_usbd_driver_dwc_otg_fs.o
                0x00004ed4                sli_usbd_driver_endpoint_rx
 .text.sli_usbd_driver_endpoint_tx
                0x00004f00       0x68 ./gecko_sdk_4.4.3/protocol/usb/src/sl_usbd_driver_dwc_otg_fs.o
                0x00004f00                sli_usbd_driver_endpoint_tx
 .text.sli_usbd_driver_endpoint_tx_start
                0x00004f68       0xb4 ./gecko_sdk_4.4.3/protocol/usb/src/sl_usbd_driver_dwc_otg_fs.o
                0x00004f68                sli_usbd_driver_endpoint_tx_start
 .text.sli_usbd_driver_abort_endpoint
                0x0000501c       0xa8 ./gecko_sdk_4.4.3/protocol/usb/src/sl_usbd_driver_dwc_otg_fs.o
                0x0000501c                sli_usbd_driver_abort_endpoint
 .text.sli_usbd_driver_stall_endpoint
                0x000050c4       0x90 ./gecko_sdk_4.4.3/protocol/usb/src/sl_usbd_driver_dwc_otg_fs.o
                0x000050c4                sli_usbd_driver_stall_endpoint
 .text.sli_usbd_driver_irq_handler
                0x00005154      0x3a4 ./gecko_sdk_4.4.3/protocol/usb/src/sl_usbd_driver_dwc_otg_fs.o
                0x00005154                sli_usbd_driver_irq_handler
 .text.USB_IRQHandler
                0x000054f8       0x40 ./gecko_sdk_4.4.3/protocol/usb/src/sl_usbd_driver_dwc_otg_fs.o
                0x000054f8                USB_IRQHandler
 .text.osKernelInitialize
                0x00005538       0x34 ./gecko_sdk_4.4.3/util/third_party/freertos/cmsis/Source/cmsis_os2.o
                0x00005538                osKernelInitialize
 .text.osKernelStart
                0x0000556c       0x48 ./gecko_sdk_4.4.3/util/third_party/freertos/cmsis/Source/cmsis_os2.o
                0x0000556c                osKernelStart
 .text.osThreadNew
                0x000055b4       0xa4 ./gecko_sdk_4.4.3/util/third_party/freertos/cmsis/Source/cmsis_os2.o
                0x000055b4                osThreadNew
 .text.osMutexNew
                0x00005658       0x94 ./gecko_sdk_4.4.3/util/third_party/freertos/cmsis/Source/cmsis_os2.o
                0x00005658                osMutexNew
 .text.osMutexAcquire
                0x000056ec       0x60 ./gecko_sdk_4.4.3/util/third_party/freertos/cmsis/Source/cmsis_os2.o
                0x000056ec                osMutexAcquire
 .text.osMutexRelease
                0x0000574c       0x58 ./gecko_sdk_4.4.3/util/third_party/freertos/cmsis/Source/cmsis_os2.o
                0x0000574c                osMutexRelease
 .text.osMutexDelete
                0x000057a4       0x48 ./gecko_sdk_4.4.3/util/third_party/freertos/cmsis/Source/cmsis_os2.o
                0x000057a4                osMutexDelete
 .text.osSemaphoreNew
                0x000057ec       0xb0 ./gecko_sdk_4.4.3/util/third_party/freertos/cmsis/Source/cmsis_os2.o
                0x000057ec                osSemaphoreNew
 .text.osSemaphoreAcquire
                0x0000589c       0x74 ./gecko_sdk_4.4.3/util/third_party/freertos/cmsis/Source/cmsis_os2.o
                0x0000589c                osSemaphoreAcquire
 .text.osSemaphoreRelease
                0x00005910       0x6c ./gecko_sdk_4.4.3/util/third_party/freertos/cmsis/Source/cmsis_os2.o
                0x00005910                osSemaphoreRelease
 .text.osSemaphoreDelete
                0x0000597c       0x40 ./gecko_sdk_4.4.3/util/third_party/freertos/cmsis/Source/cmsis_os2.o
                0x0000597c                osSemaphoreDelete
 .text.osMessageQueueNew
                0x000059bc       0x8c ./gecko_sdk_4.4.3/util/third_party/freertos/cmsis/Source/cmsis_os2.o
                0x000059bc                osMessageQueueNew
 .text.osMessageQueuePut
                0x00005a48       0x7c ./gecko_sdk_4.4.3/util/third_party/freertos/cmsis/Source/cmsis_os2.o
                0x00005a48                osMessageQueuePut
 .text.osMessageQueueGet
                0x00005ac4       0x78 ./gecko_sdk_4.4.3/util/third_party/freertos/cmsis/Source/cmsis_os2.o
                0x00005ac4                osMessageQueueGet
 .text.vApplicationStackOverflowHook
                0x00005b3c       0x10 ./gecko_sdk_4.4.3/util/third_party/freertos/cmsis/Source/cmsis_os2.o
                0x00005b3c                vApplicationStackOverflowHook
 .text.vApplicationGetIdleTaskMemory
                0x00005b4c       0x18 ./gecko_sdk_4.4.3/util/third_party/freertos/cmsis/Source/cmsis_os2.o
                0x00005b4c                vApplicationGetIdleTaskMemory
 .text.vApplicationGetTimerTaskMemory
                0x00005b64       0x18 ./gecko_sdk_4.4.3/util/third_party/freertos/cmsis/Source/cmsis_os2.o
                0x00005b64                vApplicationGetTimerTaskMemory
 .text.xQueueGenericReset
                0x00005b7c       0x7c ./gecko_sdk_4.4.3/util/third_party/freertos/kernel/queue.o
                0x00005b7c                xQueueGenericReset
 .text.xQueueGenericCreateStatic
                0x00005bf8       0x7c ./gecko_sdk_4.4.3/util/third_party/freertos/kernel/queue.o
                0x00005bf8                xQueueGenericCreateStatic
 .text.xQueueGenericCreate
                0x00005c74       0x78 ./gecko_sdk_4.4.3/util/third_party/freertos/kernel/queue.o
                0x00005c74                xQueueGenericCreate
 .text.xQueueCreateCountingSemaphoreStatic
                0x00005cec       0x40 ./gecko_sdk_4.4.3/util/third_party/freertos/kernel/queue.o
                0x00005cec                xQueueCreateCountingSemaphoreStatic
 .text.xQueueCreateCountingSemaphore
                0x00005d2c       0x34 ./gecko_sdk_4.4.3/util/third_party/freertos/kernel/queue.o
                0x00005d2c                xQueueCreateCountingSemaphore
 .text.xQueueGenericSend
                0x00005d60      0x15c ./gecko_sdk_4.4.3/util/third_party/freertos/kernel/queue.o
                0x00005d60                xQueueGenericSend
 .text.xQueueGiveMutexRecursive
                0x00005ebc       0x3c ./gecko_sdk_4.4.3/util/third_party/freertos/kernel/queue.o
                0x00005ebc                xQueueGiveMutexRecursive
 .text.xQueueGenericSendFromISR
                0x00005ef8       0xb8 ./gecko_sdk_4.4.3/util/third_party/freertos/kernel/queue.o
                0x00005ef8                xQueueGenericSendFromISR
 .text.xQueueGiveFromISR
                0x00005fb0       0x9c ./gecko_sdk_4.4.3/util/third_party/freertos/kernel/queue.o
                0x00005fb0                xQueueGiveFromISR
 .text.xQueueReceive
                0x0000604c      0x12c ./gecko_sdk_4.4.3/util/third_party/freertos/kernel/queue.o
                0x0000604c                xQueueReceive
 .text.xQueueSemaphoreTake
                0x00006178      0x15c ./gecko_sdk_4.4.3/util/third_party/freertos/kernel/queue.o
                0x00006178                xQueueSemaphoreTake
 .text.xQueueTakeMutexRecursive
                0x000062d4       0x40 ./gecko_sdk_4.4.3/util/third_party/freertos/kernel/queue.o
                0x000062d4                xQueueTakeMutexRecursive
 .text.xQueueReceiveFromISR
                0x00006314       0xa0 ./gecko_sdk_4.4.3/util/third_party/freertos/kernel/queue.o
                0x00006314                xQueueReceiveFromISR
 .text.vQueueAddToRegistry
                0x000063b4       0x24 ./gecko_sdk_4.4.3/util/third_party/freertos/kernel/queue.o
                0x000063b4                vQueueAddToRegistry
 .text.vQueueUnregisterQueue
                0x000063d8       0x30 ./gecko_sdk_4.4.3/util/third_party/freertos/kernel/queue.o
                0x000063d8                vQueueUnregisterQueue
 .text.vQueueDelete
                0x00006408       0x2c ./gecko_sdk_4.4.3/util/third_party/freertos/kernel/queue.o
                0x00006408                vQueueDelete
 .text.prvAddNewTaskToReadyList
                0x00006434      0x100 ./gecko_sdk_4.4.3/util/third_party/freertos/kernel/tasks.o
 .text.prvAddCurrentTaskToDelayedList
                0x00006534       0x70 ./gecko_sdk_4.4.3/util/third_party/freertos/kernel/tasks.o
 .text.prvResetNextTaskUnblockTime
                0x000065a4       0x24 ./gecko_sdk_4.4.3/util/third_party/freertos/kernel/tasks.o
 .text.prvDeleteTCB
                0x000065c8       0x38 ./gecko_sdk_4.4.3/util/third_party/freertos/kernel/tasks.o
 .text.prvIdleTask
                0x00006600       0x60 ./gecko_sdk_4.4.3/util/third_party/freertos/kernel/tasks.o
 .text.xTaskCreateStatic
                0x00006660       0x9c ./gecko_sdk_4.4.3/util/third_party/freertos/kernel/tasks.o
                0x00006660                xTaskCreateStatic
 .text.vTaskStartScheduler
                0x000066fc       0x8c ./gecko_sdk_4.4.3/util/third_party/freertos/kernel/tasks.o
                0x000066fc                vTaskStartScheduler
 .text.vTaskSuspendAll
                0x00006788       0x10 ./gecko_sdk_4.4.3/util/third_party/freertos/kernel/tasks.o
                0x00006788                vTaskSuspendAll
 .text.xTaskGetTickCount
                0x00006798        0xc ./gecko_sdk_4.4.3/util/third_party/freertos/kernel/tasks.o
                0x00006798                xTaskGetTickCount
 .text.xTaskIncrementTick
                0x000067a4      0x128 ./gecko_sdk_4.4.3/util/third_party/freertos/kernel/tasks.o
                0x000067a4                xTaskIncrementTick
 .text.xTaskResumeAll
                0x000068cc       0xe4 ./gecko_sdk_4.4.3/util/third_party/freertos/kernel/tasks.o
                0x000068cc                xTaskResumeAll
 .text.vTaskSwitchContext
                0x000069b0       0xa4 ./gecko_sdk_4.4.3/util/third_party/freertos/kernel/tasks.o
                0x000069b0                vTaskSwitchContext
 .text.vTaskPlaceOnEventList
                0x00006a54       0x34 ./gecko_sdk_4.4.3/util/third_party/freertos/kernel/tasks.o
                0x00006a54                vTaskPlaceOnEventList
 .text.vTaskPlaceOnEventListRestricted
                0x00006a88       0x3c ./gecko_sdk_4.4.3/util/third_party/freertos/kernel/tasks.o
                0x00006a88                vTaskPlaceOnEventListRestricted
 .text.xTaskRemoveFromEventList
                0x00006ac4       0x7c ./gecko_sdk_4.4.3/util/third_party/freertos/kernel/tasks.o
                0x00006ac4                xTaskRemoveFromEventList
 .text.vTaskInternalSetTimeOutState
                0x00006b40       0x18 ./gecko_sdk_4.4.3/util/third_party/freertos/kernel/tasks.o
                0x00006b40                vTaskInternalSetTimeOutState
 .text.xTaskCheckForTimeOut
                0x00006b58       0x6c ./gecko_sdk_4.4.3/util/third_party/freertos/kernel/tasks.o
                0x00006b58                xTaskCheckForTimeOut
 .text.vTaskMissedYield
                0x00006bc4        0xc ./gecko_sdk_4.4.3/util/third_party/freertos/kernel/tasks.o
                0x00006bc4                vTaskMissedYield
 .text.xTaskGetCurrentTaskHandle
                0x00006bd0        0xc ./gecko_sdk_4.4.3/util/third_party/freertos/kernel/tasks.o
                0x00006bd0                xTaskGetCurrentTaskHandle
 .text.xTaskGetSchedulerState
                0x00006bdc       0x20 ./gecko_sdk_4.4.3/util/third_party/freertos/kernel/tasks.o
                0x00006bdc                xTaskGetSchedulerState
 .text.xTaskPriorityInherit
                0x00006bfc       0x7c ./gecko_sdk_4.4.3/util/third_party/freertos/kernel/tasks.o
                0x00006bfc                xTaskPriorityInherit
 .text.xTaskPriorityDisinherit
                0x00006c78       0x7c ./gecko_sdk_4.4.3/util/third_party/freertos/kernel/tasks.o
                0x00006c78                xTaskPriorityDisinherit
 .text.vTaskPriorityDisinheritAfterTimeout
                0x00006cf4       0x94 ./gecko_sdk_4.4.3/util/third_party/freertos/kernel/tasks.o
                0x00006cf4                vTaskPriorityDisinheritAfterTimeout
 .text.pvTaskIncrementMutexHeldCount
                0x00006d88       0x18 ./gecko_sdk_4.4.3/util/third_party/freertos/kernel/tasks.o
                0x00006d88                pvTaskIncrementMutexHeldCount
 .text.prvInsertTimerInActiveList
                0x00006da0       0x3c ./gecko_sdk_4.4.3/util/third_party/freertos/kernel/timers.o
 .text.prvCheckForValidListAndQueue
                0x00006ddc       0x68 ./gecko_sdk_4.4.3/util/third_party/freertos/kernel/timers.o
 .text.xTimerCreateTimerTask
                0x00006e44       0x64 ./gecko_sdk_4.4.3/util/third_party/freertos/kernel/timers.o
                0x00006e44                xTimerCreateTimerTask
 .text.xTimerGenericCommand
                0x00006ea8       0x5c ./gecko_sdk_4.4.3/util/third_party/freertos/kernel/timers.o
                0x00006ea8                xTimerGenericCommand
 .text.prvSampleTimeNow
                0x00006f04       0xa0 ./gecko_sdk_4.4.3/util/third_party/freertos/kernel/timers.o
 .text.prvTimerTask
                0x00006fa4      0x1cc ./gecko_sdk_4.4.3/util/third_party/freertos/kernel/timers.o
 .text.prvPortStartFirstTask
                0x00007170       0x28 ./gecko_sdk_4.4.3/util/third_party/freertos/kernel/portable/GCC/ARM_CM4F/port.o
 .text.vPortEnableVFP
                0x00007198       0x14 ./gecko_sdk_4.4.3/util/third_party/freertos/kernel/portable/GCC/ARM_CM4F/port.o
 .text.prvTaskExitError
                0x000071ac       0x3c ./gecko_sdk_4.4.3/util/third_party/freertos/kernel/portable/GCC/ARM_CM4F/port.o
 .text.pxPortInitialiseStack
                0x000071e8       0x2c ./gecko_sdk_4.4.3/util/third_party/freertos/kernel/portable/GCC/ARM_CM4F/port.o
                0x000071e8                pxPortInitialiseStack
 .text.vPortEnterCritical
                0x00007214       0x3c ./gecko_sdk_4.4.3/util/third_party/freertos/kernel/portable/GCC/ARM_CM4F/port.o
                0x00007214                vPortEnterCritical
 .text.vPortExitCritical
                0x00007250       0x28 ./gecko_sdk_4.4.3/util/third_party/freertos/kernel/portable/GCC/ARM_CM4F/port.o
                0x00007250                vPortExitCritical
 .text.vPortSetupTimerInterrupt
                0x00007278       0x24 ./gecko_sdk_4.4.3/util/third_party/freertos/kernel/portable/GCC/ARM_CM4F/port.o
                0x00007278                vPortSetupTimerInterrupt
 .text.xPortStartScheduler
                0x0000729c       0xfc ./gecko_sdk_4.4.3/util/third_party/freertos/kernel/portable/GCC/ARM_CM4F/port.o
                0x0000729c                xPortStartScheduler
 .text.vPortValidateInterruptPriority
                0x00007398       0x54 ./gecko_sdk_4.4.3/util/third_party/freertos/kernel/portable/GCC/ARM_CM4F/port.o
                0x00007398                vPortValidateInterruptPriority
 .text.prvInsertBlockIntoFreeList
                0x000073ec       0x50 ./gecko_sdk_4.4.3/util/third_party/freertos/kernel/portable/MemMang/heap_4.o
 .text.pvPortMalloc
                0x0000743c      0x13c ./gecko_sdk_4.4.3/util/third_party/freertos/kernel/portable/MemMang/heap_4.o
                0x0000743c                pvPortMalloc
 .text.vPortFree
                0x00007578       0x80 ./gecko_sdk_4.4.3/util/third_party/freertos/kernel/portable/MemMang/heap_4.o
                0x00007578                vPortFree
 .text.exit     0x000075f8       0x24 e:/siliconlabs/simplicitystudio/v5/developer/toolchains/gnu_arm/12.2.rel1_2023.7/bin/../lib/gcc/arm-none-eabi/12.2.1/thumb/v7e-m+fp/softfp\libc_nano.a(libc_a-exit.o)
                0x000075f8                exit
 .text.malloc   0x0000761c       0x10 e:/siliconlabs/simplicitystudio/v5/developer/toolchains/gnu_arm/12.2.rel1_2023.7/bin/../lib/gcc/arm-none-eabi/12.2.1/thumb/v7e-m+fp/softfp\libc_nano.a(libc_a-malloc.o)
                0x0000761c                malloc
 .text.sbrk_aligned
                0x0000762c       0x44 e:/siliconlabs/simplicitystudio/v5/developer/toolchains/gnu_arm/12.2.rel1_2023.7/bin/../lib/gcc/arm-none-eabi/12.2.1/thumb/v7e-m+fp/softfp\libc_nano.a(libc_a-mallocr.o)
 .text._malloc_r
                0x00007670       0xf0 e:/siliconlabs/simplicitystudio/v5/developer/toolchains/gnu_arm/12.2.rel1_2023.7/bin/../lib/gcc/arm-none-eabi/12.2.1/thumb/v7e-m+fp/softfp\libc_nano.a(libc_a-mallocr.o)
                0x00007670                _malloc_r
 .text.__malloc_lock
                0x00007760        0xc e:/siliconlabs/simplicitystudio/v5/developer/toolchains/gnu_arm/12.2.rel1_2023.7/bin/../lib/gcc/arm-none-eabi/12.2.1/thumb/v7e-m+fp/softfp\libc_nano.a(libc_a-mlock.o)
                0x00007760                __malloc_lock
 .text.__malloc_unlock
                0x0000776c        0xc e:/siliconlabs/simplicitystudio/v5/developer/toolchains/gnu_arm/12.2.rel1_2023.7/bin/../lib/gcc/arm-none-eabi/12.2.1/thumb/v7e-m+fp/softfp\libc_nano.a(libc_a-mlock.o)
                0x0000776c                __malloc_unlock
 .text.std      0x00007778       0x6c e:/siliconlabs/simplicitystudio/v5/developer/toolchains/gnu_arm/12.2.rel1_2023.7/bin/../lib/gcc/arm-none-eabi/12.2.1/thumb/v7e-m+fp/softfp\libc_nano.a(libc_a-findfp.o)
 .text.stdio_exit_handler
                0x000077e4       0x18 e:/siliconlabs/simplicitystudio/v5/developer/toolchains/gnu_arm/12.2.rel1_2023.7/bin/../lib/gcc/arm-none-eabi/12.2.1/thumb/v7e-m+fp/softfp\libc_nano.a(libc_a-findfp.o)
 .text.cleanup_stdio
                0x000077fc       0x40 e:/siliconlabs/simplicitystudio/v5/developer/toolchains/gnu_arm/12.2.rel1_2023.7/bin/../lib/gcc/arm-none-eabi/12.2.1/thumb/v7e-m+fp/softfp\libc_nano.a(libc_a-findfp.o)
 .text.global_stdio_init.part.0
                0x0000783c       0x3c e:/siliconlabs/simplicitystudio/v5/developer/toolchains/gnu_arm/12.2.rel1_2023.7/bin/../lib/gcc/arm-none-eabi/12.2.1/thumb/v7e-m+fp/softfp\libc_nano.a(libc_a-findfp.o)
 .text.__sfp_lock_acquire
                0x00007878        0xc e:/siliconlabs/simplicitystudio/v5/developer/toolchains/gnu_arm/12.2.rel1_2023.7/bin/../lib/gcc/arm-none-eabi/12.2.1/thumb/v7e-m+fp/softfp\libc_nano.a(libc_a-findfp.o)
                0x00007878                __sfp_lock_acquire
 .text.__sfp_lock_release
                0x00007884        0xc e:/siliconlabs/simplicitystudio/v5/developer/toolchains/gnu_arm/12.2.rel1_2023.7/bin/../lib/gcc/arm-none-eabi/12.2.1/thumb/v7e-m+fp/softfp\libc_nano.a(libc_a-findfp.o)
                0x00007884                __sfp_lock_release
 .text.__sinit  0x00007890       0x30 e:/siliconlabs/simplicitystudio/v5/developer/toolchains/gnu_arm/12.2.rel1_2023.7/bin/../lib/gcc/arm-none-eabi/12.2.1/thumb/v7e-m+fp/softfp\libc_nano.a(libc_a-findfp.o)
                0x00007890                __sinit
 .text.strtok   0x000078c0       0x68 e:/siliconlabs/simplicitystudio/v5/developer/toolchains/gnu_arm/12.2.rel1_2023.7/bin/../lib/gcc/arm-none-eabi/12.2.1/thumb/v7e-m+fp/softfp\libc_nano.a(libc_a-strtok.o)
                0x000078c0                strtok
 .text._close_r
                0x00007928       0x20 e:/siliconlabs/simplicitystudio/v5/developer/toolchains/gnu_arm/12.2.rel1_2023.7/bin/../lib/gcc/arm-none-eabi/12.2.1/thumb/v7e-m+fp/softfp\libc_nano.a(libc_a-closer.o)
                0x00007928                _close_r
 .text._lseek_r
                0x00007948       0x24 e:/siliconlabs/simplicitystudio/v5/developer/toolchains/gnu_arm/12.2.rel1_2023.7/bin/../lib/gcc/arm-none-eabi/12.2.1/thumb/v7e-m+fp/softfp\libc_nano.a(libc_a-lseekr.o)
                0x00007948                _lseek_r
 .text._read_r  0x0000796c       0x24 e:/siliconlabs/simplicitystudio/v5/developer/toolchains/gnu_arm/12.2.rel1_2023.7/bin/../lib/gcc/arm-none-eabi/12.2.1/thumb/v7e-m+fp/softfp\libc_nano.a(libc_a-readr.o)
                0x0000796c                _read_r
 .text._sbrk_r  0x00007990       0x20 e:/siliconlabs/simplicitystudio/v5/developer/toolchains/gnu_arm/12.2.rel1_2023.7/bin/../lib/gcc/arm-none-eabi/12.2.1/thumb/v7e-m+fp/softfp\libc_nano.a(libc_a-sbrkr.o)
                0x00007990                _sbrk_r
 .text._write_r
                0x000079b0       0x24 e:/siliconlabs/simplicitystudio/v5/developer/toolchains/gnu_arm/12.2.rel1_2023.7/bin/../lib/gcc/arm-none-eabi/12.2.1/thumb/v7e-m+fp/softfp\libc_nano.a(libc_a-writer.o)
                0x000079b0                _write_r
 .text.__libc_init_array
                0x000079d4       0x48 e:/siliconlabs/simplicitystudio/v5/developer/toolchains/gnu_arm/12.2.rel1_2023.7/bin/../lib/gcc/arm-none-eabi/12.2.1/thumb/v7e-m+fp/softfp\libc_nano.a(libc_a-init.o)
                0x000079d4                __libc_init_array
 .text.__assert_func
                0x00007a1c       0x3c e:/siliconlabs/simplicitystudio/v5/developer/toolchains/gnu_arm/12.2.rel1_2023.7/bin/../lib/gcc/arm-none-eabi/12.2.1/thumb/v7e-m+fp/softfp\libc_nano.a(libc_a-assert.o)
                0x00007a1c                __assert_func
 .text._free_r  0x00007a58       0x94 e:/siliconlabs/simplicitystudio/v5/developer/toolchains/gnu_arm/12.2.rel1_2023.7/bin/../lib/gcc/arm-none-eabi/12.2.1/thumb/v7e-m+fp/softfp\libc_nano.a(libc_a-freer.o)
                0x00007a58                _free_r
 .text.fprintf  0x00007aec       0x24 e:/siliconlabs/simplicitystudio/v5/developer/toolchains/gnu_arm/12.2.rel1_2023.7/bin/../lib/gcc/arm-none-eabi/12.2.1/thumb/v7e-m+fp/softfp\libc_nano.a(libc_a-fprintf.o)
                0x00007aec                fiprintf
                0x00007aec                fprintf
 .text._vfprintf_r
                0x00007b10      0x230 e:/siliconlabs/simplicitystudio/v5/developer/toolchains/gnu_arm/12.2.rel1_2023.7/bin/../lib/gcc/arm-none-eabi/12.2.1/thumb/v7e-m+fp/softfp\libc_nano.a(libc_a-nano-vfprintf.o)
                0x00007b10                _vfprintf_r
                0x00007b10                _vfiprintf_r
 .text._printf_i
                0x00007d40      0x258 e:/siliconlabs/simplicitystudio/v5/developer/toolchains/gnu_arm/12.2.rel1_2023.7/bin/../lib/gcc/arm-none-eabi/12.2.1/thumb/v7e-m+fp/softfp\libc_nano.a(libc_a-nano-vfprintf_i.o)
                0x00007d40                _printf_i
 .text.__swsetup_r
                0x00007f98       0xac e:/siliconlabs/simplicitystudio/v5/developer/toolchains/gnu_arm/12.2.rel1_2023.7/bin/../lib/gcc/arm-none-eabi/12.2.1/thumb/v7e-m+fp/softfp\libc_nano.a(libc_a-wsetup.o)
                0x00007f98                __swsetup_r
 .text.raise    0x00008044       0x10 e:/siliconlabs/simplicitystudio/v5/developer/toolchains/gnu_arm/12.2.rel1_2023.7/bin/../lib/gcc/arm-none-eabi/12.2.1/thumb/v7e-m+fp/softfp\libc_nano.a(libc_a-signal.o)
                0x00008044                raise
 .text._kill_r  0x00008054       0x24 e:/siliconlabs/simplicitystudio/v5/developer/toolchains/gnu_arm/12.2.rel1_2023.7/bin/../lib/gcc/arm-none-eabi/12.2.1/thumb/v7e-m+fp/softfp\libc_nano.a(libc_a-signalr.o)
                0x00008054                _kill_r
 .text._fstat_r
                0x00008078       0x24 e:/siliconlabs/simplicitystudio/v5/developer/toolchains/gnu_arm/12.2.rel1_2023.7/bin/../lib/gcc/arm-none-eabi/12.2.1/thumb/v7e-m+fp/softfp\libc_nano.a(libc_a-fstatr.o)
                0x00008078                _fstat_r
 .text._isatty_r
                0x0000809c       0x20 e:/siliconlabs/simplicitystudio/v5/developer/toolchains/gnu_arm/12.2.rel1_2023.7/bin/../lib/gcc/arm-none-eabi/12.2.1/thumb/v7e-m+fp/softfp\libc_nano.a(libc_a-isattyr.o)
                0x0000809c                _isatty_r
 .text.app_init
                0x000080bc        0x4 ./app.o
                0x000080bc                app_init
 .text.startup.main
                0x000080c0       0x12 ./main.o
                0x000080c0                main
 .text.sl_usbd_on_bus_event
                0x000080d2        0x2 ./usb_composite_app.o
                0x000080d2                sl_usbd_on_bus_event
 .text.sl_usbd_on_config_event
                0x000080d4        0x2 ./usb_composite_app.o
                0x000080d4                sl_usbd_on_config_event
 .text.usb_device_composite_app_init
                0x000080d6        0x2 ./usb_composite_app.o
                0x000080d6                usb_device_composite_app_init
 .text.sl_board_default_init
                0x000080d8        0x2 ./autogen/sl_board_default_init.o
                0x000080d8                sl_board_default_init
 .text.sl_kernel_start
                0x000080da        0x4 ./autogen/sl_event_handler.o
                0x000080da                sl_kernel_start
 .text.sl_driver_init
                0x000080de        0x4 ./autogen/sl_event_handler.o
                0x000080de                sl_driver_init
 .text.sl_service_init
                0x000080e2        0x4 ./autogen/sl_event_handler.o
                0x000080e2                sl_service_init
 .text.sl_stack_init
                0x000080e6       0x12 ./autogen/sl_event_handler.o
                0x000080e6                sl_stack_init
 .text.sl_internal_app_init
                0x000080f8        0x2 ./autogen/sl_event_handler.o
                0x000080f8                sl_internal_app_init
 .text.sli_usbd_cdc_acm_acm0_enable
                0x000080fa        0x8 ./autogen/sl_usbd_class_cdc_acm_instances.o
                0x000080fa                sli_usbd_cdc_acm_acm0_enable
 .text.sli_usbd_cdc_acm_acm0_disable
                0x00008102        0x8 ./autogen/sl_usbd_class_cdc_acm_instances.o
                0x00008102                sli_usbd_cdc_acm_acm0_disable
 .text.sli_usbd_cdc_acm_acm0_line_control_changed
                0x0000810a        0x8 ./autogen/sl_usbd_class_cdc_acm_instances.o
                0x0000810a                sli_usbd_cdc_acm_acm0_line_control_changed
 .text.sli_usbd_cdc_acm_acm0_line_coding_changed
                0x00008112        0xa ./autogen/sl_usbd_class_cdc_acm_instances.o
                0x00008112                sli_usbd_cdc_acm_acm0_line_coding_changed
 .text.sli_usbd_vendor_winusb_enable
                0x0000811c        0x8 ./autogen/sl_usbd_class_vendor_instances.o
                0x0000811c                sli_usbd_vendor_winusb_enable
 .text.sli_usbd_vendor_winusb_disable
                0x00008124        0x8 ./autogen/sl_usbd_class_vendor_instances.o
                0x00008124                sli_usbd_vendor_winusb_disable
 .text.sli_usbd_vendor_winusb_setup_req
                0x0000812c        0xa ./autogen/sl_usbd_class_vendor_instances.o
                0x0000812c                sli_usbd_vendor_winusb_setup_req
 .text.sli_usbd_init
                0x00008136       0x16 ./autogen/sl_usbd_init.o
                0x00008136                sli_usbd_init
 .text.sl_board_configure_vcom
                0x0000814c        0x4 ./gecko_sdk_4.4.3/hardware/board/src/sl_board_control_gpio.o
                0x0000814c                sl_board_configure_vcom
 .text.Default_Handler
                0x00008150        0x2 ./gecko_sdk_4.4.3/platform/Device/SiliconLabs/EFM32GG11B/Source/startup_efm32gg11b.o
                0x00008150                TIMER2_IRQHandler
                0x00008150                DebugMon_Handler
                0x00008150                TIMER5_IRQHandler
                0x00008150                USART0_TX_IRQHandler
                0x00008150                USART5_RX_IRQHandler
                0x00008150                I2C0_IRQHandler
                0x00008150                HardFault_Handler
                0x00008150                LEUART1_IRQHandler
                0x00008150                SDIO_IRQHandler
                0x00008150                USART1_RX_IRQHandler
                0x00008150                NMI_Handler
                0x00008150                I2C1_IRQHandler
                0x00008150                CAN1_IRQHandler
                0x00008150                WTIMER0_IRQHandler
                0x00008150                WTIMER3_IRQHandler
                0x00008150                CRYPTO0_IRQHandler
                0x00008150                WDOG0_IRQHandler
                0x00008150                TIMER3_IRQHandler
                0x00008150                USART1_TX_IRQHandler
                0x00008150                USART4_RX_IRQHandler
                0x00008150                SMU_IRQHandler
                0x00008150                MSC_IRQHandler
                0x00008150                ADC0_IRQHandler
                0x00008150                UsageFault_Handler
                0x00008150                WDOG1_IRQHandler
                0x00008150                LEUART0_IRQHandler
                0x00008150                TIMER4_IRQHandler
                0x00008150                FPUEH_IRQHandler
                0x00008150                WTIMER1_IRQHandler
                0x00008150                GPIO_EVEN_IRQHandler
                0x00008150                UART0_TX_IRQHandler
                0x00008150                UART1_TX_IRQHandler
                0x00008150                VDAC0_IRQHandler
                0x00008150                LDMA_IRQHandler
                0x00008150                QSPI0_IRQHandler
                0x00008150                TIMER6_IRQHandler
                0x00008150                CSEN_IRQHandler
                0x00008150                ADC1_IRQHandler
                0x00008150                I2C2_IRQHandler
                0x00008150                RTC_IRQHandler
                0x00008150                TIMER0_IRQHandler
                0x00008150                LCD_IRQHandler
                0x00008150                PCNT2_IRQHandler
                0x00008150                UART0_RX_IRQHandler
                0x00008150                LETIMER0_IRQHandler
                0x00008150                WTIMER2_IRQHandler
                0x00008150                TIMER1_IRQHandler
                0x00008150                TRNG0_IRQHandler
                0x00008150                USART2_RX_IRQHandler
                0x00008150                Default_Handler
                0x00008150                EMU_IRQHandler
                0x00008150                CRYOTIMER_IRQHandler
                0x00008150                PCNT0_IRQHandler
                0x00008150                sl_app_properties
                0x00008150                USART4_TX_IRQHandler
                0x00008150                PCNT1_IRQHandler
                0x00008150                ACMP0_IRQHandler
                0x00008150                USART0_RX_IRQHandler
                0x00008150                USART5_TX_IRQHandler
                0x00008150                MemManage_Handler
                0x00008150                USART3_RX_IRQHandler
                0x00008150                RTCC_IRQHandler
                0x00008150                UART1_RX_IRQHandler
                0x00008150                ETH_IRQHandler
                0x00008150                CMU_IRQHandler
                0x00008150                EBI_IRQHandler
                0x00008150                CAN0_IRQHandler
                0x00008150                GPIO_ODD_IRQHandler
                0x00008150                LESENSE_IRQHandler
                0x00008150                USART3_TX_IRQHandler
                0x00008150                LETIMER1_IRQHandler
                0x00008150                ACMP2_IRQHandler
                0x00008150                BusFault_Handler
                0x00008150                USART2_TX_IRQHandler
                0x00008150                IDAC0_IRQHandler
 .text.SystemLFRCOClockGet
                0x00008152        0x6 ./gecko_sdk_4.4.3/platform/Device/SiliconLabs/EFM32GG11B/Source/system_efm32gg11b.o
                0x00008152                SystemLFRCOClockGet
 .text.SystemULFRCOClockGet
                0x00008158        0x6 ./gecko_sdk_4.4.3/platform/Device/SiliconLabs/EFM32GG11B/Source/system_efm32gg11b.o
                0x00008158                SystemULFRCOClockGet
 .text.assertEFM
                0x0000815e        0x2 ./gecko_sdk_4.4.3/platform/common/src/sl_assert.o
                0x0000815e                assertEFM
 .text.sl_strnlen
                0x00008160       0x16 ./gecko_sdk_4.4.3/platform/common/src/sl_string.o
                0x00008160                sl_strnlen
 .text.sl_strlen
                0x00008176        0x8 ./gecko_sdk_4.4.3/platform/common/src/sl_string.o
                0x00008176                sl_strlen
 .text._close   0x0000817e        0x6 ./gecko_sdk_4.4.3/platform/common/src/sl_syscalls.o
                0x0000817e                _close
 .text._exit    0x00008184        0x2 ./gecko_sdk_4.4.3/platform/common/src/sl_syscalls.o
                0x00008184                _exit
 .text._fstat   0x00008186        0x4 ./gecko_sdk_4.4.3/platform/common/src/sl_syscalls.o
                0x00008186                _fstat
 .text._getpid  0x0000818a        0x4 ./gecko_sdk_4.4.3/platform/common/src/sl_syscalls.o
                0x0000818a                _getpid
 .text._isatty  0x0000818e        0x4 ./gecko_sdk_4.4.3/platform/common/src/sl_syscalls.o
                0x0000818e                _isatty
 .text._kill    0x00008192        0x6 ./gecko_sdk_4.4.3/platform/common/src/sl_syscalls.o
                0x00008192                _kill
 .text._lseek   0x00008198        0x4 ./gecko_sdk_4.4.3/platform/common/src/sl_syscalls.o
                0x00008198                _lseek
 .text._read    0x0000819c        0x4 ./gecko_sdk_4.4.3/platform/common/src/sl_syscalls.o
                0x0000819c                _read
 .text._write   0x000081a0        0x4 ./gecko_sdk_4.4.3/platform/common/src/sl_syscalls.o
                0x000081a0                _write
 .text.flashWaitStateMax
                0x000081a4       0x22 ./gecko_sdk_4.4.3/platform/emlib/src/em_cmu.o
 .text.CMU_ClockDivGet
                0x000081c6        0xa ./gecko_sdk_4.4.3/platform/emlib/src/em_cmu.o
                0x000081c6                CMU_ClockDivGet
 .text.CORE_EnterAtomic
                0x000081d0        0xc ./gecko_sdk_4.4.3/platform/emlib/src/em_core.o
                0x000081d0                CORE_EnterAtomic
 .text.CORE_ExitAtomic
                0x000081dc        0x6 ./gecko_sdk_4.4.3/platform/emlib/src/em_core.o
                0x000081dc                CORE_ExitAtomic
 .text.sl_device_init_emu
                0x000081e2       0x1c ./gecko_sdk_4.4.3/platform/service/device_init/src/sl_device_init_emu_s1.o
                0x000081e2                sl_device_init_emu
 .text.sl_system_init
                0x000081fe       0x1a ./gecko_sdk_4.4.3/platform/service/system/src/sl_system_init.o
                0x000081fe                sl_system_init
 .text.sl_system_kernel_start
                0x00008218        0x4 ./gecko_sdk_4.4.3/platform/service/system/src/sl_system_kernel.o
                0x00008218                sl_system_kernel_start
 .text.usbd_cdc_class_request_handler
                0x0000821c       0x10 ./gecko_sdk_4.4.3/protocol/usb/src/sl_usbd_class_cdc.o
 .text.usbd_cdc_notification_complete_cb
                0x0000822c       0x14 ./gecko_sdk_4.4.3/protocol/usb/src/sl_usbd_class_cdc.o
 .text.usbd_cdc_get_comm_interface_descriptor_size
                0x00008240       0x20 ./gecko_sdk_4.4.3/protocol/usb/src/sl_usbd_class_cdc.o
 .text.usbd_cdc_disable
                0x00008260       0x20 ./gecko_sdk_4.4.3/protocol/usb/src/sl_usbd_class_cdc.o
 .text.usbd_cdc_enable
                0x00008280       0x20 ./gecko_sdk_4.4.3/protocol/usb/src/sl_usbd_class_cdc.o
 .text.usbd_cdc_comm_interface_descriptor_cb
                0x000082a0       0x6a ./gecko_sdk_4.4.3/protocol/usb/src/sl_usbd_class_cdc.o
 .text.usbd_cdc_acm_enable
                0x0000830a        0xe ./gecko_sdk_4.4.3/protocol/usb/src/sl_usbd_class_cdc_acm.o
 .text.usbd_cdc_acm_disable
                0x00008318        0xe ./gecko_sdk_4.4.3/protocol/usb/src/sl_usbd_class_cdc_acm.o
 .text.usbd_cdc_acm_get_mgmt_interface_descriptor_size
                0x00008326        0x4 ./gecko_sdk_4.4.3/protocol/usb/src/sl_usbd_class_cdc_acm.o
 .text.usbd_cdc_acm_notification_complete_cb
                0x0000832a       0x50 ./gecko_sdk_4.4.3/protocol/usb/src/sl_usbd_class_cdc_acm.o
 .text.usbd_cdc_acm_class_request_handler
                0x0000837a      0x204 ./gecko_sdk_4.4.3/protocol/usb/src/sl_usbd_class_cdc_acm.o
 .text.usbd_cdc_acm_mgmt_interface_descriptor_cb
                0x0000857e       0x48 ./gecko_sdk_4.4.3/protocol/usb/src/sl_usbd_class_cdc_acm.o
 .text.usbd_vendor_request_handler
                0x000085c6       0x1a ./gecko_sdk_4.4.3/protocol/usb/src/sl_usbd_class_vendor.o
 .text.usbd_vendor_get_microsoft_compat_id
                0x000085e0        0x8 ./gecko_sdk_4.4.3/protocol/usb/src/sl_usbd_class_vendor.o
 .text.usbd_vendor_disable
                0x000085e8       0x26 ./gecko_sdk_4.4.3/protocol/usb/src/sl_usbd_class_vendor.o
 .text.usbd_vendor_enable
                0x0000860e       0x26 ./gecko_sdk_4.4.3/protocol/usb/src/sl_usbd_class_vendor.o
 .text.usbd_core_get_configuration_structure
                0x00008634       0x1e ./gecko_sdk_4.4.3/protocol/usb/src/sl_usbd_core.o
 .text.usbd_core_get_interface_structure
                0x00008652       0x1c ./gecko_sdk_4.4.3/protocol/usb/src/sl_usbd_core.o
 .text.usbd_core_vendor_stdreq
                0x0000866e       0x44 ./gecko_sdk_4.4.3/protocol/usb/src/sl_usbd_core.o
 .text.usbd_core_get_alt_interface_structure
                0x000086b2       0x1c ./gecko_sdk_4.4.3/protocol/usb/src/sl_usbd_core.o
 .text.usbd_core_start_descriptor_write
                0x000086ce       0x1a ./gecko_sdk_4.4.3/protocol/usb/src/sl_usbd_core.o
 .text.usbd_core_close_alt_interface
                0x000086e8       0x48 ./gecko_sdk_4.4.3/protocol/usb/src/sl_usbd_core.o
 .text.usbd_core_unset_configuration
                0x00008730       0xa2 ./gecko_sdk_4.4.3/protocol/usb/src/sl_usbd_core.o
 .text.usbd_core_write_08b_to_descriptor_buf
                0x000087d2       0x1c ./gecko_sdk_4.4.3/protocol/usb/src/sl_usbd_core.o
 .text.usbd_core_set_event
                0x000087ee       0x16 ./gecko_sdk_4.4.3/protocol/usb/src/sl_usbd_core.o
 .text.usbd_core_open_alt_interface
                0x00008804       0x5e ./gecko_sdk_4.4.3/protocol/usb/src/sl_usbd_core.o
 .text.usbd_core_set_configuration
                0x00008862       0x84 ./gecko_sdk_4.4.3/protocol/usb/src/sl_usbd_core.o
 .text.usbd_core_get_string_index
                0x000088e6       0x28 ./gecko_sdk_4.4.3/protocol/usb/src/sl_usbd_core.o
 .text.usbd_core_write_16b_to_descriptor_buf
                0x0000890e       0x1a ./gecko_sdk_4.4.3/protocol/usb/src/sl_usbd_core.o
 .text.usbd_core_send_device_descriptor.constprop.0
                0x00008928       0xda ./gecko_sdk_4.4.3/protocol/usb/src/sl_usbd_core.o
 .text.usbd_core_allocate_endpoint.constprop.0.isra.0
                0x00008a02       0xf4 ./gecko_sdk_4.4.3/protocol/usb/src/sl_usbd_core.o
 .text.usbd_core_send_configuration_descriptor.constprop.0
                0x00008af6      0x35e ./gecko_sdk_4.4.3/protocol/usb/src/sl_usbd_core.o
 .text.usbd_core_microsoft_ext_property_stdreq
                0x00008e54       0xfe ./gecko_sdk_4.4.3/protocol/usb/src/sl_usbd_core.o
 .text.sl_usbd_core_add_interrupt_endpoint
                0x00008f52       0x3a ./gecko_sdk_4.4.3/protocol/usb/src/sl_usbd_core.o
                0x00008f52                sl_usbd_core_add_interrupt_endpoint
 .text.sli_usbd_core_connect_event
                0x00008f8c        0xc ./gecko_sdk_4.4.3/protocol/usb/src/sl_usbd_core.o
                0x00008f8c                sli_usbd_core_connect_event
 .text.sli_usbd_core_disconnect_event
                0x00008f98        0xc ./gecko_sdk_4.4.3/protocol/usb/src/sl_usbd_core.o
                0x00008f98                sli_usbd_core_disconnect_event
 .text.sli_usbd_core_reset_event
                0x00008fa4        0xc ./gecko_sdk_4.4.3/protocol/usb/src/sl_usbd_core.o
                0x00008fa4                sli_usbd_core_reset_event
 .text.sli_usbd_core_suspend_event
                0x00008fb0        0xc ./gecko_sdk_4.4.3/protocol/usb/src/sl_usbd_core.o
                0x00008fb0                sli_usbd_core_suspend_event
 .text.sli_usbd_core_resume_event
                0x00008fbc        0xc ./gecko_sdk_4.4.3/protocol/usb/src/sl_usbd_core.o
                0x00008fbc                sli_usbd_core_resume_event
 .text.sli_usbd_core_endpoint_event
                0x00008fc8       0x1c ./gecko_sdk_4.4.3/protocol/usb/src/sl_usbd_core.o
                0x00008fc8                sli_usbd_core_endpoint_event
 .text.usbd_core_queue_urb
                0x00008fe4       0x12 ./gecko_sdk_4.4.3/protocol/usb/src/sl_usbd_core_ep.o
 .text.usbd_core_dequeue_urb
                0x00008ff6       0x12 ./gecko_sdk_4.4.3/protocol/usb/src/sl_usbd_core_ep.o
 .text.usbd_core_complete_async_urb
                0x00009008       0x14 ./gecko_sdk_4.4.3/protocol/usb/src/sl_usbd_core_ep.o
 .text.usbd_core_abort_urb
                0x0000901c       0x5c ./gecko_sdk_4.4.3/protocol/usb/src/sl_usbd_core_ep.o
 .text.usbd_core_endpoint_process_async_tx
                0x00009078       0x4c ./gecko_sdk_4.4.3/protocol/usb/src/sl_usbd_core_ep.o
 .text.usbd_core_endpoint_write
                0x000090c4      0x1b2 ./gecko_sdk_4.4.3/protocol/usb/src/sl_usbd_core_ep.o
 .text.usbd_core_end_async_urb
                0x00009276       0x36 ./gecko_sdk_4.4.3/protocol/usb/src/sl_usbd_core_ep.o
 .text.usbd_core_endpoint_process_async_rx
                0x000092ac       0x30 ./gecko_sdk_4.4.3/protocol/usb/src/sl_usbd_core_ep.o
 .text.usbd_core_endpoint_read
                0x000092dc      0x134 ./gecko_sdk_4.4.3/protocol/usb/src/sl_usbd_core_ep.o
 .text.sli_usbd_core_open_control_endpoint
                0x00009410       0x2c ./gecko_sdk_4.4.3/protocol/usb/src/sl_usbd_core_ep.o
                0x00009410                sli_usbd_core_open_control_endpoint
 .text.sli_usbd_core_close_control_endpoint
                0x0000943c       0x18 ./gecko_sdk_4.4.3/protocol/usb/src/sl_usbd_core_ep.o
                0x0000943c                sli_usbd_core_close_control_endpoint
 .text.sli_usbd_core_get_control_tx_status
                0x00009454       0x28 ./gecko_sdk_4.4.3/protocol/usb/src/sl_usbd_core_ep.o
                0x00009454                sli_usbd_core_get_control_tx_status
 .text.sli_usbd_core_get_control_rx_status
                0x0000947c       0x2c ./gecko_sdk_4.4.3/protocol/usb/src/sl_usbd_core_ep.o
                0x0000947c                sli_usbd_core_get_control_rx_status
 .text.usbd_core_os_task_main
                0x000094a8        0x8 ./gecko_sdk_4.4.3/protocol/usb/src/sl_usbd_core_os.o
 .text.sli_usbd_core_os_post_endpoint_signal
                0x000094b0        0x4 ./gecko_sdk_4.4.3/protocol/usb/src/sl_usbd_core_os.o
                0x000094b0                sli_usbd_core_os_post_endpoint_signal
 .text.sli_usbd_driver_get_speed
                0x000094b4        0xe ./gecko_sdk_4.4.3/protocol/usb/src/sl_usbd_driver_dwc_otg_fs.o
                0x000094b4                sli_usbd_driver_get_speed
 .text.sli_usbd_driver_endpoint_rx_zlp
                0x000094c2        0x4 ./gecko_sdk_4.4.3/protocol/usb/src/sl_usbd_driver_dwc_otg_fs.o
                0x000094c2                sli_usbd_driver_endpoint_rx_zlp
 .text.sli_usbd_driver_endpoint_tx_zlp
                0x000094c6        0x8 ./gecko_sdk_4.4.3/protocol/usb/src/sl_usbd_driver_dwc_otg_fs.o
                0x000094c6                sli_usbd_driver_endpoint_tx_zlp
 .text.SysTick_Handler
                0x000094ce       0x1a ./gecko_sdk_4.4.3/util/third_party/freertos/cmsis/Source/cmsis_os2.o
                0x000094ce                SysTick_Handler
 .text.osKernelGetTickFreq
                0x000094e8        0x6 ./gecko_sdk_4.4.3/util/third_party/freertos/cmsis/Source/cmsis_os2.o
                0x000094e8                osKernelGetTickFreq
 .text.vListInitialise
                0x000094ee       0x16 ./gecko_sdk_4.4.3/util/third_party/freertos/kernel/list.o
                0x000094ee                vListInitialise
 .text.vListInitialiseItem
                0x00009504        0x6 ./gecko_sdk_4.4.3/util/third_party/freertos/kernel/list.o
                0x00009504                vListInitialiseItem
 .text.vListInsertEnd
                0x0000950a       0x16 ./gecko_sdk_4.4.3/util/third_party/freertos/kernel/list.o
                0x0000950a                vListInsertEnd
 .text.vListInsert
                0x00009520       0x2e ./gecko_sdk_4.4.3/util/third_party/freertos/kernel/list.o
                0x00009520                vListInsert
 .text.uxListRemove
                0x0000954e       0x20 ./gecko_sdk_4.4.3/util/third_party/freertos/kernel/list.o
                0x0000954e                uxListRemove
 .text.prvIsQueueEmpty
                0x0000956e       0x16 ./gecko_sdk_4.4.3/util/third_party/freertos/kernel/queue.o
 .text.prvCopyDataToQueue
                0x00009584       0x66 ./gecko_sdk_4.4.3/util/third_party/freertos/kernel/queue.o
 .text.prvCopyDataFromQueue
                0x000095ea       0x2c ./gecko_sdk_4.4.3/util/third_party/freertos/kernel/queue.o
 .text.prvUnlockQueue
                0x00009616       0x70 ./gecko_sdk_4.4.3/util/third_party/freertos/kernel/queue.o
 .text.xQueueCreateMutexStatic
                0x00009686       0x2a ./gecko_sdk_4.4.3/util/third_party/freertos/kernel/queue.o
                0x00009686                xQueueCreateMutexStatic
 .text.xQueueCreateMutex
                0x000096b0       0x24 ./gecko_sdk_4.4.3/util/third_party/freertos/kernel/queue.o
                0x000096b0                xQueueCreateMutex
 .text.vQueueWaitForMessageRestricted
                0x000096d4       0x46 ./gecko_sdk_4.4.3/util/third_party/freertos/kernel/queue.o
                0x000096d4                vQueueWaitForMessageRestricted
 .text.prvInitialiseNewTask.constprop.0
                0x0000971a       0x96 ./gecko_sdk_4.4.3/util/third_party/freertos/kernel/tasks.o
 .text.xTaskCreate
                0x000097b0       0x5c ./gecko_sdk_4.4.3/util/third_party/freertos/kernel/tasks.o
                0x000097b0                xTaskCreate
 .text.xPortSysTickHandler
                0x0000980c       0x2c ./gecko_sdk_4.4.3/util/third_party/freertos/kernel/portable/GCC/ARM_CM4F/port.o
                0x0000980c                xPortSysTickHandler
 .text._fwalk_sglue
                0x00009838       0x3c e:/siliconlabs/simplicitystudio/v5/developer/toolchains/gnu_arm/12.2.rel1_2023.7/bin/../lib/gcc/arm-none-eabi/12.2.1/thumb/v7e-m+fp/softfp\libc_nano.a(libc_a-fwalk.o)
                0x00009838                _fwalk_sglue
 .text.__sread  0x00009874       0x22 e:/siliconlabs/simplicitystudio/v5/developer/toolchains/gnu_arm/12.2.rel1_2023.7/bin/../lib/gcc/arm-none-eabi/12.2.1/thumb/v7e-m+fp/softfp\libc_nano.a(libc_a-stdio.o)
                0x00009874                __sread
 .text.__swrite
                0x00009896       0x38 e:/siliconlabs/simplicitystudio/v5/developer/toolchains/gnu_arm/12.2.rel1_2023.7/bin/../lib/gcc/arm-none-eabi/12.2.1/thumb/v7e-m+fp/softfp\libc_nano.a(libc_a-stdio.o)
                0x00009896                __swrite
 .text.__sseek  0x000098ce       0x24 e:/siliconlabs/simplicitystudio/v5/developer/toolchains/gnu_arm/12.2.rel1_2023.7/bin/../lib/gcc/arm-none-eabi/12.2.1/thumb/v7e-m+fp/softfp\libc_nano.a(libc_a-stdio.o)
                0x000098ce                __sseek
 .text.__sclose
                0x000098f2        0x8 e:/siliconlabs/simplicitystudio/v5/developer/toolchains/gnu_arm/12.2.rel1_2023.7/bin/../lib/gcc/arm-none-eabi/12.2.1/thumb/v7e-m+fp/softfp\libc_nano.a(libc_a-stdio.o)
                0x000098f2                __sclose
 .text.memset   0x000098fa       0x10 e:/siliconlabs/simplicitystudio/v5/developer/toolchains/gnu_arm/12.2.rel1_2023.7/bin/../lib/gcc/arm-none-eabi/12.2.1/thumb/v7e-m+fp/softfp\libc_nano.a(libc_a-memset.o)
                0x000098fa                memset
 .text.__strtok_r
                0x0000990a       0x50 e:/siliconlabs/simplicitystudio/v5/developer/toolchains/gnu_arm/12.2.rel1_2023.7/bin/../lib/gcc/arm-none-eabi/12.2.1/thumb/v7e-m+fp/softfp\libc_nano.a(libc_a-strtok_r.o)
                0x0000990a                __strtok_r
 .text.__retarget_lock_init_recursive
                0x0000995a        0x2 e:/siliconlabs/simplicitystudio/v5/developer/toolchains/gnu_arm/12.2.rel1_2023.7/bin/../lib/gcc/arm-none-eabi/12.2.1/thumb/v7e-m+fp/softfp\libc_nano.a(libc_a-lock.o)
                0x0000995a                __retarget_lock_init_recursive
 .text.__retarget_lock_acquire_recursive
                0x0000995c        0x2 e:/siliconlabs/simplicitystudio/v5/developer/toolchains/gnu_arm/12.2.rel1_2023.7/bin/../lib/gcc/arm-none-eabi/12.2.1/thumb/v7e-m+fp/softfp\libc_nano.a(libc_a-lock.o)
                0x0000995c                __retarget_lock_acquire_recursive
 .text.__retarget_lock_release_recursive
                0x0000995e        0x2 e:/siliconlabs/simplicitystudio/v5/developer/toolchains/gnu_arm/12.2.rel1_2023.7/bin/../lib/gcc/arm-none-eabi/12.2.1/thumb/v7e-m+fp/softfp\libc_nano.a(libc_a-lock.o)
                0x0000995e                __retarget_lock_release_recursive
 .text          0x00009960       0x14 e:/siliconlabs/simplicitystudio/v5/developer/toolchains/gnu_arm/12.2.rel1_2023.7/bin/../lib/gcc/arm-none-eabi/12.2.1/thumb/v7e-m+fp/softfp\libc_nano.a(libc_a-strcmp.o)
                0x00009960                strcmp
 .text.memcpy   0x00009974       0x1c e:/siliconlabs/simplicitystudio/v5/developer/toolchains/gnu_arm/12.2.rel1_2023.7/bin/../lib/gcc/arm-none-eabi/12.2.1/thumb/v7e-m+fp/softfp\libc_nano.a(libc_a-memcpy-stub.o)
                0x00009974                memcpy
 .text.__sflush_r
                0x00009990      0x108 e:/siliconlabs/simplicitystudio/v5/developer/toolchains/gnu_arm/12.2.rel1_2023.7/bin/../lib/gcc/arm-none-eabi/12.2.1/thumb/v7e-m+fp/softfp\libc_nano.a(libc_a-fflush.o)
                0x00009990                __sflush_r
 .text._fflush_r
                0x00009a98       0x50 e:/siliconlabs/simplicitystudio/v5/developer/toolchains/gnu_arm/12.2.rel1_2023.7/bin/../lib/gcc/arm-none-eabi/12.2.1/thumb/v7e-m+fp/softfp\libc_nano.a(libc_a-fflush.o)
                0x00009a98                _fflush_r
 .text.abort    0x00009ae8        0xe e:/siliconlabs/simplicitystudio/v5/developer/toolchains/gnu_arm/12.2.rel1_2023.7/bin/../lib/gcc/arm-none-eabi/12.2.1/thumb/v7e-m+fp/softfp\libc_nano.a(libc_a-abort.o)
                0x00009ae8                abort
 .text.__sfputc_r
                0x00009af6       0x2e e:/siliconlabs/simplicitystudio/v5/developer/toolchains/gnu_arm/12.2.rel1_2023.7/bin/../lib/gcc/arm-none-eabi/12.2.1/thumb/v7e-m+fp/softfp\libc_nano.a(libc_a-nano-vfprintf.o)
 .text.__sfputs_r
                0x00009b24       0x24 e:/siliconlabs/simplicitystudio/v5/developer/toolchains/gnu_arm/12.2.rel1_2023.7/bin/../lib/gcc/arm-none-eabi/12.2.1/thumb/v7e-m+fp/softfp\libc_nano.a(libc_a-nano-vfprintf.o)
                0x00009b24                __sfputs_r
 .text._printf_common
                0x00009b48       0xda e:/siliconlabs/simplicitystudio/v5/developer/toolchains/gnu_arm/12.2.rel1_2023.7/bin/../lib/gcc/arm-none-eabi/12.2.1/thumb/v7e-m+fp/softfp\libc_nano.a(libc_a-nano-vfprintf_i.o)
                0x00009b48                _printf_common
 .text.__swbuf_r
                0x00009c22       0x7c e:/siliconlabs/simplicitystudio/v5/developer/toolchains/gnu_arm/12.2.rel1_2023.7/bin/../lib/gcc/arm-none-eabi/12.2.1/thumb/v7e-m+fp/softfp\libc_nano.a(libc_a-wbuf.o)
                0x00009c22                __swbuf_r
 .text._raise_r
                0x00009c9e       0x50 e:/siliconlabs/simplicitystudio/v5/developer/toolchains/gnu_arm/12.2.rel1_2023.7/bin/../lib/gcc/arm-none-eabi/12.2.1/thumb/v7e-m+fp/softfp\libc_nano.a(libc_a-signal.o)
                0x00009c9e                _raise_r
 .text._getpid_r
                0x00009cee        0x4 e:/siliconlabs/simplicitystudio/v5/developer/toolchains/gnu_arm/12.2.rel1_2023.7/bin/../lib/gcc/arm-none-eabi/12.2.1/thumb/v7e-m+fp/softfp\libc_nano.a(libc_a-signalr.o)
                0x00009cee                _getpid_r
 .text.__swhatbuf_r
                0x00009cf2       0x4c e:/siliconlabs/simplicitystudio/v5/developer/toolchains/gnu_arm/12.2.rel1_2023.7/bin/../lib/gcc/arm-none-eabi/12.2.1/thumb/v7e-m+fp/softfp\libc_nano.a(libc_a-makebuf.o)
                0x00009cf2                __swhatbuf_r
 .text.__smakebuf_r
                0x00009d3e       0x78 e:/siliconlabs/simplicitystudio/v5/developer/toolchains/gnu_arm/12.2.rel1_2023.7/bin/../lib/gcc/arm-none-eabi/12.2.1/thumb/v7e-m+fp/softfp\libc_nano.a(libc_a-makebuf.o)
                0x00009d3e                __smakebuf_r
                0x00009dc0                . = ALIGN (0x20)
 *fill*         0x00009db6        0xa 
                0x00009dc0                linker_code_end = .
 *(.init)
 .init          0x00009dc0        0x4 e:/siliconlabs/simplicitystudio/v5/developer/toolchains/gnu_arm/12.2.rel1_2023.7/bin/../lib/gcc/arm-none-eabi/12.2.1/thumb/v7e-m+fp/softfp/crti.o
                0x00009dc0                _init
 .init          0x00009dc4        0x8 e:/siliconlabs/simplicitystudio/v5/developer/toolchains/gnu_arm/12.2.rel1_2023.7/bin/../lib/gcc/arm-none-eabi/12.2.1/thumb/v7e-m+fp/softfp/crtn.o
 *(.fini)
 .fini          0x00009dcc        0x4 e:/siliconlabs/simplicitystudio/v5/developer/toolchains/gnu_arm/12.2.rel1_2023.7/bin/../lib/gcc/arm-none-eabi/12.2.1/thumb/v7e-m+fp/softfp/crti.o
                0x00009dcc                _fini
 .fini          0x00009dd0        0x8 e:/siliconlabs/simplicitystudio/v5/developer/toolchains/gnu_arm/12.2.rel1_2023.7/bin/../lib/gcc/arm-none-eabi/12.2.1/thumb/v7e-m+fp/softfp/crtn.o
 *crtbegin.o(.ctors)
 *crtbegin?.o(.ctors)
 *(EXCLUDE_FILE(*crtend.o *crtend?.o) .ctors)
 *(SORT_BY_NAME(.ctors.*))
 *(.ctors)
 *crtbegin.o(.dtors)
 *crtbegin?.o(.dtors)
 *(EXCLUDE_FILE(*crtend.o *crtend?.o) .dtors)
 *(SORT_BY_NAME(.dtors.*))
 *(.dtors)
                0x00009dd8                __code_classification_validator_start__ = .
                0x00009df8                . = (. + 0x20)
 *fill*         0x00009dd8       0x20 
 *(code_classification_validator)
                0x00009e00                . = ALIGN (0x20)
 *fill*         0x00009df8        0x8 
                0x00009e00                __code_classification_validator_end__ = .
 *(.rodata*)
 .rodata.sli_usbd_cdc_acm_acm0_init.str1.1
                0x00009e00        0xf ./autogen/sl_usbd_class_cdc_acm_instances.o
 *fill*         0x00009e0f        0x1 
 .rodata.sli_usbd_cdc_acm_acm0_callbacks
                0x00009e10       0x10 ./autogen/sl_usbd_class_cdc_acm_instances.o
                0x00009e10                sli_usbd_cdc_acm_acm0_callbacks
 .rodata.sli_usbd_vendor_winusb_init.str4.4
                0x00009e20       0xec ./autogen/sl_usbd_class_vendor_instances.o
 .rodata.sli_usbd_vendor_winusb_init.str1.1
                0x00009f0c       0x3c ./autogen/sl_usbd_class_vendor_instances.o
                                 0x4b (size before relaxing)
 .rodata.sli_usbd_vendor_winusb_callbacks
                0x00009f48        0xc ./autogen/sl_usbd_class_vendor_instances.o
                0x00009f48                sli_usbd_vendor_winusb_callbacks
 .rodata.sli_usbd_configuration_config0_init.str1.1
                0x00009f54       0x13 ./autogen/sl_usbd_configuration_instances.o
 *fill*         0x00009f67        0x1 
 .rodata.CSWTCH.3
                0x00009f68       0x20 ./gecko_sdk_4.4.3/platform/Device/SiliconLabs/EFM32GG11B/Source/system_efm32gg11b.o
 .rodata.flashWaitStateControl.str1.1
                0x00009f88       0x2f ./gecko_sdk_4.4.3/platform/emlib/src/em_cmu.o
 .rodata.CMU_PrescToLog2.str1.1
                0x00009fb7       0xbe ./gecko_sdk_4.4.3/platform/emlib/src/em_cmu.o
 *fill*         0x0000a075        0x1 
 .rodata.CSWTCH.93
                0x0000a076        0xc ./gecko_sdk_4.4.3/platform/emlib/src/em_cmu.o
 .rodata.CSWTCH.92
                0x0000a082        0xc ./gecko_sdk_4.4.3/platform/emlib/src/em_cmu.o
 .rodata.CSWTCH.91
                0x0000a08e        0x6 ./gecko_sdk_4.4.3/platform/emlib/src/em_cmu.o
 .rodata.CSWTCH.90
                0x0000a094        0x6 ./gecko_sdk_4.4.3/platform/emlib/src/em_cmu.o
 *fill*         0x0000a09a        0x2 
 .rodata.flashWsTable
                0x0000a09c       0x38 ./gecko_sdk_4.4.3/platform/emlib/src/em_cmu.o
 .rodata.vmonCalibratedThreshold.str1.1
                0x0000a0d4       0x2f ./gecko_sdk_4.4.3/platform/emlib/src/em_emu.o
 *fill*         0x0000a103        0x1 
 .rodata        0x0000a104       0x10 ./gecko_sdk_4.4.3/platform/service/device_init/src/sl_device_init_dcdc_s1.o
 .rodata        0x0000a114        0xc ./gecko_sdk_4.4.3/platform/service/device_init/src/sl_device_init_hfxo_s1.o
 .rodata        0x0000a120        0x4 ./gecko_sdk_4.4.3/platform/service/device_init/src/sl_device_init_lfxo_s1.o
 .rodata.sl_udelay_wait.str1.1
                0x0000a124       0x3b ./gecko_sdk_4.4.3/platform/service/udelay/src/sl_udelay.o
 .rodata.sl_usbd_cdc_add_to_configuration.str1.1
                0x0000a15f       0x31 ./gecko_sdk_4.4.3/protocol/usb/src/sl_usbd_class_cdc.o
 .rodata.usbd_cdc_data_driver
                0x0000a190       0x34 ./gecko_sdk_4.4.3/protocol/usb/src/sl_usbd_class_cdc.o
 .rodata.usbd_cdc_comm_driver
                0x0000a1c4       0x34 ./gecko_sdk_4.4.3/protocol/usb/src/sl_usbd_class_cdc.o
 .rodata.usbd_cdc_acm_driver
                0x0000a1f8       0x18 ./gecko_sdk_4.4.3/protocol/usb/src/sl_usbd_class_cdc_acm.o
 .rodata.usbd_vendor_driver
                0x0000a210       0x34 ./gecko_sdk_4.4.3/protocol/usb/src/sl_usbd_class_vendor.o
 .rodata.sl_usbd_core_init.str1.1
                0x0000a244       0x26 ./gecko_sdk_4.4.3/protocol/usb/src/sl_usbd_core.o
 .rodata.usbd_microsoft_subcompat_id
                0x0000a26a       0x20 ./gecko_sdk_4.4.3/protocol/usb/src/sl_usbd_core.o
 .rodata.usbd_microsoft_compat_id
                0x0000a28a       0x38 ./gecko_sdk_4.4.3/protocol/usb/src/sl_usbd_core.o
 .rodata.usbd_microsoft_signature_str
                0x0000a2c2        0x8 ./gecko_sdk_4.4.3/protocol/usb/src/sl_usbd_core.o
 .rodata.sli_usbd_core_os_create_endpoint_signal.str1.1
                0x0000a2ca        0xf ./gecko_sdk_4.4.3/protocol/usb/src/sl_usbd_core_os.o
 .rodata.sli_usbd_core_os_create_endpoint_lock.str1.1
                0x0000a2d9        0xb ./gecko_sdk_4.4.3/protocol/usb/src/sl_usbd_core_os.o
 .rodata.str1.1
                0x0000a2e4       0x17 ./gecko_sdk_4.4.3/protocol/usb/src/sl_usbd_core_os.o
 *fill*         0x0000a2fb        0x1 
 .rodata.message_queue_attr
                0x0000a2fc       0x18 ./gecko_sdk_4.4.3/protocol/usb/src/sl_usbd_core_os.o
 .rodata.task_attr
                0x0000a314       0x24 ./gecko_sdk_4.4.3/protocol/usb/src/sl_usbd_core_os.o
 .rodata.usbd_endpoint_info_table
                0x0000a338       0x34 ./gecko_sdk_4.4.3/protocol/usb/src/sl_usbd_driver_dwc_otg_fs.o
 .rodata.vApplicationStackOverflowHook.str1.1
                0x0000a36c       0x46 ./gecko_sdk_4.4.3/util/third_party/freertos/cmsis/Source/cmsis_os2.o
 .rodata.xQueueGenericReset.str1.1
                0x0000a3b2       0x3c ./gecko_sdk_4.4.3/util/third_party/freertos/kernel/queue.o
 .rodata.prvTaskIsTaskSuspended.str1.1
                0x0000a3ee       0x3c ./gecko_sdk_4.4.3/util/third_party/freertos/kernel/tasks.o
 .rodata.vTaskStartScheduler.str1.1
                0x0000a42a        0x5 ./gecko_sdk_4.4.3/util/third_party/freertos/kernel/tasks.o
 .rodata.prvCheckForValidListAndQueue.str1.1
                0x0000a42f        0x5 ./gecko_sdk_4.4.3/util/third_party/freertos/kernel/timers.o
 .rodata.xTimerCreateTimerTask.str1.1
                0x0000a434       0x45 ./gecko_sdk_4.4.3/util/third_party/freertos/kernel/timers.o
 .rodata.prvTaskExitError.str1.1
                0x0000a479       0x51 ./gecko_sdk_4.4.3/util/third_party/freertos/kernel/portable/GCC/ARM_CM4F/port.o
 .rodata.pvPortMalloc.str1.1
                0x0000a4ca       0x4e ./gecko_sdk_4.4.3/util/third_party/freertos/kernel/portable/MemMang/heap_4.o
 .rodata.strtok.str1.1
                0x0000a518       0x72 e:/siliconlabs/simplicitystudio/v5/developer/toolchains/gnu_arm/12.2.rel1_2023.7/bin/../lib/gcc/arm-none-eabi/12.2.1/thumb/v7e-m+fp/softfp\libc_nano.a(libc_a-strtok.o)
 .rodata.__assert_func.str1.1
                0x0000a58a       0x3c e:/siliconlabs/simplicitystudio/v5/developer/toolchains/gnu_arm/12.2.rel1_2023.7/bin/../lib/gcc/arm-none-eabi/12.2.1/thumb/v7e-m+fp/softfp\libc_nano.a(libc_a-assert.o)
                                 0x3d (size before relaxing)
 .rodata._vfprintf_r.str1.1
                0x0000a5c6       0x11 e:/siliconlabs/simplicitystudio/v5/developer/toolchains/gnu_arm/12.2.rel1_2023.7/bin/../lib/gcc/arm-none-eabi/12.2.1/thumb/v7e-m+fp/softfp\libc_nano.a(libc_a-nano-vfprintf.o)
 .rodata._printf_i.str1.1
                0x0000a5d7       0x22 e:/siliconlabs/simplicitystudio/v5/developer/toolchains/gnu_arm/12.2.rel1_2023.7/bin/../lib/gcc/arm-none-eabi/12.2.1/thumb/v7e-m+fp/softfp\libc_nano.a(libc_a-nano-vfprintf_i.o)
 *(.eh_frame*)
 *fill*         0x0000a5f9        0x3 
 .eh_frame      0x0000a5fc        0x0 e:/siliconlabs/simplicitystudio/v5/developer/toolchains/gnu_arm/12.2.rel1_2023.7/bin/../lib/gcc/arm-none-eabi/12.2.1/thumb/v7e-m+fp/softfp/crtbegin.o

.glue_7         0x0000a5fc        0x0
 .glue_7        0x0000a5fc        0x0 linker stubs

.glue_7t        0x0000a5fc        0x0
 .glue_7t       0x0000a5fc        0x0 linker stubs

.vfp11_veneer   0x0000a5fc        0x0
 .vfp11_veneer  0x0000a5fc        0x0 linker stubs

.v4_bx          0x0000a5fc        0x0
 .v4_bx         0x0000a5fc        0x0 linker stubs

.iplt           0x0000a5fc        0x0
 .iplt          0x0000a5fc        0x0 e:/siliconlabs/simplicitystudio/v5/developer/toolchains/gnu_arm/12.2.rel1_2023.7/bin/../lib/gcc/arm-none-eabi/12.2.1/thumb/v7e-m+fp/softfp/crtbegin.o

.ARM.extab
 *(.ARM.extab* .gnu.linkonce.armextab.*)
                0x0000a5fc                __exidx_start = .

.ARM.exidx      0x0000a5fc        0x8
 *(.ARM.exidx* .gnu.linkonce.armexidx.*)
 .ARM.exidx     0x0000a5fc        0x8 e:/siliconlabs/simplicitystudio/v5/developer/toolchains/gnu_arm/12.2.rel1_2023.7/bin/../lib/gcc/arm-none-eabi/12.2.1/thumb/v7e-m+fp/softfp/crt0.o
                                 0x10 (size before relaxing)
                0x0000a604                __exidx_end = .

.rel.dyn        0x0000a604        0x0
 .rel.iplt      0x0000a604        0x0 e:/siliconlabs/simplicitystudio/v5/developer/toolchains/gnu_arm/12.2.rel1_2023.7/bin/../lib/gcc/arm-none-eabi/12.2.1/thumb/v7e-m+fp/softfp/crtbegin.o

.copy.table     0x0000a604        0xc
                0x0000a604                . = ALIGN (0x4)
                0x0000a604                __copy_table_start__ = .
                0x0000a604        0x4 LONG 0xa610 __etext
                0x0000a608        0x4 LONG 0x20001000 __data_start__
                0x0000a60c        0x4 LONG 0x23 ((__data_end__ - __data_start__) / 0x4)
                0x0000a610                __copy_table_end__ = .

.zero.table     0x0000a610        0x0
                0x0000a610                . = ALIGN (0x4)
                0x0000a610                __zero_table_start__ = .
                0x0000a610                __zero_table_end__ = .
                0x0000a610                __etext = .
                0x20000000                . = ORIGIN (RAM)

.stack          0x20000000     0x1000
                0x20000000                __StackLimit = .
 *(.stack*)
 .stack         0x20000000     0x1000 ./gecko_sdk_4.4.3/platform/common/toolchain/src/sl_memory.o
                0x20001000                . = ALIGN (0x4)
                0x20001000                __StackTop = .
                0x20001000                PROVIDE (__stack = __StackTop)

.noinit
 *(.noinit*)

.data           0x20001000       0x8c load address 0x0000a610
                0x20001000                . = ALIGN (0x4)
                0x20001000                __data_start__ = .
 *(vtable)
 *(SORT_BY_ALIGNMENT(.data*))
 .data.SystemHfrcoFreq
                0x20001000        0x4 ./gecko_sdk_4.4.3/platform/Device/SiliconLabs/EFM32GG11B/Source/system_efm32gg11b.o
                0x20001000                SystemHfrcoFreq